Component: ARM Compiler 5.05 update 1 (build 106) Tool: armlink [4d0efa]

==============================================================================

Section Cross References

    main.o(i.main) refers to sysconfig.o(i.RCC_Configuration) for RCC_Configuration
    main.o(i.main) refers to led.o(i.GPIO_Init1) for GPIO_Init1
    main.o(i.main) refers to timeread.o(i.HYM8653_Init) for HYM8653_Init
    main.o(i.main) refers to led.o(i.indate) for indate
    main.o(i.main) refers to led.o(i.display) for display
    main.o(i.main) refers to stm32f10x_usart.o(i.USART_SendData) for USART_SendData
    main.o(i.main) refers to timeread.o(i.HYM8563_Read_time) for HYM8563_Read_time
    main.o(i.main) refers to led.o(i.LED_Disp) for LED_Disp
    main.o(i.main) refers to led.o(i.Key_Control) for Key_Control
    main.o(i.main) refers to led.o(i.LED_Set_Disp) for LED_Set_Disp
    main.o(i.main) refers to main.o(.data) for Disp_Model_Flag
    startup_stm32f10x_hd.o(RESET) refers to startup_stm32f10x_hd.o(STACK) for __initial_sp
    startup_stm32f10x_hd.o(RESET) refers to startup_stm32f10x_hd.o(.text) for Reset_Handler
    startup_stm32f10x_hd.o(RESET) refers to sysconfig.o(i.EXTI0_IRQHandler) for EXTI0_IRQHandler
    startup_stm32f10x_hd.o(RESET) refers to sysconfig.o(i.TIM2_IRQHandler) for TIM2_IRQHandler
    startup_stm32f10x_hd.o(RESET) refers to uart.o(i.USART1_IRQHandler) for USART1_IRQHandler
    startup_stm32f10x_hd.o(.text) refers to system_stm32f10x.o(i.SystemInit) for SystemInit
    startup_stm32f10x_hd.o(.text) refers to entry.o(.ARM.Collect$$$$00000000) for __main
    system_stm32f10x.o(i.SetSysClock) refers to system_stm32f10x.o(i.SetSysClockTo72) for SetSysClockTo72
    system_stm32f10x.o(i.SystemCoreClockUpdate) refers to system_stm32f10x.o(.data) for SystemCoreClock
    system_stm32f10x.o(i.SystemInit) refers to system_stm32f10x.o(i.SetSysClock) for SetSysClock
    led.o(i.GPIO_Init1) refers to stm32f10x_gpio_1.o(i.GPIO_Init) for GPIO_Init
    led.o(i.Key_Control) refers to led.o(i.LED_Set_Disp) for LED_Set_Disp
    led.o(i.Key_Control) refers to led.o(i.delay) for delay
    led.o(i.Key_Control) refers to led.o(i.AddKey1) for AddKey1
    led.o(i.Key_Control) refers to led.o(i.ReduKey1) for ReduKey1
    led.o(i.Key_Control) refers to led.o(i.AddKey2) for AddKey2
    led.o(i.Key_Control) refers to led.o(i.ReduKey2) for ReduKey2
    led.o(i.Key_Control) refers to timeread.o(.data) for Power_Disp
    led.o(i.Key_Control) refers to led.o(.data) for K2
    led.o(i.Key_Control) refers to timeread.o(.bss) for data
    led.o(i.LED_Disp) refers to led.o(i.display2) for display2
    led.o(i.LED_Disp) refers to timeread.o(.bss) for data
    led.o(i.LED_Disp) refers to timeread.o(.data) for Watt3_Disp
    led.o(i.LED_Init) refers to timeread.o(.data) for Time1_Disp
    led.o(i.LED_Set_Disp) refers to led.o(i.display2) for display2
    led.o(i.LED_Set_Disp) refers to timeread.o(.bss) for data
    led.o(i.LED_Set_Disp) refers to timeread.o(.data) for Watt3_Disp
    led.o(i.LED_Set_Disp) refers to led.o(.data) for Hour2_Set
    led.o(i.display) refers to led.o(i.indate) for indate
    led.o(i.display2) refers to led.o(i.indate) for indate
    timeread.o(i.HYM8563_Read_time) refers to timeread.o(i.IIC_Start) for IIC_Start
    timeread.o(i.HYM8563_Read_time) refers to timeread.o(i.IIC_Send_Byte) for IIC_Send_Byte
    timeread.o(i.HYM8563_Read_time) refers to timeread.o(i.IIC_Wait_Ack) for IIC_Wait_Ack
    timeread.o(i.HYM8563_Read_time) refers to timeread.o(i.IIC_Read_Byte) for IIC_Read_Byte
    timeread.o(i.HYM8563_Read_time) refers to timeread.o(i.IIC_Stop) for IIC_Stop
    timeread.o(i.HYM8563_Read_time) refers to timeread.o(.data) for Seconds
    timeread.o(i.HYM8563_Write_OneByte) refers to timeread.o(i.IIC_Start) for IIC_Start
    timeread.o(i.HYM8563_Write_OneByte) refers to timeread.o(i.IIC_Send_Byte) for IIC_Send_Byte
    timeread.o(i.HYM8563_Write_OneByte) refers to timeread.o(i.IIC_Wait_Ack) for IIC_Wait_Ack
    timeread.o(i.HYM8563_Write_OneByte) refers to timeread.o(i.IIC_Stop) for IIC_Stop
    timeread.o(i.HYM8563_Write_time) refers to timeread.o(i.Hextobcd) for Hextobcd
    timeread.o(i.HYM8563_Write_time) refers to timeread.o(i.IIC_Start) for IIC_Start
    timeread.o(i.HYM8563_Write_time) refers to timeread.o(i.IIC_Send_Byte) for IIC_Send_Byte
    timeread.o(i.HYM8563_Write_time) refers to timeread.o(i.IIC_Wait_Ack) for IIC_Wait_Ack
    timeread.o(i.HYM8563_Write_time) refers to timeread.o(i.IIC_Stop) for IIC_Stop
    timeread.o(i.HYM8563_Write_time) refers to timeread.o(.data) for Seconds
    timeread.o(i.HYM8653_Init) refers to timeread.o(i.SDA_OUT) for SDA_OUT
    timeread.o(i.HYM8653_Init) refers to timeread.o(i.SCL_OUT) for SCL_OUT
    timeread.o(i.HYM8653_Init) refers to timeread.o(i.SDA_DATA_OUT) for SDA_DATA_OUT
    timeread.o(i.HYM8653_Init) refers to timeread.o(i.SCL_DATA_OUT) for SCL_DATA_OUT
    timeread.o(i.HYM8653_Init) refers to timeread.o(i.HYM8563_Write_OneByte) for HYM8563_Write_OneByte
[...]
    timeread.o(i.IIC_Stop) refers to timeread.o(i.SDA_DATA_OUT) for SDA_DATA_OUT
    timeread.o(i.IIC_Stop) refers to sysconfig.o(i.delay_us) for delay_us
    timeread.o(i.IIC_Wait_Ack) refers to timeread.o(i.SDA_IN) for SDA_IN
    timeread.o(i.IIC_Wait_Ack) refers to timeread.o(i.SDA_DATA_OUT) for SDA_DATA_OUT
    timeread.o(i.IIC_Wait_Ack) refers to sysconfig.o(i.delay_us) for delay_us
    timeread.o(i.IIC_Wait_Ack) refers to timeread.o(i.SCL_DATA_OUT) for SCL_DATA_OUT
    timeread.o(i.IIC_Wait_Ack) refers to timeread.o(i.IIC_Stop) for IIC_Stop
    timeread.o(i.IIC_Wait_Ack) refers to timeread.o(i.SDA_DATA_IN) for SDA_DATA_IN
    timeread.o(i.SCL_DATA_OUT) refers to stm32f10x_gpio_1.o(i.GPIO_SetBits) for GPIO_SetBits
    timeread.o(i.SCL_DATA_OUT) refers to stm32f10x_gpio_1.o(i.GPIO_ResetBits) for GPIO_ResetBits
    timeread.o(i.SCL_OUT) refers to stm32f10x_gpio_1.o(i.GPIO_Init) for GPIO_Init
    timeread.o(i.SDA_DATA_IN) refers to stm32f10x_gpio_1.o(i.GPIO_ReadInputDataBit) for GPIO_ReadInputDataBit
    timeread.o(i.SDA_DATA_OUT) refers to stm32f10x_gpio_1.o(i.GPIO_SetBits) for GPIO_SetBits
    timeread.o(i.SDA_DATA_OUT) refers to stm32f10x_gpio_1.o(i.GPIO_ResetBits) for GPIO_ResetBits
    timeread.o(i.SDA_IN) refers to stm32f10x_gpio_1.o(i.GPIO_Init) for GPIO_Init
    timeread.o(i.SDA_OUT) refers to stm32f10x_gpio_1.o(i.GPIO_Init) for GPIO_Init
    sysconfig.o(i.EXTI0_IRQHandler) refers to stm32f10x_exti.o(i.EXTI_GetFlagStatus) for EXTI_GetFlagStatus
    sysconfig.o(i.EXTI0_IRQHandler) refers to stm32f10x_exti.o(i.EXTI_ClearITPendingBit) for EXTI_ClearITPendingBit
    sysconfig.o(i.EXTI0_IRQHandler) refers to led.o(.data) for Set_Num
    sysconfig.o(i.NVIC_Configuration) refers to misc.o(i.NVIC_SetVectorTable) for NVIC_SetVectorTable
    sysconfig.o(i.NVIC_Configuration) refers to misc.o(i.NVIC_PriorityGroupConfig) for NVIC_PriorityGroupConfig
    sysconfig.o(i.NVIC_Configuration) refers to misc.o(i.NVIC_Init) for NVIC_Init
    sysconfig.o(i.NVIC_Configuration) refers to stm32f10x_gpio_1.o(i.GPIO_EXTILineConfig) for GPIO_EXTILineConfig
    sysconfig.o(i.NVIC_Configuration) refers to stm32f10x_exti.o(i.EXTI_Init) for EXTI_Init
    sysconfig.o(i.NVIC_Configuration) refers to stm32f10x_exti.o(i.EXTI_ClearITPendingBit) for EXTI_ClearITPendingBit
    sysconfig.o(i.RCC_Configuration) refers to stm32f10x_rcc_1.o(i.RCC_APB1PeriphClockCmd) for RCC_APB1PeriphClockCmd
    sysconfig.o(i.RCC_Configuration) refers to stm32f10x_rcc_1.o(i.RCC_APB2PeriphClockCmd) for RCC_APB2PeriphClockCmd
    sysconfig.o(i.RCC_Configuration) refers to stm32f10x_rcc_1.o(i.RCC_ADCCLKConfig) for RCC_ADCCLKConfig
    sysconfig.o(i.RCC_Configuration) refers to stm32f10x_rcc_1.o(i.RCC_AHBPeriphClockCmd) for RCC_AHBPeriphClockCmd
    sysconfig.o(i.SysTick_Init) refers to misc.o(i.SysTick_CLKSourceConfig) for SysTick_CLKSourceConfig
    sysconfig.o(i.SysTick_Init) refers to sysconfig.o(.data) for fac_us
    sysconfig.o(i.TIM2_IRQHandler) refers to stm32f10x_tim.o(i.TIM_GetITStatus) for TIM_GetITStatus
    sysconfig.o(i.TIM2_IRQHandler) refers to stm32f10x_tim.o(i.TIM_ClearITPendingBit) for TIM_ClearITPendingBit
    sysconfig.o(i.TIM2_IRQHandler) refers to led.o(.data) for Set_Num
    sysconfig.o(i.Timer2_Init_Config) refers to stm32f10x_tim.o(i.TIM_TimeBaseInit) for TIM_TimeBaseInit
    sysconfig.o(i.Timer2_Init_Config) refers to stm32f10x_tim.o(i.TIM_ITConfig) for TIM_ITConfig
    sysconfig.o(i.Timer2_Init_Config) refers to stm32f10x_tim.o(i.TIM_Cmd) for TIM_Cmd
    sysconfig.o(i.delay_ms) refers to sysconfig.o(.data) for fac_ms
    uart.o(i.CLR_Buf3) refers to uart.o(.bss) for Uart3_Buf
    uart.o(i.CLR_Buf3) refers to uart.o(.data) for First_Int
    uart.o(i.UART1_SendString) refers to stm32f10x_usart.o(i.USART_GetFlagStatus) for USART_GetFlagStatus
    uart.o(i.UART1_SendString) refers to stm32f10x_usart.o(i.USART_SendData) for USART_SendData
    uart.o(i.UART2_SendString) refers to stm32f10x_usart.o(i.USART_GetFlagStatus) for USART_GetFlagStatus
    uart.o(i.UART2_SendString) refers to stm32f10x_usart.o(i.USART_SendData) for USART_SendData
    uart.o(i.USART1_IRQHandler) refers to stm32f10x_usart.o(i.USART_GetFlagStatus) for USART_GetFlagStatus
    uart.o(i.USART1_IRQHandler) refers to stm32f10x_usart.o(i.USART_ReceiveData) for USART_ReceiveData
    uart.o(i.USART1_IRQHandler) refers to stm32f10x_usart.o(i.USART_ClearFlag) for USART_ClearFlag
    uart.o(i.USART1_IRQHandler) refers to stm32f10x_usart.o(i.USART_GetITStatus) for USART_GetITStatus
    uart.o(i.USART1_IRQHandler) refers to stm32f10x_usart.o(i.USART_ClearITPendingBit) for USART_ClearITPendingBit
    uart.o(i.USART1_IRQHandler) refers to uart.o(.bss) for Uart3_Buf
    uart.o(i.USART1_IRQHandler) refers to uart.o(.data) for First_Int
    uart.o(i.USART2_Init_Config) refers to stm32f10x_rcc_1.o(i.RCC_APB1PeriphClockCmd) for RCC_APB1PeriphClockCmd
    uart.o(i.USART2_Init_Config) refers to stm32f10x_usart.o(i.USART_DeInit) for USART_DeInit
    uart.o(i.USART2_Init_Config) refers to stm32f10x_gpio_1.o(i.GPIO_Init) for GPIO_Init
    uart.o(i.USART2_Init_Config) refers to stm32f10x_usart.o(i.USART_Init) for USART_Init
    uart.o(i.USART2_Init_Config) refers to misc.o(i.NVIC_Init) for NVIC_Init
    uart.o(i.USART2_Init_Config) refers to stm32f10x_usart.o(i.USART_ITConfig) for USART_ITConfig
    uart.o(i.USART2_Init_Config) refers to stm32f10x_usart.o(i.USART_Cmd) for USART_Cmd
    uart.o(i.USART2_Init_Config) refers to stm32f10x_usart.o(i.USART_ClearFlag) for USART_ClearFlag
    uart.o(i.USART3_Init_Config) refers to stm32f10x_rcc_1.o(i.RCC_APB1PeriphClockCmd) for RCC_APB1PeriphClockCmd
    uart.o(i.USART3_Init_Config) refers to stm32f10x_usart.o(i.USART_DeInit) for USART_DeInit
    uart.o(i.USART3_Init_Config) refers to stm32f10x_gpio_1.o(i.GPIO_Init) for GPIO_Init
    uart.o(i.USART3_Init_Config) refers to stm32f10x_usart.o(i.USART_Init) for USART_Init
    uart.o(i.USART3_Init_Config) refers to misc.o(i.NVIC_Init) for NVIC_Init
    uart.o(i.USART3_Init_Config) refers to stm32f10x_usart.o(i.USART_ITConfig) for USART_ITConfig
    uart.o(i.USART3_Init_Config) refers to stm32f10x_usart.o(i.USART_Cmd) for USART_Cmd
    uart.o(i.USART3_Init_Config) refers to stm32f10x_usart.o(i.USART_ClearFlag) for USART_ClearFlag
    stm32f10x_wwdg.o(i.WWDG_DeInit) refers to stm32f10x_rcc_1.o(i.RCC_APB1PeriphResetCmd) for RCC_APB1PeriphResetCmd
    stm32f10x_adc.o(i.ADC_DeInit) refers to stm32f10x_rcc_1.o(i.RCC_APB2PeriphResetCmd) for RCC_APB2PeriphResetCmd
    stm32f10x_bkp.o(i.BKP_DeInit) refers to stm32f10x_rcc_1.o(i.RCC_BackupResetCmd) for RCC_BackupResetCmd
    stm32f10x_can.o(i.CAN_DeInit) refers to stm32f10x_rcc_1.o(i.RCC_APB1PeriphResetCmd) for RCC_APB1PeriphResetCmd
    stm32f10x_can.o(i.CAN_GetITStatus) refers to stm32f10x_can.o(i.CheckITStatus) for CheckITStatus
    stm32f10x_cec.o(i.CEC_DeInit) refers to stm32f10x_rcc_1.o(i.RCC_APB1PeriphResetCmd) for RCC_APB1PeriphResetCmd
    stm32f10x_dac.o(i.DAC_DeInit) refers to stm32f10x_rcc_1.o(i.RCC_APB1PeriphResetCmd) for RCC_APB1PeriphResetCmd
    stm32f10x_flash.o(i.FLASH_EnableWriteProtection) refers to stm32f10x_flash.o(i.FLASH_WaitForLastOperation) for FLASH_WaitForLastOperation
    stm32f10x_flash.o(i.FLASH_EraseAllBank1Pages) refers to stm32f10x_flash.o(i.FLASH_WaitForLastBank1Operation) for FLASH_WaitForLastBank1Operation
    stm32f10x_flash.o(i.FLASH_EraseAllPages) refers to stm32f10x_flash.o(i.FLASH_WaitForLastOperation) for FLASH_WaitForLastOperation
    stm32f10x_flash.o(i.FLASH_EraseOptionBytes) refers to stm32f10x_flash.o(i.FLASH_GetReadOutProtectionStatus) for FLASH_GetReadOutProtectionStatus
    stm32f10x_flash.o(i.FLASH_EraseOptionBytes) refers to stm32f10x_flash.o(i.FLASH_WaitForLastOperation) for FLASH_WaitForLastOperation
    stm32f10x_flash.o(i.FLASH_ErasePage) refers to stm32f10x_flash.o(i.FLASH_WaitForLastOperation) for FLASH_WaitForLastOperation
    stm32f10x_flash.o(i.FLASH_ProgramHalfWord) refers to stm32f10x_flash.o(i.FLASH_WaitForLastOperation) for FLASH_WaitForLastOperation
    stm32f10x_flash.o(i.FLASH_ProgramOptionByteData) refers to stm32f10x_flash.o(i.FLASH_WaitForLastOperation) for FLASH_WaitForLastOperation
    stm32f10x_flash.o(i.FLASH_ProgramWord) refers to stm32f10x_flash.o(i.FLASH_WaitForLastOperation) for FLASH_WaitForLastOperation
    stm32f10x_flash.o(i.FLASH_ReadOutProtection) refers to stm32f10x_flash.o(i.FLASH_WaitForLastOperation) for FLASH_WaitForLastOperation
    stm32f10x_flash.o(i.FLASH_UserOptionByteConfig) refers to stm32f10x_flash.o(i.FLASH_WaitForLastOperation) for FLASH_WaitForLastOperation
    stm32f10x_flash.o(i.FLASH_WaitForLastBank1Operation) refers to stm32f10x_flash.o(i.FLASH_GetBank1Status) for FLASH_GetBank1Status
    stm32f10x_flash.o(i.FLASH_WaitForLastOperation) refers to stm32f10x_flash.o(i.FLASH_GetBank1Status) for FLASH_GetBank1Status
    stm32f10x_gpio_1.o(i.GPIO_AFIODeInit) refers to stm32f10x_rcc_1.o(i.RCC_APB2PeriphResetCmd) for RCC_APB2PeriphResetCmd
    stm32f10x_gpio_1.o(i.GPIO_DeInit) refers to stm32f10x_rcc_1.o(i.RCC_APB2PeriphResetCmd) for RCC_APB2PeriphResetCmd
    stm32f10x_i2c.o(i.I2C_DeInit) refers to stm32f10x_rcc_1.o(i.RCC_APB1PeriphResetCmd) for RCC_APB1PeriphResetCmd
    stm32f10x_i2c.o(i.I2C_Init) refers to stm32f10x_rcc_1.o(i.RCC_GetClocksFreq) for RCC_GetClocksFreq
    stm32f10x_pwr.o(i.PWR_DeInit) refers to stm32f10x_rcc_1.o(i.RCC_APB1PeriphResetCmd) for RCC_APB1PeriphResetCmd
    stm32f10x_rcc_1.o(i.RCC_GetClocksFreq) refers to stm32f10x_rcc_1.o(.data) for APBAHBPrescTable
    stm32f10x_rcc_1.o(i.RCC_WaitForHSEStartUp) refers to stm32f10x_rcc_1.o(i.RCC_GetFlagStatus) for RCC_GetFlagStatus
    stm32f10x_rtc.o(i.RTC_SetAlarm) refers to stm32f10x_rtc.o(i.RTC_EnterConfigMode) for RTC_EnterConfigMode
    stm32f10x_rtc.o(i.RTC_SetAlarm) refers to stm32f10x_rtc.o(i.RTC_ExitConfigMode) for RTC_ExitConfigMode
    stm32f10x_rtc.o(i.RTC_SetCounter) refers to stm32f10x_rtc.o(i.RTC_EnterConfigMode) for RTC_EnterConfigMode
    stm32f10x_rtc.o(i.RTC_SetCounter) refers to stm32f10x_rtc.o(i.RTC_ExitConfigMode) for RTC_ExitConfigMode
    stm32f10x_rtc.o(i.RTC_SetPrescaler) refers to stm32f10x_rtc.o(i.RTC_EnterConfigMode) for RTC_EnterConfigMode
    stm32f10x_rtc.o(i.RTC_SetPrescaler) refers to stm32f10x_rtc.o(i.RTC_ExitConfigMode) for RTC_ExitConfigMode
    stm32f10x_spi.o(i.I2S_Init) refers to stm32f10x_rcc_1.o(i.RCC_GetClocksFreq) for RCC_GetClocksFreq
    stm32f10x_spi.o(i.SPI_I2S_DeInit) refers to stm32f10x_rcc_1.o(i.RCC_APB2PeriphResetCmd) for RCC_APB2PeriphResetCmd
    stm32f10x_spi.o(i.SPI_I2S_DeInit) refers to stm32f10x_rcc_1.o(i.RCC_APB1PeriphResetCmd) for RCC_APB1PeriphResetCmd
    stm32f10x_tim.o(i.TIM_DeInit) refers to stm32f10x_rcc_1.o(i.RCC_APB2PeriphResetCmd) for RCC_APB2PeriphResetCmd
    stm32f10x_tim.o(i.TIM_DeInit) refers to stm32f10x_rcc_1.o(i.RCC_APB1PeriphResetCmd) for RCC_APB1PeriphResetCmd
    stm32f10x_tim.o(i.TIM_ETRClockMode1Config) refers to stm32f10x_tim.o(i.TIM_ETRConfig) for TIM_ETRConfig
    stm32f10x_tim.o(i.TIM_ETRClockMode2Config) refers to stm32f10x_tim.o(i.TIM_ETRConfig) for TIM_ETRConfig
    stm32f10x_tim.o(i.TIM_ICInit) refers to stm32f10x_tim.o(i.TI1_Config) for TI1_Config
    stm32f10x_tim.o(i.TIM_ICInit) refers to stm32f10x_tim.o(i.TIM_SetIC1Prescaler) for TIM_SetIC1Prescaler
    stm32f10x_tim.o(i.TIM_ICInit) refers to stm32f10x_tim.o(i.TI2_Config) for TI2_Config
    stm32f10x_tim.o(i.TIM_ICInit) refers to stm32f10x_tim.o(i.TIM_SetIC2Prescaler) for TIM_SetIC2Prescaler
    stm32f10x_tim.o(i.TIM_ICInit) refers to stm32f10x_tim.o(i.TI3_Config) for TI3_Config
    stm32f10x_tim.o(i.TIM_ICInit) refers to stm32f10x_tim.o(i.TIM_SetIC3Prescaler) for TIM_SetIC3Prescaler
    stm32f10x_tim.o(i.TIM_ICInit) refers to stm32f10x_tim.o(i.TI4_Config) for TI4_Config
    stm32f10x_tim.o(i.TIM_ICInit) refers to stm32f10x_tim.o(i.TIM_SetIC4Prescaler) for TIM_SetIC4Prescaler
    stm32f10x_tim.o(i.TIM_ITRxExternalClockConfig) refers to stm32f10x_tim.o(i.TIM_SelectInputTrigger) for TIM_SelectInputTrigger
    stm32f10x_tim.o(i.TIM_PWMIConfig) refers to stm32f10x_tim.o(i.TI1_Config) for TI1_Config
    stm32f10x_tim.o(i.TIM_PWMIConfig) refers to stm32f10x_tim.o(i.TIM_SetIC1Prescaler) for TIM_SetIC1Prescaler
    stm32f10x_tim.o(i.TIM_PWMIConfig) refers to stm32f10x_tim.o(i.TI2_Config) for TI2_Config
    stm32f10x_tim.o(i.TIM_PWMIConfig) refers to stm32f10x_tim.o(i.TIM_SetIC2Prescaler) for TIM_SetIC2Prescaler
    stm32f10x_tim.o(i.TIM_TIxExternalClockConfig) refers to stm32f10x_tim.o(i.TI2_Config) for TI2_Config
    stm32f10x_tim.o(i.TIM_TIxExternalClockConfig) refers to stm32f10x_tim.o(i.TI1_Config) for TI1_Config
    stm32f10x_tim.o(i.TIM_TIxExternalClockConfig) refers to stm32f10x_tim.o(i.TIM_SelectInputTrigger) for TIM_SelectInputTrigger
    stm32f10x_usart.o(i.USART_DeInit) refers to stm32f10x_rcc_1.o(i.RCC_APB2PeriphResetCmd) for RCC_APB2PeriphResetCmd
    stm32f10x_usart.o(i.USART_DeInit) refers to stm32f10x_rcc_1.o(i.RCC_APB1PeriphResetCmd) for RCC_APB1PeriphResetCmd
    stm32f10x_usart.o(i.USART_Init) refers to stm32f10x_rcc_1.o(i.RCC_GetClocksFreq) for RCC_GetClocksFreq
    entry.o(.ARM.Collect$$$$00000000) refers (Special) to entry10a.o(.ARM.Collect$$$$0000000D) for __rt_final_cpp
    entry.o(.ARM.Collect$$$$00000000) refers (Special) to entry11a.o(.ARM.Collect$$$$0000000F) for __rt_final_exit
    entry.o(.ARM.Collect$$$$00000000) refers (Special) to entry7b.o(.ARM.Collect$$$$00000008) for _main_clock
    entry.o(.ARM.Collect$$$$00000000) refers (Special) to entry8b.o(.ARM.Collect$$$$0000000A) for _main_cpp_init
    entry.o(.ARM.Collect$$$$00000000) refers (Special) to entry9a.o(.ARM.Collect$$$$0000000B) for _main_init
    entry.o(.ARM.Collect$$$$00000000) refers (Special) to entry5.o(.ARM.Collect$$$$00000004) for _main_scatterload
    entry.o(.ARM.Collect$$$$00000000) refers (Special) to entry2.o(.ARM.Collect$$$$00000001) for _main_stk
    entry2.o(.ARM.Collect$$$$00000001) refers to entry2.o(.ARM.Collect$$$$00002712) for __lit__00000000
    entry2.o(.ARM.Collect$$$$00002712) refers to startup_stm32f10x_hd.o(STACK) for __initial_sp
    entry2.o(__vectab_stack_and_reset_area) refers to startup_stm32f10x_hd.o(STACK) for __initial_sp
    entry2.o(__vectab_stack_and_reset_area) refers to entry.o(.ARM.Collect$$$$00000000) for __main
    entry5.o(.ARM.Collect$$$$00000004) refers to init.o(.text) for __scatterload
    entry9a.o(.ARM.Collect$$$$0000000B) refers to main.o(i.main) for main
    entry9b.o(.ARM.Collect$$$$0000000C) refers to main.o(i.main) for main
    init.o(.text) refers to entry5.o(.ARM.Collect$$$$00000004) for __main_after_scatterload


==============================================================================

Removing Unused input sections from the image.

    Removing startup_stm32f10x_hd.o(HEAP), (512 bytes).
    Removing system_stm32f10x.o(i.SystemCoreClockUpdate), (160 bytes).
    Removing system_stm32f10x.o(.data), (20 bytes).
    Removing core_cm3.o(.emb_text), (32 bytes).
    Removing led.o(i.AddKey3), (36 bytes).
    Removing led.o(i.LED_Init), (252 bytes).
    Removing led.o(i.ReduKey3), (38 bytes).
    Removing timeread.o(i.HYM8563_Write_time), (224 bytes).
    Removing timeread.o(i.Hextobcd), (28 bytes).
    Removing timeread.o(i.bcdtohex), (40 bytes).
    Removing sysconfig.o(i.NVIC_Configuration), (126 bytes).
    Removing sysconfig.o(i.SysTick_Init), (60 bytes).
    Removing sysconfig.o(i.Timer2_Init_Config), (58 bytes).
    Removing sysconfig.o(i.delay_ms), (76 bytes).
    Removing sysconfig.o(.data), (4 bytes).
    Removing uart.o(i.CLR_Buf3), (36 bytes).
    Removing uart.o(i.UART1_SendString), (44 bytes).
    Removing uart.o(i.UART2_SendString), (56 bytes).
    Removing uart.o(i.USART2_Init_Config), (172 bytes).
    Removing uart.o(i.USART3_Init_Config), (172 bytes).
    Removing stm32f10x_wwdg.o(i.WWDG_ClearFlag), (12 bytes).
    Removing stm32f10x_wwdg.o(i.WWDG_DeInit), (22 bytes).
    Removing stm32f10x_wwdg.o(i.WWDG_Enable), (16 bytes).
    Removing stm32f10x_wwdg.o(i.WWDG_EnableIT), (12 bytes).
    Removing stm32f10x_wwdg.o(i.WWDG_GetFlagStatus), (12 bytes).
    Removing stm32f10x_wwdg.o(i.WWDG_SetCounter), (16 bytes).
    Removing stm32f10x_wwdg.o(i.WWDG_SetPrescaler), (24 bytes).
    Removing stm32f10x_wwdg.o(i.WWDG_SetWindowValue), (40 bytes).
    Removing misc.o(i.NVIC_Init), (112 bytes).
    Removing misc.o(i.NVIC_PriorityGroupConfig), (20 bytes).
    Removing misc.o(i.NVIC_SetVectorTable), (20 bytes).
    Removing misc.o(i.NVIC_SystemLPConfig), (32 bytes).
    Removing misc.o(i.SysTick_CLKSourceConfig), (40 bytes).
    Removing stm32f10x_adc.o(i.ADC_AnalogWatchdogCmd), (20 bytes).
    Removing stm32f10x_adc.o(i.ADC_AnalogWatchdogSingleChannelConfig), (16 bytes).
    Removing stm32f10x_adc.o(i.ADC_AnalogWatchdogThresholdsConfig), (6 bytes).
    Removing stm32f10x_adc.o(i.ADC_AutoInjectedConvCmd), (22 bytes).
    Removing stm32f10x_adc.o(i.ADC_ClearFlag), (6 bytes).
    Removing stm32f10x_adc.o(i.ADC_ClearITPendingBit), (10 bytes).
    Removing stm32f10x_adc.o(i.ADC_Cmd), (22 bytes).
    Removing stm32f10x_adc.o(i.ADC_DMACmd), (22 bytes).
    Removing stm32f10x_adc.o(i.ADC_DeInit), (92 bytes).
    Removing stm32f10x_adc.o(i.ADC_DiscModeChannelCountConfig), (24 bytes).
    Removing stm32f10x_adc.o(i.ADC_DiscModeCmd), (22 bytes).
    Removing stm32f10x_adc.o(i.ADC_ExternalTrigConvCmd), (22 bytes).
    Removing stm32f10x_adc.o(i.ADC_ExternalTrigInjectedConvCmd), (22 bytes).
    Removing stm32f10x_adc.o(i.ADC_ExternalTrigInjectedConvConfig), (16 bytes).
    Removing stm32f10x_adc.o(i.ADC_GetCalibrationStatus), (20 bytes).
    Removing stm32f10x_adc.o(i.ADC_GetConversionValue), (8 bytes).
    Removing stm32f10x_adc.o(i.ADC_GetDualModeConversionValue), (12 bytes).
    Removing stm32f10x_adc.o(i.ADC_GetFlagStatus), (18 bytes).
    Removing stm32f10x_adc.o(i.ADC_GetITStatus), (36 bytes).
    Removing stm32f10x_adc.o(i.ADC_GetInjectedConversionValue), (28 bytes).
    Removing stm32f10x_adc.o(i.ADC_GetResetCalibrationStatus), (20 bytes).
    Removing stm32f10x_adc.o(i.ADC_GetSoftwareStartConvStatus), (20 bytes).
    Removing stm32f10x_adc.o(i.ADC_GetSoftwareStartInjectedConvCmdStatus), (20 bytes).
    Removing stm32f10x_adc.o(i.ADC_ITConfig), (24 bytes).
    Removing stm32f10x_adc.o(i.ADC_Init), (80 bytes).
    Removing stm32f10x_adc.o(i.ADC_InjectedChannelConfig), (130 bytes).
    Removing stm32f10x_adc.o(i.ADC_InjectedDiscModeCmd), (22 bytes).
    Removing stm32f10x_adc.o(i.ADC_InjectedSequencerLengthConfig), (24 bytes).
    Removing stm32f10x_adc.o(i.ADC_RegularChannelConfig), (184 bytes).
    Removing stm32f10x_adc.o(i.ADC_ResetCalibration), (10 bytes).
    Removing stm32f10x_adc.o(i.ADC_SetInjectedOffset), (20 bytes).
    Removing stm32f10x_adc.o(i.ADC_SoftwareStartConvCmd), (22 bytes).
    Removing stm32f10x_adc.o(i.ADC_SoftwareStartInjectedConvCmd), (22 bytes).
    Removing stm32f10x_adc.o(i.ADC_StartCalibration), (10 bytes).
    Removing stm32f10x_adc.o(i.ADC_StructInit), (18 bytes).
    Removing stm32f10x_adc.o(i.ADC_TempSensorVrefintCmd), (36 bytes).
    Removing stm32f10x_bkp.o(i.BKP_ClearFlag), (20 bytes).
    Removing stm32f10x_bkp.o(i.BKP_ClearITPendingBit), (20 bytes).
    Removing stm32f10x_bkp.o(i.BKP_DeInit), (16 bytes).
    Removing stm32f10x_bkp.o(i.BKP_GetFlagStatus), (12 bytes).
    Removing stm32f10x_bkp.o(i.BKP_GetITStatus), (12 bytes).
    Removing stm32f10x_bkp.o(i.BKP_ITConfig), (12 bytes).
    Removing stm32f10x_bkp.o(i.BKP_RTCOutputConfig), (28 bytes).
    Removing stm32f10x_bkp.o(i.BKP_ReadBackupRegister), (28 bytes).
    Removing stm32f10x_bkp.o(i.BKP_SetRTCCalibrationValue), (28 bytes).
    Removing stm32f10x_bkp.o(i.BKP_TamperPinCmd), (12 bytes).
    Removing stm32f10x_bkp.o(i.BKP_TamperPinLevelConfig), (12 bytes).
    Removing stm32f10x_bkp.o(i.BKP_WriteBackupRegister), (28 bytes).
    Removing stm32f10x_can.o(i.CAN_CancelTransmit), (48 bytes).
    Removing stm32f10x_can.o(i.CAN_ClearFlag), (56 bytes).
    Removing stm32f10x_can.o(i.CAN_ClearITPendingBit), (168 bytes).
    Removing stm32f10x_can.o(i.CAN_DBGFreeze), (22 bytes).
    Removing stm32f10x_can.o(i.CAN_DeInit), (56 bytes).
    Removing stm32f10x_can.o(i.CAN_FIFORelease), (22 bytes).
    Removing stm32f10x_can.o(i.CAN_FilterInit), (264 bytes).
    Removing stm32f10x_can.o(i.CAN_GetFlagStatus), (120 bytes).
    Removing stm32f10x_can.o(i.CAN_GetITStatus), (288 bytes).
    Removing stm32f10x_can.o(i.CAN_GetLSBTransmitErrorCounter), (12 bytes).
    Removing stm32f10x_can.o(i.CAN_GetLastErrorCode), (12 bytes).
    Removing stm32f10x_can.o(i.CAN_GetReceiveErrorCounter), (10 bytes).
    Removing stm32f10x_can.o(i.CAN_ITConfig), (18 bytes).
    Removing stm32f10x_can.o(i.CAN_Init), (276 bytes).
    Removing stm32f10x_can.o(i.CAN_MessagePending), (30 bytes).
    Removing stm32f10x_can.o(i.CAN_OperatingModeRequest), (162 bytes).
    Removing stm32f10x_can.o(i.CAN_Receive), (240 bytes).
    Removing stm32f10x_can.o(i.CAN_SlaveStartBank), (52 bytes).
    Removing stm32f10x_can.o(i.CAN_Sleep), (30 bytes).
    Removing stm32f10x_can.o(i.CAN_StructInit), (32 bytes).
    Removing stm32f10x_can.o(i.CAN_TTComModeCmd), (118 bytes).
    Removing stm32f10x_can.o(i.CAN_Transmit), (294 bytes).
    Removing stm32f10x_can.o(i.CAN_TransmitStatus), (160 bytes).
    Removing stm32f10x_can.o(i.CAN_WakeUp), (48 bytes).
    Removing stm32f10x_can.o(i.CheckITStatus), (18 bytes).
    Removing stm32f10x_cec.o(i.CEC_ClearFlag), (36 bytes).
    Removing stm32f10x_cec.o(i.CEC_ClearITPendingBit), (36 bytes).
    Removing stm32f10x_cec.o(i.CEC_Cmd), (32 bytes).
    Removing stm32f10x_cec.o(i.CEC_DeInit), (22 bytes).
    Removing stm32f10x_cec.o(i.CEC_EndOfMessageCmd), (12 bytes).
    Removing stm32f10x_cec.o(i.CEC_GetFlagStatus), (48 bytes).
    Removing stm32f10x_cec.o(i.CEC_GetITStatus), (40 bytes).
    Removing stm32f10x_cec.o(i.CEC_ITConfig), (12 bytes).
    Removing stm32f10x_cec.o(i.CEC_Init), (32 bytes).
    Removing stm32f10x_cec.o(i.CEC_OwnAddressConfig), (12 bytes).
    Removing stm32f10x_cec.o(i.CEC_ReceiveDataByte), (12 bytes).
    Removing stm32f10x_cec.o(i.CEC_SendDataByte), (12 bytes).
    Removing stm32f10x_cec.o(i.CEC_SetPrescaler), (12 bytes).
    Removing stm32f10x_cec.o(i.CEC_StartOfMessage), (12 bytes).
    Removing stm32f10x_crc.o(i.CRC_CalcBlockCRC), (36 bytes).
    Removing stm32f10x_crc.o(i.CRC_CalcCRC), (16 bytes).
    Removing stm32f10x_crc.o(i.CRC_GetCRC), (12 bytes).
    Removing stm32f10x_crc.o(i.CRC_GetIDRegister), (12 bytes).
    Removing stm32f10x_crc.o(i.CRC_ResetDR), (12 bytes).
    Removing stm32f10x_crc.o(i.CRC_SetIDRegister), (12 bytes).
    Removing stm32f10x_dac.o(i.DAC_Cmd), (40 bytes).
    Removing stm32f10x_dac.o(i.DAC_DMACmd), (44 bytes).
    Removing stm32f10x_dac.o(i.DAC_DeInit), (22 bytes).
    Removing stm32f10x_dac.o(i.DAC_DualSoftwareTriggerCmd), (36 bytes).
    Removing stm32f10x_dac.o(i.DAC_GetDataOutputValue), (36 bytes).
    Removing stm32f10x_dac.o(i.DAC_Init), (52 bytes).
    Removing stm32f10x_dac.o(i.DAC_SetChannel1Data), (32 bytes).
    Removing stm32f10x_dac.o(i.DAC_SetChannel2Data), (32 bytes).
    Removing stm32f10x_dac.o(i.DAC_SetDualChannelData), (36 bytes).
    Removing stm32f10x_dac.o(i.DAC_SoftwareTriggerCmd), (44 bytes).
    Removing stm32f10x_dac.o(i.DAC_StructInit), (12 bytes).
    Removing stm32f10x_dac.o(i.DAC_WaveGenerationCmd), (40 bytes).
    Removing stm32f10x_dbgmcu.o(i.DBGMCU_Config), (32 bytes).
    Removing stm32f10x_dbgmcu.o(i.DBGMCU_GetDEVID), (16 bytes).
    Removing stm32f10x_dbgmcu.o(i.DBGMCU_GetREVID), (12 bytes).
    Removing stm32f10x_dma.o(i.DMA_ClearFlag), (28 bytes).
    Removing stm32f10x_dma.o(i.DMA_ClearITPendingBit), (28 bytes).
    Removing stm32f10x_dma.o(i.DMA_Cmd), (24 bytes).
    Removing stm32f10x_dma.o(i.DMA_DeInit), (332 bytes).
    Removing stm32f10x_dma.o(i.DMA_GetCurrDataCounter), (8 bytes).
    Removing stm32f10x_dma.o(i.DMA_GetFlagStatus), (44 bytes).
    Removing stm32f10x_dma.o(i.DMA_GetITStatus), (44 bytes).
    Removing stm32f10x_dma.o(i.DMA_ITConfig), (18 bytes).
    Removing stm32f10x_dma.o(i.DMA_Init), (60 bytes).
    Removing stm32f10x_dma.o(i.DMA_SetCurrDataCounter), (4 bytes).
    Removing stm32f10x_dma.o(i.DMA_StructInit), (26 bytes).
    Removing stm32f10x_exti.o(i.EXTI_ClearFlag), (12 bytes).
    Removing stm32f10x_exti.o(i.EXTI_DeInit), (36 bytes).
    Removing stm32f10x_exti.o(i.EXTI_GenerateSWInterrupt), (16 bytes).
    Removing stm32f10x_exti.o(i.EXTI_GetITStatus), (40 bytes).
    Removing stm32f10x_exti.o(i.EXTI_Init), (148 bytes).
    Removing stm32f10x_exti.o(i.EXTI_StructInit), (16 bytes).
    Removing stm32f10x_flash.o(i.FLASH_ClearFlag), (12 bytes).
    Removing stm32f10x_flash.o(i.FLASH_EnableWriteProtection), (196 bytes).
    Removing stm32f10x_flash.o(i.FLASH_EraseAllBank1Pages), (72 bytes).
    Removing stm32f10x_flash.o(i.FLASH_EraseAllPages), (72 bytes).
    Removing stm32f10x_flash.o(i.FLASH_EraseOptionBytes), (168 bytes).
    Removing stm32f10x_flash.o(i.FLASH_ErasePage), (76 bytes).
    Removing stm32f10x_flash.o(i.FLASH_GetBank1Status), (52 bytes).
    Removing stm32f10x_flash.o(i.FLASH_GetFlagStatus), (48 bytes).
    Removing stm32f10x_flash.o(i.FLASH_GetPrefetchBufferStatus), (24 bytes).
    Removing stm32f10x_flash.o(i.FLASH_GetReadOutProtectionStatus), (24 bytes).
    Removing stm32f10x_flash.o(i.FLASH_GetStatus), (52 bytes).
    Removing stm32f10x_flash.o(i.FLASH_GetUserOptionByte), (12 bytes).
    Removing stm32f10x_flash.o(i.FLASH_GetWriteProtectionOptionByte), (12 bytes).
    Removing stm32f10x_flash.o(i.FLASH_HalfCycleAccessCmd), (28 bytes).
    Removing stm32f10x_flash.o(i.FLASH_ITConfig), (32 bytes).
    Removing stm32f10x_flash.o(i.FLASH_Lock), (20 bytes).
    Removing stm32f10x_flash.o(i.FLASH_LockBank1), (20 bytes).
    Removing stm32f10x_flash.o(i.FLASH_PrefetchBufferCmd), (28 bytes).
    Removing stm32f10x_flash.o(i.FLASH_ProgramHalfWord), (64 bytes).
    Removing stm32f10x_flash.o(i.FLASH_ProgramOptionByteData), (84 bytes).
    Removing stm32f10x_flash.o(i.FLASH_ProgramWord), (108 bytes).
    Removing stm32f10x_flash.o(i.FLASH_ReadOutProtection), (172 bytes).
    Removing stm32f10x_flash.o(i.FLASH_SetLatency), (24 bytes).
    Removing stm32f10x_flash.o(i.FLASH_Unlock), (24 bytes).
    Removing stm32f10x_flash.o(i.FLASH_UnlockBank1), (24 bytes).
    Removing stm32f10x_flash.o(i.FLASH_UserOptionByteConfig), (104 bytes).
    Removing stm32f10x_flash.o(i.FLASH_WaitForLastBank1Operation), (38 bytes).
    Removing stm32f10x_flash.o(i.FLASH_WaitForLastOperation), (38 bytes).
    Removing stm32f10x_fsmc.o(i.FSMC_ClearFlag), (64 bytes).
    Removing stm32f10x_fsmc.o(i.FSMC_ClearITPendingBit), (72 bytes).
    Removing stm32f10x_fsmc.o(i.FSMC_GetECC), (28 bytes).
    Removing stm32f10x_fsmc.o(i.FSMC_GetFlagStatus), (56 bytes).
    Removing stm32f10x_fsmc.o(i.FSMC_GetITStatus), (68 bytes).
    Removing stm32f10x_fsmc.o(i.FSMC_ITConfig), (128 bytes).
    Removing stm32f10x_fsmc.o(i.FSMC_NANDCmd), (92 bytes).
    Removing stm32f10x_fsmc.o(i.FSMC_NANDDeInit), (68 bytes).
    Removing stm32f10x_fsmc.o(i.FSMC_NANDECCCmd), (92 bytes).
    Removing stm32f10x_fsmc.o(i.FSMC_NANDInit), (136 bytes).
    Removing stm32f10x_fsmc.o(i.FSMC_NANDStructInit), (54 bytes).
    Removing stm32f10x_fsmc.o(i.FSMC_NORSRAMCmd), (52 bytes).
    Removing stm32f10x_fsmc.o(i.FSMC_NORSRAMDeInit), (54 bytes).
    Removing stm32f10x_fsmc.o(i.FSMC_NORSRAMInit), (230 bytes).
    Removing stm32f10x_fsmc.o(i.FSMC_NORSRAMStructInit), (114 bytes).
    Removing stm32f10x_fsmc.o(i.FSMC_PCCARDCmd), (48 bytes).
    Removing stm32f10x_fsmc.o(i.FSMC_PCCARDDeInit), (40 bytes).
    Removing stm32f10x_fsmc.o(i.FSMC_PCCARDInit), (132 bytes).
    Removing stm32f10x_fsmc.o(i.FSMC_PCCARDStructInit), (60 bytes).
    Removing stm32f10x_gpio_1.o(i.GPIO_AFIODeInit), (20 bytes).
    Removing stm32f10x_gpio_1.o(i.GPIO_DeInit), (200 bytes).
    Removing stm32f10x_gpio_1.o(i.GPIO_ETH_MediaInterfaceConfig), (12 bytes).
    Removing stm32f10x_gpio_1.o(i.GPIO_EXTILineConfig), (64 bytes).
    Removing stm32f10x_gpio_1.o(i.GPIO_EventOutputCmd), (12 bytes).
    Removing stm32f10x_gpio_1.o(i.GPIO_EventOutputConfig), (32 bytes).
    Removing stm32f10x_gpio_1.o(i.GPIO_PinLockConfig), (18 bytes).
    Removing stm32f10x_gpio_1.o(i.GPIO_PinRemapConfig), (144 bytes).
    Removing stm32f10x_gpio_1.o(i.GPIO_ReadInputData), (8 bytes).
    Removing stm32f10x_gpio_1.o(i.GPIO_ReadOutputData), (8 bytes).
    Removing stm32f10x_gpio_1.o(i.GPIO_ReadOutputDataBit), (18 bytes).
    Removing stm32f10x_gpio_1.o(i.GPIO_StructInit), (16 bytes).
    Removing stm32f10x_gpio_1.o(i.GPIO_Write), (4 bytes).
    Removing stm32f10x_gpio_1.o(i.GPIO_WriteBit), (10 bytes).
    Removing stm32f10x_i2c.o(i.I2C_ARPCmd), (24 bytes).
    Removing stm32f10x_i2c.o(i.I2C_AcknowledgeConfig), (24 bytes).
    Removing stm32f10x_i2c.o(i.I2C_CalculatePEC), (24 bytes).
    Removing stm32f10x_i2c.o(i.I2C_CheckEvent), (42 bytes).
    Removing stm32f10x_i2c.o(i.I2C_ClearFlag), (12 bytes).
    Removing stm32f10x_i2c.o(i.I2C_ClearITPendingBit), (12 bytes).
    Removing stm32f10x_i2c.o(i.I2C_Cmd), (24 bytes).
    Removing stm32f10x_i2c.o(i.I2C_DMACmd), (24 bytes).
    Removing stm32f10x_i2c.o(i.I2C_DMALastTransferCmd), (24 bytes).
    Removing stm32f10x_i2c.o(i.I2C_DeInit), (56 bytes).
    Removing stm32f10x_i2c.o(i.I2C_DualAddressCmd), (24 bytes).
    Removing stm32f10x_i2c.o(i.I2C_FastModeDutyCycleConfig), (28 bytes).
    Removing stm32f10x_i2c.o(i.I2C_GeneralCallCmd), (24 bytes).
    Removing stm32f10x_i2c.o(i.I2C_GenerateSTART), (24 bytes).
    Removing stm32f10x_i2c.o(i.I2C_GenerateSTOP), (24 bytes).
    Removing stm32f10x_i2c.o(i.I2C_GetFlagStatus), (58 bytes).
    Removing stm32f10x_i2c.o(i.I2C_GetITStatus), (38 bytes).
    Removing stm32f10x_i2c.o(i.I2C_GetLastEvent), (26 bytes).
    Removing stm32f10x_i2c.o(i.I2C_GetPEC), (8 bytes).
    Removing stm32f10x_i2c.o(i.I2C_ITConfig), (18 bytes).
    Removing stm32f10x_i2c.o(i.I2C_Init), (236 bytes).
    Removing stm32f10x_i2c.o(i.I2C_NACKPositionConfig), (28 bytes).
    Removing stm32f10x_i2c.o(i.I2C_OwnAddress2Config), (22 bytes).
    Removing stm32f10x_i2c.o(i.I2C_PECPositionConfig), (28 bytes).
    Removing stm32f10x_i2c.o(i.I2C_ReadRegister), (22 bytes).
    Removing stm32f10x_i2c.o(i.I2C_ReceiveData), (8 bytes).
    Removing stm32f10x_i2c.o(i.I2C_SMBusAlertConfig), (28 bytes).
    Removing stm32f10x_i2c.o(i.I2C_Send7bitAddress), (18 bytes).
    Removing stm32f10x_i2c.o(i.I2C_SendData), (4 bytes).
    Removing stm32f10x_i2c.o(i.I2C_SoftwareResetCmd), (22 bytes).
    Removing stm32f10x_i2c.o(i.I2C_StretchClockCmd), (24 bytes).
    Removing stm32f10x_i2c.o(i.I2C_StructInit), (30 bytes).
    Removing stm32f10x_i2c.o(i.I2C_TransmitPEC), (24 bytes).
    Removing stm32f10x_iwdg.o(i.IWDG_Enable), (16 bytes).
    Removing stm32f10x_iwdg.o(i.IWDG_GetFlagStatus), (24 bytes).
    Removing stm32f10x_iwdg.o(i.IWDG_ReloadCounter), (16 bytes).
    Removing stm32f10x_iwdg.o(i.IWDG_SetPrescaler), (12 bytes).
    Removing stm32f10x_iwdg.o(i.IWDG_SetReload), (12 bytes).
    Removing stm32f10x_iwdg.o(i.IWDG_WriteAccessCmd), (12 bytes).
    Removing stm32f10x_pwr.o(i.PWR_BackupAccessCmd), (12 bytes).
    Removing stm32f10x_pwr.o(i.PWR_ClearFlag), (20 bytes).
    Removing stm32f10x_pwr.o(i.PWR_DeInit), (22 bytes).
    Removing stm32f10x_pwr.o(i.PWR_EnterSTANDBYMode), (52 bytes).
    Removing stm32f10x_pwr.o(i.PWR_EnterSTOPMode), (64 bytes).
    Removing stm32f10x_pwr.o(i.PWR_GetFlagStatus), (24 bytes).
    Removing stm32f10x_pwr.o(i.PWR_PVDCmd), (12 bytes).
    Removing stm32f10x_pwr.o(i.PWR_PVDLevelConfig), (24 bytes).
    Removing stm32f10x_pwr.o(i.PWR_WakeUpPinCmd), (12 bytes).
    Removing stm32f10x_rcc_1.o(i.RCC_APB1PeriphResetCmd), (32 bytes).
    Removing stm32f10x_rcc_1.o(i.RCC_APB2PeriphResetCmd), (32 bytes).
    Removing stm32f10x_rcc_1.o(i.RCC_AdjustHSICalibrationValue), (24 bytes).
    Removing stm32f10x_rcc_1.o(i.RCC_BackupResetCmd), (12 bytes).
    Removing stm32f10x_rcc_1.o(i.RCC_ClearFlag), (20 bytes).
    Removing stm32f10x_rcc_1.o(i.RCC_ClearITPendingBit), (12 bytes).
    Removing stm32f10x_rcc_1.o(i.RCC_ClockSecuritySystemCmd), (12 bytes).
    Removing stm32f10x_rcc_1.o(i.RCC_DeInit), (76 bytes).
    Removing stm32f10x_rcc_1.o(i.RCC_GetClocksFreq), (212 bytes).
    Removing stm32f10x_rcc_1.o(i.RCC_GetFlagStatus), (60 bytes).
    Removing stm32f10x_rcc_1.o(i.RCC_GetITStatus), (24 bytes).
    Removing stm32f10x_rcc_1.o(i.RCC_GetSYSCLKSource), (16 bytes).
    Removing stm32f10x_rcc_1.o(i.RCC_HCLKConfig), (24 bytes).
    Removing stm32f10x_rcc_1.o(i.RCC_HSEConfig), (76 bytes).
    Removing stm32f10x_rcc_1.o(i.RCC_HSICmd), (12 bytes).
    Removing stm32f10x_rcc_1.o(i.RCC_ITConfig), (32 bytes).
    Removing stm32f10x_rcc_1.o(i.RCC_LSEConfig), (52 bytes).
    Removing stm32f10x_rcc_1.o(i.RCC_LSICmd), (12 bytes).
    Removing stm32f10x_rcc_1.o(i.RCC_MCOConfig), (12 bytes).
    Removing stm32f10x_rcc_1.o(i.RCC_PCLK1Config), (24 bytes).
    Removing stm32f10x_rcc_1.o(i.RCC_PCLK2Config), (24 bytes).
    Removing stm32f10x_rcc_1.o(i.RCC_PLLCmd), (12 bytes).
    Removing stm32f10x_rcc_1.o(i.RCC_PLLConfig), (28 bytes).
    Removing stm32f10x_rcc_1.o(i.RCC_RTCCLKCmd), (12 bytes).
    Removing stm32f10x_rcc_1.o(i.RCC_RTCCLKConfig), (16 bytes).
    Removing stm32f10x_rcc_1.o(i.RCC_SYSCLKConfig), (24 bytes).
    Removing stm32f10x_rcc_1.o(i.RCC_USBCLKConfig), (12 bytes).
    Removing stm32f10x_rcc_1.o(i.RCC_WaitForHSEStartUp), (56 bytes).
    Removing stm32f10x_rcc_1.o(.data), (20 bytes).
    Removing stm32f10x_rtc.o(i.RTC_ClearFlag), (16 bytes).
    Removing stm32f10x_rtc.o(i.RTC_ClearITPendingBit), (16 bytes).
    Removing stm32f10x_rtc.o(i.RTC_EnterConfigMode), (20 bytes).
    Removing stm32f10x_rtc.o(i.RTC_ExitConfigMode), (20 bytes).
    Removing stm32f10x_rtc.o(i.RTC_GetCounter), (20 bytes).
    Removing stm32f10x_rtc.o(i.RTC_GetDivider), (24 bytes).
    Removing stm32f10x_rtc.o(i.RTC_GetFlagStatus), (24 bytes).
    Removing stm32f10x_rtc.o(i.RTC_GetITStatus), (36 bytes).
    Removing stm32f10x_rtc.o(i.RTC_ITConfig), (32 bytes).
    Removing stm32f10x_rtc.o(i.RTC_SetAlarm), (28 bytes).
    Removing stm32f10x_rtc.o(i.RTC_SetCounter), (28 bytes).
    Removing stm32f10x_rtc.o(i.RTC_SetPrescaler), (32 bytes).
    Removing stm32f10x_rtc.o(i.RTC_WaitForLastTask), (20 bytes).
    Removing stm32f10x_rtc.o(i.RTC_WaitForSynchro), (36 bytes).
    Removing stm32f10x_sdio.o(i.SDIO_CEATAITCmd), (16 bytes).
    Removing stm32f10x_sdio.o(i.SDIO_ClearFlag), (12 bytes).
    Removing stm32f10x_sdio.o(i.SDIO_ClearITPendingBit), (12 bytes).
    Removing stm32f10x_sdio.o(i.SDIO_ClockCmd), (12 bytes).
    Removing stm32f10x_sdio.o(i.SDIO_CmdStructInit), (14 bytes).
    Removing stm32f10x_sdio.o(i.SDIO_CommandCompletionCmd), (12 bytes).
    Removing stm32f10x_sdio.o(i.SDIO_DMACmd), (12 bytes).
    Removing stm32f10x_sdio.o(i.SDIO_DataConfig), (48 bytes).
    Removing stm32f10x_sdio.o(i.SDIO_DataStructInit), (20 bytes).
    Removing stm32f10x_sdio.o(i.SDIO_DeInit), (36 bytes).
    Removing stm32f10x_sdio.o(i.SDIO_GetCommandResponse), (12 bytes).
    Removing stm32f10x_sdio.o(i.SDIO_GetDataCounter), (12 bytes).
    Removing stm32f10x_sdio.o(i.SDIO_GetFIFOCount), (12 bytes).
    Removing stm32f10x_sdio.o(i.SDIO_GetFlagStatus), (24 bytes).
    Removing stm32f10x_sdio.o(i.SDIO_GetITStatus), (24 bytes).
    Removing stm32f10x_sdio.o(i.SDIO_GetPowerState), (16 bytes).
    Removing stm32f10x_sdio.o(i.SDIO_GetResponse), (24 bytes).
    Removing stm32f10x_sdio.o(i.SDIO_ITConfig), (32 bytes).
    Removing stm32f10x_sdio.o(i.SDIO_Init), (48 bytes).
    Removing stm32f10x_sdio.o(i.SDIO_ReadData), (12 bytes).
    Removing stm32f10x_sdio.o(i.SDIO_SendCEATACmd), (12 bytes).
    Removing stm32f10x_sdio.o(i.SDIO_SendCommand), (44 bytes).
    Removing stm32f10x_sdio.o(i.SDIO_SendSDIOSuspendCmd), (12 bytes).
    Removing stm32f10x_sdio.o(i.SDIO_SetPowerState), (28 bytes).
    Removing stm32f10x_sdio.o(i.SDIO_SetSDIOOperation), (12 bytes).
    Removing stm32f10x_sdio.o(i.SDIO_SetSDIOReadWaitMode), (12 bytes).
    Removing stm32f10x_sdio.o(i.SDIO_StartSDIOReadWait), (12 bytes).
    Removing stm32f10x_sdio.o(i.SDIO_StopSDIOReadWait), (12 bytes).
    Removing stm32f10x_sdio.o(i.SDIO_StructInit), (16 bytes).
    Removing stm32f10x_sdio.o(i.SDIO_WriteData), (12 bytes).
    Removing stm32f10x_spi.o(i.I2S_Cmd), (24 bytes).
    Removing stm32f10x_spi.o(i.I2S_Init), (232 bytes).
    Removing stm32f10x_spi.o(i.I2S_StructInit), (20 bytes).
    Removing stm32f10x_spi.o(i.SPI_BiDirectionalLineConfig), (28 bytes).
    Removing stm32f10x_spi.o(i.SPI_CalculateCRC), (24 bytes).
    Removing stm32f10x_spi.o(i.SPI_Cmd), (24 bytes).
    Removing stm32f10x_spi.o(i.SPI_DataSizeConfig), (18 bytes).
    Removing stm32f10x_spi.o(i.SPI_GetCRC), (16 bytes).
    Removing stm32f10x_spi.o(i.SPI_GetCRCPolynomial), (6 bytes).
    Removing stm32f10x_spi.o(i.SPI_I2S_ClearFlag), (6 bytes).
    Removing stm32f10x_spi.o(i.SPI_I2S_ClearITPendingBit), (20 bytes).
    Removing stm32f10x_spi.o(i.SPI_I2S_DMACmd), (18 bytes).
    Removing stm32f10x_spi.o(i.SPI_I2S_DeInit), (88 bytes).
    Removing stm32f10x_spi.o(i.SPI_I2S_GetFlagStatus), (18 bytes).
    Removing stm32f10x_spi.o(i.SPI_I2S_GetITStatus), (52 bytes).
    Removing stm32f10x_spi.o(i.SPI_I2S_ITConfig), (32 bytes).
    Removing stm32f10x_spi.o(i.SPI_I2S_ReceiveData), (6 bytes).
    Removing stm32f10x_spi.o(i.SPI_I2S_SendData), (4 bytes).
    Removing stm32f10x_spi.o(i.SPI_Init), (60 bytes).
    Removing stm32f10x_spi.o(i.SPI_NSSInternalSoftwareConfig), (30 bytes).
    Removing stm32f10x_spi.o(i.SPI_SSOutputCmd), (24 bytes).
    Removing stm32f10x_spi.o(i.SPI_StructInit), (24 bytes).
    Removing stm32f10x_spi.o(i.SPI_TransmitCRC), (10 bytes).
    Removing stm32f10x_tim.o(i.TI1_Config), (128 bytes).
    Removing stm32f10x_tim.o(i.TI2_Config), (152 bytes).
    Removing stm32f10x_tim.o(i.TI3_Config), (144 bytes).
    Removing stm32f10x_tim.o(i.TI4_Config), (152 bytes).
    Removing stm32f10x_tim.o(i.TIM_ARRPreloadConfig), (24 bytes).
    Removing stm32f10x_tim.o(i.TIM_BDTRConfig), (32 bytes).
    Removing stm32f10x_tim.o(i.TIM_BDTRStructInit), (18 bytes).
    Removing stm32f10x_tim.o(i.TIM_CCPreloadControl), (24 bytes).
    Removing stm32f10x_tim.o(i.TIM_CCxCmd), (30 bytes).
    Removing stm32f10x_tim.o(i.TIM_CCxNCmd), (30 bytes).
    Removing stm32f10x_tim.o(i.TIM_ClearFlag), (6 bytes).
    Removing stm32f10x_tim.o(i.TIM_ClearOC1Ref), (18 bytes).
    Removing stm32f10x_tim.o(i.TIM_ClearOC2Ref), (24 bytes).
    Removing stm32f10x_tim.o(i.TIM_ClearOC3Ref), (18 bytes).
    Removing stm32f10x_tim.o(i.TIM_ClearOC4Ref), (24 bytes).
    Removing stm32f10x_tim.o(i.TIM_Cmd), (24 bytes).
    Removing stm32f10x_tim.o(i.TIM_CounterModeConfig), (18 bytes).
    Removing stm32f10x_tim.o(i.TIM_CtrlPWMOutputs), (30 bytes).
    Removing stm32f10x_tim.o(i.TIM_DMACmd), (18 bytes).
    Removing stm32f10x_tim.o(i.TIM_DMAConfig), (10 bytes).
    Removing stm32f10x_tim.o(i.TIM_DeInit), (488 bytes).
    Removing stm32f10x_tim.o(i.TIM_ETRClockMode1Config), (54 bytes).
    Removing stm32f10x_tim.o(i.TIM_ETRClockMode2Config), (32 bytes).
    Removing stm32f10x_tim.o(i.TIM_ETRConfig), (28 bytes).
    Removing stm32f10x_tim.o(i.TIM_EncoderInterfaceConfig), (66 bytes).
    Removing stm32f10x_tim.o(i.TIM_ForcedOC1Config), (18 bytes).
    Removing stm32f10x_tim.o(i.TIM_ForcedOC2Config), (26 bytes).
    Removing stm32f10x_tim.o(i.TIM_ForcedOC3Config), (18 bytes).
    Removing stm32f10x_tim.o(i.TIM_ForcedOC4Config), (26 bytes).
    Removing stm32f10x_tim.o(i.TIM_GenerateEvent), (4 bytes).
    Removing stm32f10x_tim.o(i.TIM_GetCapture1), (6 bytes).
    Removing stm32f10x_tim.o(i.TIM_GetCapture2), (6 bytes).
    Removing stm32f10x_tim.o(i.TIM_GetCapture3), (6 bytes).
    Removing stm32f10x_tim.o(i.TIM_GetCapture4), (8 bytes).
    Removing stm32f10x_tim.o(i.TIM_GetCounter), (6 bytes).
    Removing stm32f10x_tim.o(i.TIM_GetFlagStatus), (18 bytes).
    Removing stm32f10x_tim.o(i.TIM_GetPrescaler), (6 bytes).
    Removing stm32f10x_tim.o(i.TIM_ICInit), (172 bytes).
    Removing stm32f10x_tim.o(i.TIM_ICStructInit), (18 bytes).
    Removing stm32f10x_tim.o(i.TIM_ITConfig), (18 bytes).
    Removing stm32f10x_tim.o(i.TIM_ITRxExternalClockConfig), (24 bytes).
    Removing stm32f10x_tim.o(i.TIM_InternalClockConfig), (12 bytes).
    Removing stm32f10x_tim.o(i.TIM_OC1FastConfig), (18 bytes).
    Removing stm32f10x_tim.o(i.TIM_OC1Init), (152 bytes).
    Removing stm32f10x_tim.o(i.TIM_OC1NPolarityConfig), (18 bytes).
    Removing stm32f10x_tim.o(i.TIM_OC1PolarityConfig), (18 bytes).
    Removing stm32f10x_tim.o(i.TIM_OC1PreloadConfig), (18 bytes).
    Removing stm32f10x_tim.o(i.TIM_OC2FastConfig), (26 bytes).
    Removing stm32f10x_tim.o(i.TIM_OC2Init), (164 bytes).
    Removing stm32f10x_tim.o(i.TIM_OC2NPolarityConfig), (26 bytes).
    Removing stm32f10x_tim.o(i.TIM_OC2PolarityConfig), (26 bytes).
    Removing stm32f10x_tim.o(i.TIM_OC2PreloadConfig), (26 bytes).
    Removing stm32f10x_tim.o(i.TIM_OC3FastConfig), (18 bytes).
    Removing stm32f10x_tim.o(i.TIM_OC3Init), (160 bytes).
    Removing stm32f10x_tim.o(i.TIM_OC3NPolarityConfig), (26 bytes).
    Removing stm32f10x_tim.o(i.TIM_OC3PolarityConfig), (26 bytes).
    Removing stm32f10x_tim.o(i.TIM_OC3PreloadConfig), (18 bytes).
    Removing stm32f10x_tim.o(i.TIM_OC4FastConfig), (26 bytes).
    Removing stm32f10x_tim.o(i.TIM_OC4Init), (124 bytes).
    Removing stm32f10x_tim.o(i.TIM_OC4PolarityConfig), (26 bytes).
    Removing stm32f10x_tim.o(i.TIM_OC4PreloadConfig), (26 bytes).
    Removing stm32f10x_tim.o(i.TIM_OCStructInit), (20 bytes).
    Removing stm32f10x_tim.o(i.TIM_PWMIConfig), (124 bytes).
    Removing stm32f10x_tim.o(i.TIM_PrescalerConfig), (6 bytes).
    Removing stm32f10x_tim.o(i.TIM_SelectCCDMA), (24 bytes).
    Removing stm32f10x_tim.o(i.TIM_SelectCOM), (24 bytes).
    Removing stm32f10x_tim.o(i.TIM_SelectHallSensor), (24 bytes).
    Removing stm32f10x_tim.o(i.TIM_SelectInputTrigger), (18 bytes).
    Removing stm32f10x_tim.o(i.TIM_SelectMasterSlaveMode), (18 bytes).
    Removing stm32f10x_tim.o(i.TIM_SelectOCxM), (82 bytes).
    Removing stm32f10x_tim.o(i.TIM_SelectOnePulseMode), (18 bytes).
    Removing stm32f10x_tim.o(i.TIM_SelectOutputTrigger), (18 bytes).
    Removing stm32f10x_tim.o(i.TIM_SelectSlaveMode), (18 bytes).
    Removing stm32f10x_tim.o(i.TIM_SetAutoreload), (4 bytes).
    Removing stm32f10x_tim.o(i.TIM_SetClockDivision), (18 bytes).
    Removing stm32f10x_tim.o(i.TIM_SetCompare1), (4 bytes).
    Removing stm32f10x_tim.o(i.TIM_SetCompare2), (4 bytes).
    Removing stm32f10x_tim.o(i.TIM_SetCompare3), (4 bytes).
    Removing stm32f10x_tim.o(i.TIM_SetCompare4), (6 bytes).
    Removing stm32f10x_tim.o(i.TIM_SetCounter), (4 bytes).
    Removing stm32f10x_tim.o(i.TIM_SetIC1Prescaler), (18 bytes).
    Removing stm32f10x_tim.o(i.TIM_SetIC2Prescaler), (26 bytes).
    Removing stm32f10x_tim.o(i.TIM_SetIC3Prescaler), (18 bytes).
    Removing stm32f10x_tim.o(i.TIM_SetIC4Prescaler), (26 bytes).
    Removing stm32f10x_tim.o(i.TIM_TIxExternalClockConfig), (62 bytes).
    Removing stm32f10x_tim.o(i.TIM_TimeBaseInit), (164 bytes).
    Removing stm32f10x_tim.o(i.TIM_TimeBaseStructInit), (18 bytes).
    Removing stm32f10x_tim.o(i.TIM_UpdateDisableConfig), (24 bytes).
    Removing stm32f10x_tim.o(i.TIM_UpdateRequestConfig), (24 bytes).
    Removing stm32f10x_usart.o(i.USART_ClockInit), (34 bytes).
    Removing stm32f10x_usart.o(i.USART_ClockStructInit), (12 bytes).
    Removing stm32f10x_usart.o(i.USART_Cmd), (24 bytes).
    Removing stm32f10x_usart.o(i.USART_DMACmd), (18 bytes).
    Removing stm32f10x_usart.o(i.USART_DeInit), (156 bytes).
    Removing stm32f10x_usart.o(i.USART_HalfDuplexCmd), (24 bytes).
    Removing stm32f10x_usart.o(i.USART_ITConfig), (74 bytes).
    Removing stm32f10x_usart.o(i.USART_Init), (216 bytes).
    Removing stm32f10x_usart.o(i.USART_IrDACmd), (24 bytes).
    Removing stm32f10x_usart.o(i.USART_IrDAConfig), (18 bytes).
    Removing stm32f10x_usart.o(i.USART_LINBreakDetectLengthConfig), (18 bytes).
    Removing stm32f10x_usart.o(i.USART_LINCmd), (24 bytes).
    Removing stm32f10x_usart.o(i.USART_OneBitMethodCmd), (24 bytes).
    Removing stm32f10x_usart.o(i.USART_OverSampling8Cmd), (22 bytes).
    Removing stm32f10x_usart.o(i.USART_ReceiverWakeUpCmd), (24 bytes).
    Removing stm32f10x_usart.o(i.USART_SendBreak), (10 bytes).
    Removing stm32f10x_usart.o(i.USART_SetAddress), (18 bytes).
    Removing stm32f10x_usart.o(i.USART_SetGuardTime), (16 bytes).
    Removing stm32f10x_usart.o(i.USART_SetPrescaler), (16 bytes).
    Removing stm32f10x_usart.o(i.USART_SmartCardCmd), (24 bytes).
    Removing stm32f10x_usart.o(i.USART_SmartCardNACKCmd), (24 bytes).
    Removing stm32f10x_usart.o(i.USART_StructInit), (24 bytes).
    Removing stm32f10x_usart.o(i.USART_WakeUpConfig), (18 bytes).

475 unused section(s) (total 20666 bytes) removed from the image.

==============================================================================

Image Symbol Table

    Local Symbols

    Symbol Name                              Value     Ov Type        Size  Object(Section)

    ../clib/microlib/init/entry.s            0x00000000   Number         0  entry.o ABSOLUTE
    ../clib/microlib/init/entry.s            0x00000000   Number         0  entry9a.o ABSOLUTE
    ../clib/microlib/init/entry.s            0x00000000   Number         0  entry2.o ABSOLUTE
    ../clib/microlib/init/entry.s            0x00000000   Number         0  entry8a.o ABSOLUTE
    ../clib/microlib/init/entry.s            0x00000000   Number         0  entry5.o ABSOLUTE
    ../clib/microlib/init/entry.s            0x00000000   Number         0  entry7b.o ABSOLUTE
    ../clib/microlib/init/entry.s            0x00000000   Number         0  entry7a.o ABSOLUTE
    ../clib/microlib/init/entry.s            0x00000000   Number         0  entry11b.o ABSOLUTE
    ../clib/microlib/init/entry.s            0x00000000   Number         0  entry11a.o ABSOLUTE
    ../clib/microlib/init/entry.s            0x00000000   Number         0  entry10b.o ABSOLUTE
    ../clib/microlib/init/entry.s            0x00000000   Number         0  entry8b.o ABSOLUTE
    ../clib/microlib/init/entry.s            0x00000000   Number         0  entry10a.o ABSOLUTE
    ../clib/microlib/init/entry.s            0x00000000   Number         0  entry9b.o ABSOLUTE
    APP\SysConfig.c                          0x00000000   Number         0  sysconfig.o ABSOLUTE
    APP\TimeRead.c                           0x00000000   Number         0  timeread.o ABSOLUTE
    APP\led\led.c                            0x00000000   Number         0  led.o ABSOLUTE
    APP\uart.c                               0x00000000   Number         0  uart.o ABSOLUTE
    Libraries\CMSIS\core_cm3.c               0x00000000   Number         0  core_cm3.o ABSOLUTE
    Libraries\CMSIS\startup_stm32f10x_hd.s   0x00000000   Number         0  startup_stm32f10x_hd.o ABSOLUTE
    Libraries\CMSIS\system_stm32f10x.c       0x00000000   Number         0  system_stm32f10x.o ABSOLUTE
    Libraries\LIB\src\misc.c                 0x00000000   Number         0  misc.o ABSOLUTE
    Libraries\LIB\src\stm32f10x_adc.c        0x00000000   Number         0  stm32f10x_adc.o ABSOLUTE
    Libraries\LIB\src\stm32f10x_bkp.c        0x00000000   Number         0  stm32f10x_bkp.o ABSOLUTE
    Libraries\LIB\src\stm32f10x_can.c        0x00000000   Number         0  stm32f10x_can.o ABSOLUTE
    Libraries\LIB\src\stm32f10x_cec.c        0x00000000   Number         0  stm32f10x_cec.o ABSOLUTE
    Libraries\LIB\src\stm32f10x_crc.c        0x00000000   Number         0  stm32f10x_crc.o ABSOLUTE
    Libraries\LIB\src\stm32f10x_dac.c        0x00000000   Number         0  stm32f10x_dac.o ABSOLUTE
    Libraries\LIB\src\stm32f10x_dbgmcu.c     0x00000000   Number         0  stm32f10x_dbgmcu.o ABSOLUTE
    Libraries\LIB\src\stm32f10x_dma.c        0x00000000   Number         0  stm32f10x_dma.o ABSOLUTE
    Libraries\LIB\src\stm32f10x_exti.c       0x00000000   Number         0  stm32f10x_exti.o ABSOLUTE
    Libraries\LIB\src\stm32f10x_flash.c      0x00000000   Number         0  stm32f10x_flash.o ABSOLUTE
    Libraries\LIB\src\stm32f10x_fsmc.c       0x00000000   Number         0  stm32f10x_fsmc.o ABSOLUTE
    Libraries\LIB\src\stm32f10x_gpio.c       0x00000000   Number         0  stm32f10x_gpio_1.o ABSOLUTE
    Libraries\LIB\src\stm32f10x_i2c.c        0x00000000   Number         0  stm32f10x_i2c.o ABSOLUTE
    Libraries\LIB\src\stm32f10x_iwdg.c       0x00000000   Number         0  stm32f10x_iwdg.o ABSOLUTE
    Libraries\LIB\src\stm32f10x_pwr.c        0x00000000   Number         0  stm32f10x_pwr.o ABSOLUTE
    Libraries\LIB\src\stm32f10x_rcc.c        0x00000000   Number         0  stm32f10x_rcc_1.o ABSOLUTE
    Libraries\LIB\src\stm32f10x_rtc.c        0x00000000   Number         0  stm32f10x_rtc.o ABSOLUTE
    Libraries\LIB\src\stm32f10x_sdio.c       0x00000000   Number         0  stm32f10x_sdio.o ABSOLUTE
    Libraries\LIB\src\stm32f10x_spi.c        0x00000000   Number         0  stm32f10x_spi.o ABSOLUTE
    Libraries\LIB\src\stm32f10x_tim.c        0x00000000   Number         0  stm32f10x_tim.o ABSOLUTE
    Libraries\LIB\src\stm32f10x_usart.c      0x00000000   Number         0  stm32f10x_usart.o ABSOLUTE
    Libraries\LIB\src\stm32f10x_wwdg.c       0x00000000   Number         0  stm32f10x_wwdg.o ABSOLUTE
    Libraries\\CMSIS\\core_cm3.c             0x00000000   Number         0  core_cm3.o ABSOLUTE
    User\main.c                              0x00000000   Number         0  main.o ABSOLUTE
    dc.s                                     0x00000000   Number         0  dc.o ABSOLUTE
    handlers.s                               0x00000000   Number         0  handlers.o ABSOLUTE
    init.s                                   0x00000000   Number         0  init.o ABSOLUTE
    RESET                                    0x08000000   Section      304  startup_stm32f10x_hd.o(RESET)
    .ARM.Collect$$$$00000000                 0x08000130   Section        0  entry.o(.ARM.Collect$$$$00000000)
    .ARM.Collect$$$$00000001                 0x08000130   Section        4  entry2.o(.ARM.Collect$$$$00000001)
    .ARM.Collect$$$$00000004                 0x08000134   Section        4  entry5.o(.ARM.Collect$$$$00000004)
    .ARM.Collect$$$$00000008                 0x08000138   Section        0  entry7b.o(.ARM.Collect$$$$00000008)
    .ARM.Collect$$$$0000000A                 0x08000138   Section        0  entry8b.o(.ARM.Collect$$$$0000000A)
    .ARM.Collect$$$$0000000B                 0x08000138   Section        8  entry9a.o(.ARM.Collect$$$$0000000B)
    .ARM.Collect$$$$0000000D                 0x08000140   Section        0  entry10a.o(.ARM.Collect$$$$0000000D)
    .ARM.Collect$$$$0000000F                 0x08000140   Section        0  entry11a.o(.ARM.Collect$$$$0000000F)
    .ARM.Collect$$$$00002712                 0x08000140   Section        4  entry2.o(.ARM.Collect$$$$00002712)
    __lit__00000000                          0x08000140   Data           4  entry2.o(.ARM.Collect$$$$00002712)
    .text                                    0x08000144   Section       36  startup_stm32f10x_hd.o(.text)
    .text                                    0x08000168   Section       36  init.o(.text)
    i.AddKey1                                0x0800018c   Section        0  led.o(i.AddKey1)
    i.AddKey2                                0x080001b2   Section        0  led.o(i.AddKey2)
    i.EXTI0_IRQHandler                       0x080001d8   Section        0  sysconfig.o(i.EXTI0_IRQHandler)
    i.EXTI_ClearITPendingBit                 0x08000204   Section        0  stm32f10x_exti.o(i.EXTI_ClearITPendingBit)
    i.EXTI_GetFlagStatus                     0x08000210   Section        0  stm32f10x_exti.o(i.EXTI_GetFlagStatus)
    i.GPIO_Init                              0x08000228   Section        0  stm32f10x_gpio_1.o(i.GPIO_Init)
    i.GPIO_Init1                             0x08000340   Section        0  led.o(i.GPIO_Init1)
    i.GPIO_ReadInputDataBit                  0x080003a4   Section        0  stm32f10x_gpio_1.o(i.GPIO_ReadInputDataBit)
    i.GPIO_ResetBits                         0x080003b6   Section        0  stm32f10x_gpio_1.o(i.GPIO_ResetBits)
    i.GPIO_SetBits                           0x080003ba   Section        0  stm32f10x_gpio_1.o(i.GPIO_SetBits)
    i.HYM8563_Read_time                      0x080003c0   Section        0  timeread.o(i.HYM8563_Read_time)
    i.HYM8563_Write_OneByte                  0x0800052c   Section        0  timeread.o(i.HYM8563_Write_OneByte)
    i.HYM8653_Init                           0x0800055a   Section        0  timeread.o(i.HYM8653_Init)
    i.IIC_Ack                                0x08000592   Section        0  timeread.o(i.IIC_Ack)
    i.IIC_NAck                               0x080005be   Section        0  timeread.o(i.IIC_NAck)
    i.IIC_Read_Byte                          0x080005ea   Section        0  timeread.o(i.IIC_Read_Byte)
    i.IIC_Send_Byte                          0x08000638   Section        0  timeread.o(i.IIC_Send_Byte)
    i.IIC_Start                              0x08000694   Section        0  timeread.o(i.IIC_Start)
    i.IIC_Stop                               0x080006c0   Section        0  timeread.o(i.IIC_Stop)
    i.IIC_Wait_Ack                           0x080006ec   Section        0  timeread.o(i.IIC_Wait_Ack)
    i.Key_Control                            0x0800072c   Section        0  led.o(i.Key_Control)
    i.LED_Disp                               0x08000cb8   Section        0  led.o(i.LED_Disp)
    i.LED_Set_Disp                           0x08000f7c   Section        0  led.o(i.LED_Set_Disp)
    i.RCC_ADCCLKConfig                       0x08001258   Section        0  stm32f10x_rcc_1.o(i.RCC_ADCCLKConfig)
    i.RCC_AHBPeriphClockCmd                  0x08001270   Section        0  stm32f10x_rcc_1.o(i.RCC_AHBPeriphClockCmd)
    i.RCC_APB1PeriphClockCmd                 0x08001290   Section        0  stm32f10x_rcc_1.o(i.RCC_APB1PeriphClockCmd)
    i.RCC_APB2PeriphClockCmd                 0x080012b0   Section        0  stm32f10x_rcc_1.o(i.RCC_APB2PeriphClockCmd)
    i.RCC_Configuration                      0x080012d0   Section        0  sysconfig.o(i.RCC_Configuration)
    i.ReduKey1                               0x080012f6   Section        0  led.o(i.ReduKey1)
    i.ReduKey2                               0x08001318   Section        0  led.o(i.ReduKey2)
    i.SCL_DATA_OUT                           0x0800133c   Section        0  timeread.o(i.SCL_DATA_OUT)
    i.SCL_OUT                                0x08001360   Section        0  timeread.o(i.SCL_OUT)
    i.SDA_DATA_IN                            0x08001384   Section        0  timeread.o(i.SDA_DATA_IN)
    i.SDA_DATA_OUT                           0x0800139c   Section        0  timeread.o(i.SDA_DATA_OUT)
    i.SDA_IN                                 0x080013c0   Section        0  timeread.o(i.SDA_IN)
    i.SDA_OUT                                0x080013e4   Section        0  timeread.o(i.SDA_OUT)
    i.SetSysClock                            0x08001408   Section        0  system_stm32f10x.o(i.SetSysClock)
    SetSysClock                              0x08001409   Thumb Code     8  system_stm32f10x.o(i.SetSysClock)
    i.SetSysClockTo72                        0x08001410   Section        0  system_stm32f10x.o(i.SetSysClockTo72)
    SetSysClockTo72                          0x08001411   Thumb Code   214  system_stm32f10x.o(i.SetSysClockTo72)
    i.SystemInit                             0x080014f0   Section        0  system_stm32f10x.o(i.SystemInit)
    i.TIM2_IRQHandler                        0x08001550   Section        0  sysconfig.o(i.TIM2_IRQHandler)
    i.TIM_ClearITPendingBit                  0x08001590   Section        0  stm32f10x_tim.o(i.TIM_ClearITPendingBit)
    i.TIM_GetITStatus                        0x08001596   Section        0  stm32f10x_tim.o(i.TIM_GetITStatus)
    i.USART1_IRQHandler                      0x080015b8   Section        0  uart.o(i.USART1_IRQHandler)
    i.USART_ClearFlag                        0x0800165c   Section        0  stm32f10x_usart.o(i.USART_ClearFlag)
    i.USART_ClearITPendingBit                0x0800166e   Section        0  stm32f10x_usart.o(i.USART_ClearITPendingBit)
    i.USART_GetFlagStatus                    0x0800168c   Section        0  stm32f10x_usart.o(i.USART_GetFlagStatus)
    i.USART_GetITStatus                      0x080016a6   Section        0  stm32f10x_usart.o(i.USART_GetITStatus)
    i.USART_ReceiveData                      0x080016fa   Section        0  stm32f10x_usart.o(i.USART_ReceiveData)
    i.USART_SendData                         0x08001704   Section        0  stm32f10x_usart.o(i.USART_SendData)
    i.__scatterload_copy                     0x0800170c   Section       14  handlers.o(i.__scatterload_copy)
    i.__scatterload_null                     0x0800171a   Section        2  handlers.o(i.__scatterload_null)
    i.__scatterload_zeroinit                 0x0800171c   Section       14  handlers.o(i.__scatterload_zeroinit)
    i.delay                                  0x0800172a   Section        0  led.o(i.delay)
    i.delay_us                               0x08001740   Section        0  sysconfig.o(i.delay_us)
    i.display                                0x0800175c   Section        0  led.o(i.display)
    i.display2                               0x080017b8   Section        0  led.o(i.display2)
    i.indate                                 0x080017fc   Section        0  led.o(i.indate)
    i.main                                   0x0800183c   Section        0  main.o(i.main)
    .data                                    0x20000000   Section        1  main.o(.data)
    .data                                    0x20000001   Section       47  led.o(.data)
    .data                                    0x20000030   Section       79  timeread.o(.data)
    .data                                    0x20000080   Section        8  uart.o(.data)
    .bss                                     0x20000088   Section       20  timeread.o(.bss)
    .bss                                     0x2000009c   Section      460  uart.o(.bss)
    STACK                                    0x20000268   Section     1024  startup_stm32f10x_hd.o(STACK)

    Global Symbols

    Symbol Name                              Value     Ov Type        Size  Object(Section)

    BuildAttributes$$THM_ISAv4$P$D$K$B$S$PE$A:L22UL41UL21$X:L11$S22US41US21$IEEE1$IW$USESV6$~STKCKD$USESV7$~SHL$OSPACE$EBA8$MICROLIB$REQ8$PRES8$EABIv2 0x00000000   Number         0  anon$$obj.o ABSOLUTE
    __ARM_use_no_argv                        0x00000000   Number         0  main.o ABSOLUTE
    __cpp_initialize__aeabi_                  - Undefined Weak Reference
    __cxa_finalize                            - Undefined Weak Reference
    __decompress                              - Undefined Weak Reference
    _clock_init                               - Undefined Weak Reference
    _microlib_exit                            - Undefined Weak Reference
    __Vectors_Size                           0x00000130   Number         0  startup_stm32f10x_hd.o ABSOLUTE
    __Vectors                                0x08000000   Data           4  startup_stm32f10x_hd.o(RESET)
    __Vectors_End                            0x08000130   Data           0  startup_stm32f10x_hd.o(RESET)
    __main                                   0x08000131   Thumb Code     0  entry.o(.ARM.Collect$$$$00000000)
    _main_stk                                0x08000131   Thumb Code     0  entry2.o(.ARM.Collect$$$$00000001)
    _main_scatterload                        0x08000135   Thumb Code     0  entry5.o(.ARM.Collect$$$$00000004)
    __main_after_scatterload                 0x08000139   Thumb Code     0  entry5.o(.ARM.Collect$$$$00000004)
    _main_clock                              0x08000139   Thumb Code     0  entry7b.o(.ARM.Collect$$$$00000008)
    _main_cpp_init                           0x08000139   Thumb Code     0  entry8b.o(.ARM.Collect$$$$0000000A)
    _main_init                               0x08000139   Thumb Code     0  entry9a.o(.ARM.Collect$$$$0000000B)
    __rt_final_cpp                           0x08000141   Thumb Code     0  entry10a.o(.ARM.Collect$$$$0000000D)
    __rt_final_exit                          0x08000141   Thumb Code     0  entry11a.o(.ARM.Collect$$$$0000000F)
    Reset_Handler                            0x08000145   Thumb Code     8  startup_stm32f10x_hd.o(.text)
    NMI_Handler                              0x0800014d   Thumb Code     2  startup_stm32f10x_hd.o(.text)
    HardFault_Handler                        0x0800014f   Thumb Code     2  startup_stm32f10x_hd.o(.text)
    MemManage_Handler                        0x08000151   Thumb Code     2  startup_stm32f10x_hd.o(.text)
    BusFault_Handler                         0x08000153   Thumb Code     2  startup_stm32f10x_hd.o(.text)
    UsageFault_Handler                       0x08000155   Thumb Code     2  startup_stm32f10x_hd.o(.text)
    SVC_Handler                              0x08000157   Thumb Code     2  startup_stm32f10x_hd.o(.text)
    DebugMon_Handler                         0x08000159   Thumb Code     2  startup_stm32f10x_hd.o(.text)
    PendSV_Handler                           0x0800015b   Thumb Code     2  startup_stm32f10x_hd.o(.text)
    SysTick_Handler                          0x0800015d   Thumb Code     2  startup_stm32f10x_hd.o(.text)
    ADC1_2_IRQHandler                        0x0800015f   Thumb Code     0  startup_stm32f10x_hd.o(.text)
    ADC3_IRQHandler                          0x0800015f   Thumb Code     0  startup_stm32f10x_hd.o(.text)
    CAN1_RX1_IRQHandler                      0x0800015f   Thumb Code     0  startup_stm32f10x_hd.o(.text)
    CAN1_SCE_IRQHandler                      0x0800015f   Thumb Code     0  startup_stm32f10x_hd.o(.text)
    DMA1_Channel1_IRQHandler                 0x0800015f   Thumb Code     0  startup_stm32f10x_hd.o(.text)
    DMA1_Channel2_IRQHandler                 0x0800015f   Thumb Code     0  startup_stm32f10x_hd.o(.text)
    DMA1_Channel3_IRQHandler                 0x0800015f   Thumb Code     0  startup_stm32f10x_hd.o(.text)
    DMA1_Channel4_IRQHandler                 0x0800015f   Thumb Code     0  startup_stm32f10x_hd.o(.text)
    DMA1_Channel5_IRQHandler                 0x0800015f   Thumb Code     0  startup_stm32f10x_hd.o(.text)
    DMA1_Channel6_IRQHandler                 0x0800015f   Thumb Code     0  startup_stm32f10x_hd.o(.text)
    DMA1_Channel7_IRQHandler                 0x0800015f   Thumb Code     0  startup_stm32f10x_hd.o(.text)
    DMA2_Channel1_IRQHandler                 0x0800015f   Thumb Code     0  startup_stm32f10x_hd.o(.text)
    DMA2_Channel2_IRQHandler                 0x0800015f   Thumb Code     0  startup_stm32f10x_hd.o(.text)
    DMA2_Channel3_IRQHandler                 0x0800015f   Thumb Code     0  startup_stm32f10x_hd.o(.text)
    DMA2_Channel4_5_IRQHandler               0x0800015f   Thumb Code     0  startup_stm32f10x_hd.o(.text)
    EXTI15_10_IRQHandler                     0x0800015f   Thumb Code     0  startup_stm32f10x_hd.o(.text)
    EXTI1_IRQHandler                         0x0800015f   Thumb Code     0  startup_stm32f10x_hd.o(.text)
    EXTI2_IRQHandler                         0x0800015f   Thumb Code     0  startup_stm32f10x_hd.o(.text)
    EXTI3_IRQHandler                         0x0800015f   Thumb Code     0  startup_stm32f10x_hd.o(.text)
    EXTI4_IRQHandler                         0x0800015f   Thumb Code     0  startup_stm32f10x_hd.o(.text)
    EXTI9_5_IRQHandler                       0x0800015f   Thumb Code     0  startup_stm32f10x_hd.o(.text)
    FLASH_IRQHandler                         0x0800015f   Thumb Code     0  startup_stm32f10x_hd.o(.text)
    FSMC_IRQHandler                          0x0800015f   Thumb Code     0  startup_stm32f10x_hd.o(.text)
    I2C1_ER_IRQHandler                       0x0800015f   Thumb Code     0  startup_stm32f10x_hd.o(.text)
    I2C1_EV_IRQHandler                       0x0800015f   Thumb Code     0  startup_stm32f10x_hd.o(.text)
    I2C2_ER_IRQHandler                       0x0800015f   Thumb Code     0  startup_stm32f10x_hd.o(.text)
    I2C2_EV_IRQHandler                       0x0800015f   Thumb Code     0  startup_stm32f10x_hd.o(.text)
    PVD_IRQHandler                           0x0800015f   Thumb Code     0  startup_stm32f10x_hd.o(.text)
    RCC_IRQHandler                           0x0800015f   Thumb Code     0  startup_stm32f10x_hd.o(.text)
    RTCAlarm_IRQHandler                      0x0800015f   Thumb Code     0  startup_stm32f10x_hd.o(.text)
    RTC_IRQHandler                           0x0800015f   Thumb Code     0  startup_stm32f10x_hd.o(.text)
    SDIO_IRQHandler                          0x0800015f   Thumb Code     0  startup_stm32f10x_hd.o(.text)
    SPI1_IRQHandler                          0x0800015f   Thumb Code     0  startup_stm32f10x_hd.o(.text)
    SPI2_IRQHandler                          0x0800015f   Thumb Code     0  startup_stm32f10x_hd.o(.text)
    SPI3_IRQHandler                          0x0800015f   Thumb Code     0  startup_stm32f10x_hd.o(.text)
    TAMPER_IRQHandler                        0x0800015f   Thumb Code     0  startup_stm32f10x_hd.o(.text)
    TIM1_BRK_IRQHandler                      0x0800015f   Thumb Code     0  startup_stm32f10x_hd.o(.text)
    TIM1_CC_IRQHandler                       0x0800015f   Thumb Code     0  startup_stm32f10x_hd.o(.text)
    TIM1_TRG_COM_IRQHandler                  0x0800015f   Thumb Code     0  startup_stm32f10x_hd.o(.text)
    TIM1_UP_IRQHandler                       0x0800015f   Thumb Code     0  startup_stm32f10x_hd.o(.text)
    TIM3_IRQHandler                          0x0800015f   Thumb Code     0  startup_stm32f10x_hd.o(.text)
    TIM4_IRQHandler                          0x0800015f   Thumb Code     0  startup_stm32f10x_hd.o(.text)
    TIM5_IRQHandler                          0x0800015f   Thumb Code     0  startup_stm32f10x_hd.o(.text)
    TIM6_IRQHandler                          0x0800015f   Thumb Code     0  startup_stm32f10x_hd.o(.text)
    TIM7_IRQHandler                          0x0800015f   Thumb Code     0  startup_stm32f10x_hd.o(.text)
    TIM8_BRK_IRQHandler                      0x0800015f   Thumb Code     0  startup_stm32f10x_hd.o(.text)
    TIM8_CC_IRQHandler                       0x0800015f   Thumb Code     0  startup_stm32f10x_hd.o(.text)
    TIM8_TRG_COM_IRQHandler                  0x0800015f   Thumb Code     0  startup_stm32f10x_hd.o(.text)
    TIM8_UP_IRQHandler                       0x0800015f   Thumb Code     0  startup_stm32f10x_hd.o(.text)
    UART4_IRQHandler                         0x0800015f   Thumb Code     0  startup_stm32f10x_hd.o(.text)
    UART5_IRQHandler                         0x0800015f   Thumb Code     0  startup_stm32f10x_hd.o(.text)
    USART2_IRQHandler                        0x0800015f   Thumb Code     0  startup_stm32f10x_hd.o(.text)
    USART3_IRQHandler                        0x0800015f   Thumb Code     0  startup_stm32f10x_hd.o(.text)
    USBWakeUp_IRQHandler                     0x0800015f   Thumb Code     0  startup_stm32f10x_hd.o(.text)
    USB_HP_CAN1_TX_IRQHandler                0x0800015f   Thumb Code     0  startup_stm32f10x_hd.o(.text)
    USB_LP_CAN1_RX0_IRQHandler               0x0800015f   Thumb Code     0  startup_stm32f10x_hd.o(.text)
    WWDG_IRQHandler                          0x0800015f   Thumb Code     0  startup_stm32f10x_hd.o(.text)
    __scatterload                            0x08000169   Thumb Code    28  init.o(.text)
    __scatterload_rt2                        0x08000169   Thumb Code     0  init.o(.text)
    AddKey1                                  0x0800018d   Thumb Code    38  led.o(i.AddKey1)
    AddKey2                                  0x080001b3   Thumb Code    38  led.o(i.AddKey2)
    EXTI0_IRQHandler                         0x080001d9   Thumb Code    34  sysconfig.o(i.EXTI0_IRQHandler)
    EXTI_ClearITPendingBit                   0x08000205   Thumb Code     6  stm32f10x_exti.o(i.EXTI_ClearITPendingBit)
    EXTI_GetFlagStatus                       0x08000211   Thumb Code    20  stm32f10x_exti.o(i.EXTI_GetFlagStatus)
    GPIO_Init                                0x08000229   Thumb Code   278  stm32f10x_gpio_1.o(i.GPIO_Init)
    GPIO_Init1                               0x08000341   Thumb Code    82  led.o(i.GPIO_Init1)
    GPIO_ReadInputDataBit                    0x080003a5   Thumb Code    18  stm32f10x_gpio_1.o(i.GPIO_ReadInputDataBit)
    GPIO_ResetBits                           0x080003b7   Thumb Code     4  stm32f10x_gpio_1.o(i.GPIO_ResetBits)
    GPIO_SetBits                             0x080003bb   Thumb Code     4  stm32f10x_gpio_1.o(i.GPIO_SetBits)
    HYM8563_Read_time                        0x080003c1   Thumb Code   306  timeread.o(i.HYM8563_Read_time)
    HYM8563_Write_OneByte                    0x0800052d   Thumb Code    46  timeread.o(i.HYM8563_Write_OneByte)
    HYM8653_Init                             0x0800055b   Thumb Code    56  timeread.o(i.HYM8653_Init)
    IIC_Ack                                  0x08000593   Thumb Code    44  timeread.o(i.IIC_Ack)
    IIC_NAck                                 0x080005bf   Thumb Code    44  timeread.o(i.IIC_NAck)
    IIC_Read_Byte                            0x080005eb   Thumb Code    76  timeread.o(i.IIC_Read_Byte)
    IIC_Send_Byte                            0x08000639   Thumb Code    86  timeread.o(i.IIC_Send_Byte)
    IIC_Start                                0x08000695   Thumb Code    44  timeread.o(i.IIC_Start)
    IIC_Stop                                 0x080006c1   Thumb Code    44  timeread.o(i.IIC_Stop)
    IIC_Wait_Ack                             0x080006ed   Thumb Code    64  timeread.o(i.IIC_Wait_Ack)
    Key_Control                              0x0800072d   Thumb Code  1354  led.o(i.Key_Control)
    LED_Disp                                 0x08000cb9   Thumb Code   566  led.o(i.LED_Disp)
    LED_Set_Disp                             0x08000f7d   Thumb Code   590  led.o(i.LED_Set_Disp)
    RCC_ADCCLKConfig                         0x08001259   Thumb Code    18  stm32f10x_rcc_1.o(i.RCC_ADCCLKConfig)
    RCC_AHBPeriphClockCmd                    0x08001271   Thumb Code    26  stm32f10x_rcc_1.o(i.RCC_AHBPeriphClockCmd)
    RCC_APB1PeriphClockCmd                   0x08001291   Thumb Code    26  stm32f10x_rcc_1.o(i.RCC_APB1PeriphClockCmd)
    RCC_APB2PeriphClockCmd                   0x080012b1   Thumb Code    26  stm32f10x_rcc_1.o(i.RCC_APB2PeriphClockCmd)
    RCC_Configuration                        0x080012d1   Thumb Code    38  sysconfig.o(i.RCC_Configuration)
    ReduKey1                                 0x080012f7   Thumb Code    34  led.o(i.ReduKey1)
    ReduKey2                                 0x08001319   Thumb Code    34  led.o(i.ReduKey2)
    SCL_DATA_OUT                             0x0800133d   Thumb Code    32  timeread.o(i.SCL_DATA_OUT)
    SCL_OUT                                  0x08001361   Thumb Code    32  timeread.o(i.SCL_OUT)
    SDA_DATA_IN                              0x08001385   Thumb Code    18  timeread.o(i.SDA_DATA_IN)
    SDA_DATA_OUT                             0x0800139d   Thumb Code    32  timeread.o(i.SDA_DATA_OUT)
    SDA_IN                                   0x080013c1   Thumb Code    32  timeread.o(i.SDA_IN)
    SDA_OUT                                  0x080013e5   Thumb Code    32  timeread.o(i.SDA_OUT)
    SystemInit                               0x080014f1   Thumb Code    78  system_stm32f10x.o(i.SystemInit)
    TIM2_IRQHandler                          0x08001551   Thumb Code    56  sysconfig.o(i.TIM2_IRQHandler)
    TIM_ClearITPendingBit                    0x08001591   Thumb Code     6  stm32f10x_tim.o(i.TIM_ClearITPendingBit)
    TIM_GetITStatus                          0x08001597   Thumb Code    34  stm32f10x_tim.o(i.TIM_GetITStatus)
    USART1_IRQHandler                        0x080015b9   Thumb Code   146  uart.o(i.USART1_IRQHandler)
    USART_ClearFlag                          0x0800165d   Thumb Code    18  stm32f10x_usart.o(i.USART_ClearFlag)
    USART_ClearITPendingBit                  0x0800166f   Thumb Code    30  stm32f10x_usart.o(i.USART_ClearITPendingBit)
    USART_GetFlagStatus                      0x0800168d   Thumb Code    26  stm32f10x_usart.o(i.USART_GetFlagStatus)
    USART_GetITStatus                        0x080016a7   Thumb Code    84  stm32f10x_usart.o(i.USART_GetITStatus)
    USART_ReceiveData                        0x080016fb   Thumb Code    10  stm32f10x_usart.o(i.USART_ReceiveData)
    USART_SendData                           0x08001705   Thumb Code     8  stm32f10x_usart.o(i.USART_SendData)
    __scatterload_copy                       0x0800170d   Thumb Code    14  handlers.o(i.__scatterload_copy)
    __scatterload_null                       0x0800171b   Thumb Code     2  handlers.o(i.__scatterload_null)
    __scatterload_zeroinit                   0x0800171d   Thumb Code    14  handlers.o(i.__scatterload_zeroinit)
    delay                                    0x0800172b   Thumb Code    22  led.o(i.delay)
    delay_us                                 0x08001741   Thumb Code    28  sysconfig.o(i.delay_us)
    display                                  0x0800175d   Thumb Code    82  led.o(i.display)
    display2                                 0x080017b9   Thumb Code    60  led.o(i.display2)
    indate                                   0x080017fd   Thumb Code    60  led.o(i.indate)
    main                                     0x0800183d   Thumb Code    92  main.o(i.main)
    Region$$Table$$Base                      0x080018a8   Number         0  anon$$obj.o(Region$$Table)
    Region$$Table$$Limit                     0x080018c8   Number         0  anon$$obj.o(Region$$Table)
    Disp_Model_Flag                          0x20000000   Data           1  main.o(.data)
    Set_Num                                  0x20000001   Data           1  led.o(.data)
    Key_Time_Num                             0x20000002   Data           1  led.o(.data)
    K1                                       0x20000003   Data           1  led.o(.data)
    K2                                       0x20000004   Data           1  led.o(.data)
    K3                                       0x20000005   Data           1  led.o(.data)
    K4                                       0x20000006   Data           1  led.o(.data)
    m                                        0x20000007   Data           1  led.o(.data)
    k                                        0x20000008   Data           1  led.o(.data)
    j                                        0x20000009   Data           1  led.o(.data)
    Time1_Start_Hour                         0x2000000a   Data           1  led.o(.data)
    Time1_Start_Min                          0x2000000b   Data           1  led.o(.data)
    Time1_Stop_Hour                          0x2000000c   Data           1  led.o(.data)
    Time1_Stop_Min                           0x2000000d   Data           1  led.o(.data)
    Time1_Temp_Low                           0x2000000e   Data           1  led.o(.data)
    Time1_Temp_Top                           0x2000000f   Data           1  led.o(.data)
    Time2_Start_Hour                         0x20000010   Data           1  led.o(.data)
    Time2_Start_Min                          0x20000011   Data           1  led.o(.data)
    Time2_Stop_Hour                          0x20000012   Data           1  led.o(.data)
    Time2_Stop_Min                           0x20000013   Data           1  led.o(.data)
    Time2_Temp_Low                           0x20000014   Data           1  led.o(.data)
    Time2_Temp_Top                           0x20000015   Data           1  led.o(.data)
    Time3_Start_Hour                         0x20000016   Data           1  led.o(.data)
    Time3_Start_Min                          0x20000017   Data           1  led.o(.data)
    Time3_Stop_Hour                          0x20000018   Data           1  led.o(.data)
    Time3_Stop_Min                           0x20000019   Data           1  led.o(.data)
    Time3_Temp_Low                           0x2000001a   Data           1  led.o(.data)
    Time3_Temp_Top                           0x2000001b   Data           1  led.o(.data)
    Time1_Start_Hour1                        0x2000001c   Data           1  led.o(.data)
    Time1_Start_Min1                         0x2000001d   Data           1  led.o(.data)
    Time1_Stop_Hour1                         0x2000001e   Data           1  led.o(.data)
    Time1_Stop_Min1                          0x2000001f   Data           1  led.o(.data)
    Time1_Temp_Low1                          0x20000020   Data           1  led.o(.data)
    Time1_Temp_Top1                          0x20000021   Data           1  led.o(.data)
    Time1_Start_Hour2                        0x20000022   Data           1  led.o(.data)
    Time1_Start_Min2                         0x20000023   Data           1  led.o(.data)
    Time1_Stop_Hour2                         0x20000024   Data           1  led.o(.data)
    Time1_Stop_Min2                          0x20000025   Data           1  led.o(.data)
    Time1_Temp_Low2                          0x20000026   Data           1  led.o(.data)
    Time1_Temp_Top2                          0x20000027   Data           1  led.o(.data)
    Hour1_Set                                0x20000028   Data           1  led.o(.data)
    Hour2_Set                                0x20000029   Data           1  led.o(.data)
    Minute1_Set                              0x2000002a   Data           1  led.o(.data)
    Minute2_Set                              0x2000002b   Data           1  led.o(.data)
    Seconds1_Set                             0x2000002c   Data           1  led.o(.data)
    Seconds2_Set                             0x2000002d   Data           1  led.o(.data)
    Temperature1_Digital_Set                 0x2000002e   Data           1  led.o(.data)
    Temperature2_Digital_Set                 0x2000002f   Data           1  led.o(.data)
    Seconds                                  0x20000030   Data           1  timeread.o(.data)
    Minute                                   0x20000031   Data           1  timeread.o(.data)
    Hour                                     0x20000032   Data           1  timeread.o(.data)
    Date                                     0x20000033   Data           1  timeread.o(.data)
    Week                                     0x20000034   Data           1  timeread.o(.data)
    Month                                    0x20000035   Data           1  timeread.o(.data)
    Years                                    0x20000036   Data           1  timeread.o(.data)
    Hour1                                    0x20000037   Data           1  timeread.o(.data)
    Hour2                                    0x20000038   Data           1  timeread.o(.data)
    Minute1                                  0x20000039   Data           1  timeread.o(.data)
    Minute2                                  0x2000003a   Data           1  timeread.o(.data)
    Seconds1                                 0x2000003b   Data           1  timeread.o(.data)
    Seconds2                                 0x2000003c   Data           1  timeread.o(.data)
    Temperature1_Digital                     0x2000003d   Data           1  timeread.o(.data)
    Temperature2_Digital                     0x2000003e   Data           1  timeread.o(.data)
    Time1_Disp                               0x2000003f   Data           1  timeread.o(.data)
    Time2_Disp                               0x20000040   Data           1  timeread.o(.data)
    Time3_Disp                               0x20000041   Data           1  timeread.o(.data)
    Power_Disp                               0x20000042   Data           1  timeread.o(.data)
    Open_Disp                                0x20000043   Data           1  timeread.o(.data)
    Close_Disp                               0x20000044   Data           1  timeread.o(.data)
    Fan1_Disp                                0x20000045   Data           1  timeread.o(.data)
    Fan2_Disp                                0x20000046   Data           1  timeread.o(.data)
    Watt0_Disp                               0x20000047   Data           1  timeread.o(.data)
    Watt1_Disp                               0x20000048   Data           1  timeread.o(.data)
    Watt2_Disp                               0x20000049   Data           1  timeread.o(.data)
    Watt3_Disp                               0x2000004a   Data           1  timeread.o(.data)
    Label1_Disp                              0x2000004b   Data           1  timeread.o(.data)
    Label2_Disp                              0x2000004c   Data           1  timeread.o(.data)
    Label3_Disp                              0x2000004d   Data           1  timeread.o(.data)
    Temperature1_Disp                        0x2000004e   Data           1  timeread.o(.data)
    Temperature2_Disp                        0x2000004f   Data           1  timeread.o(.data)
    Hot_Disp                                 0x20000050   Data           1  timeread.o(.data)
    Insulation_Disp                          0x20000051   Data           1  timeread.o(.data)
    AntiFreeze_Disp                          0x20000052   Data           1  timeread.o(.data)
    FaultDisp                                0x20000053   Data           1  timeread.o(.data)
    Key1_Disp                                0x20000054   Data           1  timeread.o(.data)
    Key2_Disp                                0x20000055   Data           1  timeread.o(.data)
    Key3_Disp                                0x20000056   Data           1  timeread.o(.data)
    Key4_Disp                                0x20000057   Data           1  timeread.o(.data)
    Key5_Disp                                0x20000058   Data           1  timeread.o(.data)
    READ_SDA                                 0x20000059   Data           1  timeread.o(.data)
    port_SDA                                 0x2000005a   Data           1  timeread.o(.data)
    HYM8563_Address                          0x2000005b   Data          16  timeread.o(.data)
    Dec_Hex                                  0x2000006b   Data          20  timeread.o(.data)
    Usart3_R_State                           0x20000080   Data           1  uart.o(.data)
    Usart3_R_Count                           0x20000082   Data           2  uart.o(.data)
    First_Int                                0x20000084   Data           1  uart.o(.data)
    Timer0_start                             0x20000085   Data           1  uart.o(.data)
    Uart3_Start                              0x20000086   Data           1  uart.o(.data)
    Uart3_End                                0x20000087   Data           1  uart.o(.data)
    data                                     0x20000088   Data          20  timeread.o(.bss)
    Usart3_R_Buff                            0x2000009c   Data         200  uart.o(.bss)
    Uart3_Buf                                0x20000164   Data          60  uart.o(.bss)
    Uart2_Buf                                0x200001a0   Data         200  uart.o(.bss)
    __initial_sp                             0x20000668   Data           0  startup_stm32f10x_hd.o(STACK)



==============================================================================

Memory Map of the image

  Image Entry point : 0x08000131

  Load Region LR_IROM1 (Base: 0x08000000, Size: 0x00001950, Max: 0x00020000, ABSOLUTE)

    Execution Region ER_IROM1 (Base: 0x08000000, Size: 0x000018c8, Max: 0x00020000, ABSOLUTE)

    Base Addr    Size         Type   Attr      Idx    E Section Name        Object

    0x08000000   0x00000130   Data   RO          117    RESET               startup_stm32f10x_hd.o
    0x08000130   0x00000000   Code   RO         3497  * .ARM.Collect$$$$00000000  mc_w.l(entry.o)
    0x08000130   0x00000004   Code   RO         3500    .ARM.Collect$$$$00000001  mc_w.l(entry2.o)
    0x08000134   0x00000004   Code   RO         3503    .ARM.Collect$$$$00000004  mc_w.l(entry5.o)
    0x08000138   0x00000000   Code   RO         3505    .ARM.Collect$$$$00000008  mc_w.l(entry7b.o)
    0x08000138   0x00000000   Code   RO         3507    .ARM.Collect$$$$0000000A  mc_w.l(entry8b.o)
    0x08000138   0x00000008   Code   RO         3508    .ARM.Collect$$$$0000000B  mc_w.l(entry9a.o)
    0x08000140   0x00000000   Code   RO         3510    .ARM.Collect$$$$0000000D  mc_w.l(entry10a.o)
    0x08000140   0x00000000   Code   RO         3512    .ARM.Collect$$$$0000000F  mc_w.l(entry11a.o)
    0x08000140   0x00000004   Code   RO         3501    .ARM.Collect$$$$00002712  mc_w.l(entry2.o)
    0x08000144   0x00000024   Code   RO          118    .text               startup_stm32f10x_hd.o
    0x08000168   0x00000024   Code   RO         3514    .text               mc_w.l(init.o)
    0x0800018c   0x00000026   Code   RO          189    i.AddKey1           led.o
    0x080001b2   0x00000026   Code   RO          190    i.AddKey2           led.o
    0x080001d8   0x0000002c   Code   RO          420    i.EXTI0_IRQHandler  sysconfig.o
    0x08000204   0x0000000c   Code   RO         1382    i.EXTI_ClearITPendingBit  stm32f10x_exti.o
    0x08000210   0x00000018   Code   RO         1385    i.EXTI_GetFlagStatus  stm32f10x_exti.o
    0x08000228   0x00000116   Code   RO         1735    i.GPIO_Init         stm32f10x_gpio_1.o
    0x0800033e   0x00000002   PAD
    0x08000340   0x00000064   Code   RO          192    i.GPIO_Init1        led.o
    0x080003a4   0x00000012   Code   RO         1739    i.GPIO_ReadInputDataBit  stm32f10x_gpio_1.o
    0x080003b6   0x00000004   Code   RO         1742    i.GPIO_ResetBits    stm32f10x_gpio_1.o
    0x080003ba   0x00000004   Code   RO         1743    i.GPIO_SetBits      stm32f10x_gpio_1.o
    0x080003be   0x00000002   PAD
    0x080003c0   0x0000016c   Code   RO          292    i.HYM8563_Read_time  timeread.o
    0x0800052c   0x0000002e   Code   RO          293    i.HYM8563_Write_OneByte  timeread.o
    0x0800055a   0x00000038   Code   RO          295    i.HYM8653_Init      timeread.o
    0x08000592   0x0000002c   Code   RO          297    i.IIC_Ack           timeread.o
    0x080005be   0x0000002c   Code   RO          298    i.IIC_NAck          timeread.o
    0x080005ea   0x0000004c   Code   RO          299    i.IIC_Read_Byte     timeread.o
    0x08000636   0x00000002   PAD
    0x08000638   0x0000005c   Code   RO          300    i.IIC_Send_Byte     timeread.o
    0x08000694   0x0000002c   Code   RO          301    i.IIC_Start         timeread.o
    0x080006c0   0x0000002c   Code   RO          302    i.IIC_Stop          timeread.o
    0x080006ec   0x00000040   Code   RO          303    i.IIC_Wait_Ack      timeread.o
    0x0800072c   0x0000058c   Code   RO          193    i.Key_Control       led.o
    0x08000cb8   0x000002c4   Code   RO          194    i.LED_Disp          led.o
    0x08000f7c   0x000002dc   Code   RO          196    i.LED_Set_Disp      led.o
    0x08001258   0x00000018   Code   RO         2149    i.RCC_ADCCLKConfig  stm32f10x_rcc_1.o
    0x08001270   0x00000020   Code   RO         2150    i.RCC_AHBPeriphClockCmd  stm32f10x_rcc_1.o
    0x08001290   0x00000020   Code   RO         2151    i.RCC_APB1PeriphClockCmd  stm32f10x_rcc_1.o
    0x080012b0   0x00000020   Code   RO         2153    i.RCC_APB2PeriphClockCmd  stm32f10x_rcc_1.o
    0x080012d0   0x00000026   Code   RO          422    i.RCC_Configuration  sysconfig.o
    0x080012f6   0x00000022   Code   RO          197    i.ReduKey1          led.o
    0x08001318   0x00000022   Code   RO          198    i.ReduKey2          led.o
    0x0800133a   0x00000002   PAD
    0x0800133c   0x00000024   Code   RO          304    i.SCL_DATA_OUT      timeread.o
    0x08001360   0x00000024   Code   RO          305    i.SCL_OUT           timeread.o
    0x08001384   0x00000018   Code   RO          306    i.SDA_DATA_IN       timeread.o
    0x0800139c   0x00000024   Code   RO          307    i.SDA_DATA_OUT      timeread.o
    0x080013c0   0x00000024   Code   RO          308    i.SDA_IN            timeread.o
    0x080013e4   0x00000024   Code   RO          309    i.SDA_OUT           timeread.o
    0x08001408   0x00000008   Code   RO          123    i.SetSysClock       system_stm32f10x.o
    0x08001410   0x000000e0   Code   RO          124    i.SetSysClockTo72   system_stm32f10x.o
    0x080014f0   0x00000060   Code   RO          126    i.SystemInit        system_stm32f10x.o
    0x08001550   0x00000040   Code   RO          424    i.TIM2_IRQHandler   sysconfig.o
    0x08001590   0x00000006   Code   RO         2780    i.TIM_ClearITPendingBit  stm32f10x_tim.o
    0x08001596   0x00000022   Code   RO         2806    i.TIM_GetITStatus   stm32f10x_tim.o
    0x080015b8   0x000000a4   Code   RO          483    i.USART1_IRQHandler  uart.o
    0x0800165c   0x00000012   Code   RO         3317    i.USART_ClearFlag   stm32f10x_usart.o
    0x0800166e   0x0000001e   Code   RO         3318    i.USART_ClearITPendingBit  stm32f10x_usart.o
    0x0800168c   0x0000001a   Code   RO         3324    i.USART_GetFlagStatus  stm32f10x_usart.o
    0x080016a6   0x00000054   Code   RO         3325    i.USART_GetITStatus  stm32f10x_usart.o
    0x080016fa   0x0000000a   Code   RO         3335    i.USART_ReceiveData  stm32f10x_usart.o
    0x08001704   0x00000008   Code   RO         3338    i.USART_SendData    stm32f10x_usart.o
    0x0800170c   0x0000000e   Code   RO         3518    i.__scatterload_copy  mc_w.l(handlers.o)
    0x0800171a   0x00000002   Code   RO         3519    i.__scatterload_null  mc_w.l(handlers.o)
    0x0800171c   0x0000000e   Code   RO         3520    i.__scatterload_zeroinit  mc_w.l(handlers.o)
    0x0800172a   0x00000016   Code   RO          200    i.delay             led.o
    0x08001740   0x0000001c   Code   RO          427    i.delay_us          sysconfig.o
    0x0800175c   0x0000005c   Code   RO          201    i.display           led.o
    0x080017b8   0x00000044   Code   RO          202    i.display2          led.o
    0x080017fc   0x00000040   Code   RO          203    i.indate            led.o
    0x0800183c   0x0000006c   Code   RO            1    i.main              main.o
    0x080018a8   0x00000020   Data   RO         3516    Region$$Table       anon$$obj.o


    Execution Region RW_IRAM1 (Base: 0x20000000, Size: 0x00000668, Max: 0x00005000, ABSOLUTE)

    Base Addr    Size         Type   Attr      Idx    E Section Name        Object

    0x20000000   0x00000001   Data   RW            2    .data               main.o
    0x20000001   0x0000002f   Data   RW          204    .data               led.o
    0x20000030   0x0000004f   Data   RW          312    .data               timeread.o
    0x2000007f   0x00000001   PAD
    0x20000080   0x00000008   Data   RW          487    .data               uart.o
    0x20000088   0x00000014   Zero   RW          311    .bss                timeread.o
    0x2000009c   0x000001cc   Zero   RW          486    .bss                uart.o
    0x20000268   0x00000400   Zero   RW          115    STACK               startup_stm32f10x_hd.o


==============================================================================

Image component sizes


      Code (inc. data)   RO Data    RW Data    ZI Data      Debug   Object Name

      3350        518          0         47          0       9436   led.o
       108         16          0          1          0     241809   main.o
        36          8        304          0       1024        832   startup_stm32f10x_hd.o
        36         10          0          0          0       1066   stm32f10x_exti.o
       304          0          0          0          0       3592   stm32f10x_gpio_1.o
       120         24          0          0          0       2193   stm32f10x_rcc_1.o
        40          0          0          0          0       1722   stm32f10x_tim.o
       176          0          0          0          0       4991   stm32f10x_usart.o
       174         18          0          0          0       1848   sysconfig.o
       328         28          0          0          0     203621   system_stm32f10x.o
      1078         90          0         79         20      10184   timeread.o
       164         18          0          8        460       1495   uart.o

    ----------------------------------------------------------------------
      5922        730        336        136       1504     482789   Object Totals
         0          0         32          0          0          0   (incl. Generated)
         8          0          0          1          0          0   (incl. Padding)

    ----------------------------------------------------------------------

      Code (inc. data)   RO Data    RW Data    ZI Data      Debug   Library Member Name

         0          0          0          0          0          0   entry.o
         0          0          0          0          0          0   entry10a.o
         0          0          0          0          0          0   entry11a.o
         8          4          0          0          0          0   entry2.o
         4          0          0          0          0          0   entry5.o
         0          0          0          0          0          0   entry7b.o
         0          0          0          0          0          0   entry8b.o
         8          4          0          0          0          0   entry9a.o
        30          0          0          0          0          0   handlers.o
        36          8          0          0          0         68   init.o

    ----------------------------------------------------------------------
        86         16          0          0          0         68   Library Totals
         0          0          0          0          0          0   (incl. Padding)

    ----------------------------------------------------------------------

      Code (inc. data)   RO Data    RW Data    ZI Data      Debug   Library Name

        86         16          0          0          0         68   mc_w.l

    ----------------------------------------------------------------------
        86         16          0          0          0         68   Library Totals

    ----------------------------------------------------------------------

==============================================================================


      Code (inc. data)   RO Data    RW Data    ZI Data      Debug   

      6008        746        336        136       1504     480305   Grand Totals
      6008        746        336        136       1504     480305   ELF Image Totals
      6008        746        336        136          0          0   ROM Totals

==============================================================================

    Total RO  Size (Code + RO Data)                 6344 (   6.20kB)
    Total RW  Size (RW Data + ZI Data)              1640 (   1.60kB)
    Total ROM Size (Code + RO Data + RW Data)       6480 (   6.33kB)

==============================================================================

