<html>
<body>
<pre>
<h1>礦ision Build Log</h1>
<h2>Tool Versions:</h2>
IDE-Version: μVision V5.14.0.0
Copyright (C) 2015 ARM Ltd and ARM Germany GmbH. All rights reserved.
License Information: abc Microsoft, Microsoft, LIC=Y2BZ9-49N0Q-EZ1WX-HG705-00QQN-LCNA7
 
Tool Versions:
Toolchain:       MDK-ARM Professional  Version: 5.14.0.0
Toolchain Path:  D:\ruanjian0\Keil5\ARM\ARMCC\Bin
C Compiler:      Armcc.exe V5.05 update 1 (build 106)
Assembler:       Armasm.exe V5.05 update 1 (build 106)
Linker/Locator:  ArmLink.exe V5.05 update 1 (build 106)
Library Manager: ArmAr.exe V5.05 update 1 (build 106)
Hex Converter:   FromElf.exe V5.05 update 1 (build 106)
CPU DLL:         SARMCM3.DLL V5.14.0.0
Dialog DLL:      DCM.DLL V1.13.1.0
Target DLL:      Segger\JL2CM3.dll V2.99.13.0
Dialog DLL:      TCM.DLL V1.14.4.0
 
<h2>Project:</h2>
F:\yingjianxuexiziliao\diancainuanlu\锅炉6.19 - 副本 (2)\guolu.uvprojx
Project File Date:  06/20/2018

<h2>Output:</h2>
Build target 'Target 1'
compiling main.c...
.\APP\led\led.h(11): warning:  #1295-D: Deprecated declaration getLedPinValueStruct - give arg types
  struct STRUCT_LED_PIN_VALUE* getLedPinValueStruct();
User\wifi.h(20): warning:  #1-D: last line of file ends without a newline
  #define UART1_SendLR() UART1_SendString("\r\n")
User\main.c(70): warning:  #1295-D: Deprecated declaration wifi_init - give arg types
  void wifi_init();
User\main.c(88): warning:  #223-D: function "Read_Flash" declared implicitly
      Read_Flash(x3,(u16*)&memory,62);
User\main.c(429): warning:  #223-D: function "Write_Flash" declared implicitly
          Write_Flash(x3, (u16*)&memory,62);
User\main.c(436): warning:  #223-D: function "Write_Flash" declared implicitly
          Write_Flash(x3, (u16*)&memory,62);
User\main.c(445): warning:  #223-D: function "Write_Flash" declared implicitly
          Write_Flash(x3, (u16*)&memory,62);
User\main.c(454): warning:  #223-D: function "Write_Flash" declared implicitly
          Write_Flash(x3, (u16*)&memory,62);
User\main.c(463): warning:  #223-D: function "Write_Flash" declared implicitly
          Write_Flash(x3, (u16*)&memory,62);
User\main.c(522): warning:  #223-D: function "Write_Flash" declared implicitly
              Write_Flash(x3, (u16*)&memory,62);
User\main.c(553): warning:  #223-D: function "Write_Flash" declared implicitly
              Write_Flash(x3, (u16*)&memory,62);
User\main.c(580): warning:  #223-D: function "Find" declared implicitly
          if(!Find("OK") ) {
User\main.c(606): warning:  #223-D: function "Find" declared implicitly
          if(!Find("version")) {
User\main.c(630): warning:  #223-D: function "Find" declared implicitly
          if(!Find("OK")) {
User\main.c(654): warning:  #223-D: function "Find" declared implicitly
          if(!Find("OK")) {
User\main.c(679): warning:  #223-D: function "Find" declared implicitly
          if(!Find("OK")) {
User\main.c(704): warning:  #223-D: function "Find" declared implicitly
          if(!Find("OK")) {
User\main.c(807): warning:  #223-D: function "Find" declared implicitly
      while(!Find(">"))
User\main.c(739): warning:  #177-D: variable "len_str" was declared but never referenced
      char * len_str;
User\main.c(900): warning:  #68-D: integer conversion resulted in a change of sign
                          code = -1;
User\main.c(985): warning:  #1-D: last line of file ends without a newline
  }
User\main.c(26): warning:  #177-D: variable "d" was declared but never referenced
  static char d;
User\main.c: 22 warnings, 0 errors
linking...
Program Size: Code=43140 RO-data=976 RW-data=656 ZI-data=18384  
".\Objects\guolu.axf" - 0 Error(s), 22 Warning(s).

<h2>Software Packages used:</h2>

Package Vendor: ARM
                http://www.keil.com/pack/ARM.CMSIS.4.2.0.pack
                ARM::CMSIS:CORE:3.40.0
                CMSIS (Cortex Microcontroller Software Interface Standard)
   * Component: CORE Version: 3.40.0

Package Vendor: Keil
                http://www.keil.com/pack/Keil.Jansson.1.0.0.pack
                Keil::Data Exchange:JSON:Jansson:2.7.0
                Jansson is a C library for encoding, decoding and manipulating JSON data
   * Component: Jansson Version: 2.7.0

Package Vendor: Keil
                http://www.keil.com/pack/Keil.STM32F1xx_DFP.1.0.5.pack
                Keil::Device:Startup:1.0.0
                STMicroelectronics STM32F1 Series Device Support, Drivers and Examples
   * Component: Startup Version: 1.0.0
   * Component: Framework Version: 3.5.1
   * Component: ADC Version: 3.5.0
   * Component: EXTI Version: 3.5.0
   * Component: Flash Version: 3.5.0
   * Component: GPIO Version: 3.5.0
   * Component: RCC Version: 3.5.0
   * Component: TIM Version: 3.5.0
   * Component: USART Version: 3.5.0

<h2>Collection of Component include folders:</h2>
  F:\yingjianxuexiziliao\diancainuanlu\锅炉6.19 - 副本 (2)\RTE
  F:\yingjianxuexiziliao\diancainuanlu\锅炉6.19 - 副本 (2)\RTE\Device\STM32F103C8
  D:\ruanjian0\Keil5\ARM\PACK\ARM\CMSIS\4.2.0\CMSIS\Include
  D:\ruanjian0\Keil5\ARM\PACK\Keil\Jansson\1.0.0\src
  D:\ruanjian0\Keil5\ARM\PACK\Keil\STM32F1xx_DFP\1.0.5\Device\Include
  D:\ruanjian0\Keil5\ARM\PACK\Keil\STM32F1xx_DFP\1.0.5\Device\StdPeriph_Driver\inc

<h2>Collection of Component Files used:</h2>

   * Component: ARM::CMSIS:CORE:3.40.0
      Source file:   CMSIS\UserCodeTemplates\ARM\ITM_Retarget.c

   * Component: Keil::Data Exchange:JSON:Jansson:2.7.0
      Include file:  src\jansson.h
      Source file:   src\jansson_config.c
      Library file:  lib\jansson_CM3LE.lib

   * Component: Keil::Device:Startup:1.0.0
      Source file:   Device\Source\ARM\STM32F1xx_OPT.s
      Source file:   Device\Source\ARM\startup_stm32f10x_md.s
      Source file:   Device\Source\system_stm32f10x.c
      Include file:  RTE_Driver\Config\RTE_Device.h

   * Component: Keil::Device:StdPeriph Drivers:Framework:3.5.1
      Source file:   Device\StdPeriph_Driver\src\misc.c
      Source file:   Device\StdPeriph_Driver\templates\stm32f10x_conf.h
      Source file:   Device\StdPeriph_Driver\templates\stm32f10x_it.c

   * Component: Keil::Device:StdPeriph Drivers:ADC:3.5.0
      Include file:  Device\StdPeriph_Driver\inc\stm32f10x_adc.h
      Source file:   Device\StdPeriph_Driver\src\stm32f10x_adc.c

   * Component: Keil::Device:StdPeriph Drivers:EXTI:3.5.0
      Include file:  Device\StdPeriph_Driver\inc\stm32f10x_exti.h
      Source file:   Device\StdPeriph_Driver\src\stm32f10x_exti.c

   * Component: Keil::Device:StdPeriph Drivers:Flash:3.5.0
      Include file:  Device\StdPeriph_Driver\inc\stm32f10x_flash.h
      Source file:   Device\StdPeriph_Driver\src\stm32f10x_flash.c

   * Component: Keil::Device:StdPeriph Drivers:GPIO:3.5.0
      Include file:  Device\StdPeriph_Driver\inc\stm32f10x_gpio.h
      Source file:   Device\StdPeriph_Driver\src\stm32f10x_gpio.c

   * Component: Keil::Device:StdPeriph Drivers:RCC:3.5.0
      Include file:  Device\StdPeriph_Driver\inc\stm32f10x_rcc.h
      Source file:   Device\StdPeriph_Driver\src\stm32f10x_rcc.c

   * Component: Keil::Device:StdPeriph Drivers:TIM:3.5.0
      Include file:  Device\StdPeriph_Driver\inc\stm32f10x_tim.h
      Source file:   Device\StdPeriph_Driver\src\stm32f10x_tim.c

   * Component: Keil::Device:StdPeriph Drivers:USART:3.5.0
      Include file:  Device\StdPeriph_Driver\inc\stm32f10x_usart.h
      Source file:   Device\StdPeriph_Driver\src\stm32f10x_usart.c
</pre>
</body>
</html>
