Component: ARM Compiler 5.05 update 1 (build 106) Tool: armlink [4d0efa]

==============================================================================

Section Cross References

    main.o(i.Recv) refers to load.o(i.json_loads) for json_loads
    main.o(i.Recv) refers to value.o(i.json_object_get) for json_object_get
    main.o(i.Recv) refers to value.o(i.json_integer_value) for json_integer_value
    main.o(i.Recv) refers to main.o(i.mode_exchange) for mode_exchange
    main.o(i.Recv) refers to timeread.o(i.HYM8563_Write_time) for HYM8563_Write_time
    main.o(i.Recv) refers to main.o(i.json_decref) for json_decref
    main.o(i.Recv) refers to time.o(.data) for Data_ok
    main.o(i.Recv) refers to time.o(.bss) for Data
    main.o(i.Recv) refers to main.o(.bss) for reviceData
    main.o(i.Recv) refers to main.o(.data) for m2
    main.o(i.Recv) refers to global.o(.bss) for sysParam
    main.o(i.Recv) refers to timeread.o(.data) for Hour
    main.o(i.check_button) refers to main.o(i.mode_exchange) for mode_exchange
    main.o(i.check_button) refers to stm32_flash.o(i.Write_Flash) for Write_Flash
    main.o(i.check_button) refers to exti.o(.data) for buttonState
    main.o(i.check_button) refers to main.o(.data) for m1
    main.o(i.check_button) refers to global.o(.bss) for sysParam
    main.o(i.check_button) refers to main.o(.bss) for memory
    main.o(i.json_decref) refers to value.o(i.json_delete) for json_delete
    main.o(i.main) refers to main.o(i.system_init) for system_init
    main.o(i.main) refers to stm32_flash.o(i.Read_Flash) for Read_Flash
    main.o(i.main) refers to h1_alloc.o(.text) for malloc
    main.o(i.main) refers to global.o(.bss) for sysParam
    main.o(i.main) refers to main.o(.bss) for memory
    main.o(i.main) refers to led_ctrl.o(i.mode1Led) for mode1Led
    main.o(i.main) refers to main.o(.data) for m1
    main.o(i.main) refers to mode_relay.o(i.mode1Relay) for mode1Relay
    main.o(i.main) refers to led_ctrl.o(i.mode2Led) for mode2Led
    main.o(i.main) refers to mode_relay.o(i.mode2Relay) for mode2Relay
    main.o(i.main) refers to led_ctrl.o(i.setTempretureLed) for setTempretureLed
    main.o(i.main) refers to set_param.o(i.setTime1Tempreture) for setTime1Tempreture
    main.o(i.main) refers to led_ctrl.o(i.setSysTimeHourLed) for setSysTimeHourLed
    main.o(i.main) refers to set_param.o(i.setSysTimeHour) for setSysTimeHour
    main.o(i.main) refers to led_ctrl.o(i.setSysTimeMinuteLed) for setSysTimeMinuteLed
    main.o(i.main) refers to set_param.o(i.setSysTimeMinute) for setSysTimeMinute
    main.o(i.main) refers to led_ctrl.o(i.mode3Led) for mode3Led
    main.o(i.main) refers to mode_relay.o(i.mode3Relay) for mode3Relay
    main.o(i.main) refers to led_ctrl.o(i.setTime1OpenHourLed) for setTime1OpenHourLed
    main.o(i.main) refers to set_param.o(i.setTime1OpenHour) for setTime1OpenHour
    main.o(i.main) refers to led_ctrl.o(i.setTime1CloseHourLed) for setTime1CloseHourLed
    main.o(i.main) refers to set_param.o(i.setTime1CloseHour) for setTime1CloseHour
    main.o(i.main) refers to led_ctrl.o(i.setTime1TempretureLed) for setTime1TempretureLed
    main.o(i.main) refers to led_ctrl.o(i.setTime2OpenHourLed) for setTime2OpenHourLed
    main.o(i.main) refers to set_param.o(i.setTime2OpenHour) for setTime2OpenHour
    main.o(i.main) refers to led_ctrl.o(i.setTime2CloseHourLed) for setTime2CloseHourLed
    main.o(i.main) refers to set_param.o(i.setTime2CloseHour) for setTime2CloseHour
    main.o(i.main) refers to main.o(i.check_button) for check_button
    main.o(i.main) refers to timeread.o(i.HYM8563_Read_time) for HYM8563_Read_time
    main.o(i.main) refers to main.o(i.wifi_init) for wifi_init
    main.o(i.main) refers to led_ctrl.o(i.setTime2TempretureLed) for setTime2TempretureLed
    main.o(i.main) refers to set_param.o(i.setTime2Tempreture) for setTime2Tempreture
    main.o(i.main) refers to led_ctrl.o(i.setTime3OpenHourLed) for setTime3OpenHourLed
    main.o(i.main) refers to set_param.o(i.setTime3OpenHour) for setTime3OpenHour
    main.o(i.main) refers to led_ctrl.o(i.setTime3CloseHourLed) for setTime3CloseHourLed
    main.o(i.main) refers to set_param.o(i.setTime3CloseHour) for setTime3CloseHour
    main.o(i.main) refers to led_ctrl.o(i.setTime3TempretureLed) for setTime3TempretureLed
    main.o(i.main) refers to set_param.o(i.setTime3Tempreture) for setTime3Tempreture
    main.o(i.main) refers to led_ctrl.o(i.mode4Led) for mode4Led
    main.o(i.main) refers to mode_relay.o(i.mode4Relay) for mode4Relay
    main.o(i.main) refers to value.o(i.json_object) for json_object
    main.o(i.main) refers to value.o(i.json_integer) for json_integer
    main.o(i.main) refers to value.o(i.json_object_set_new) for json_object_set_new
    main.o(i.main) refers to dump.o(i.json_dumps) for json_dumps
    main.o(i.main) refers to main.o(i.wifi_send) for wifi_send
    main.o(i.main) refers to h1_free.o(.text) for free
    main.o(i.main) refers to main.o(i.json_decref) for json_decref
[...]
    SysTick_Init                             0x080046fd   Thumb Code    52  systick.o(i.SysTick_Init)
    SystemInit                               0x08004739   Thumb Code    78  system_stm32f10x.o(i.SystemInit)
    Systerm_Config                           0x08004799   Thumb Code    54  systick.o(i.Systerm_Config)
    TIM4_IRQHandler                          0x080047d5   Thumb Code   266  time.o(i.TIM4_IRQHandler)
    TIM4_Init                                0x08004921   Thumb Code    98  time.o(i.TIM4_Init)
    TIM_ClearITPendingBit                    0x08004989   Thumb Code     6  stm32f10x_tim.o(i.TIM_ClearITPendingBit)
    TIM_Cmd                                  0x0800498f   Thumb Code    24  stm32f10x_tim.o(i.TIM_Cmd)
    TIM_GetITStatus                          0x080049a7   Thumb Code    34  stm32f10x_tim.o(i.TIM_GetITStatus)
    TIM_ITConfig                             0x080049c9   Thumb Code    18  stm32f10x_tim.o(i.TIM_ITConfig)
    TIM_TimeBaseInit                         0x080049dd   Thumb Code   122  stm32f10x_tim.o(i.TIM_TimeBaseInit)
    UART1_SendString                         0x08004a81   Thumb Code    40  usart.o(i.UART1_SendString)
    USART1_IRQHandler                        0x08004aad   Thumb Code   508  usart.o(i.USART1_IRQHandler)
    USART1_Init                              0x08004cd1   Thumb Code   166  usart.o(i.USART1_Init)
    USART_ClearFlag                          0x08004d81   Thumb Code    18  stm32f10x_usart.o(i.USART_ClearFlag)
    USART_ClearITPendingBit                  0x08004d93   Thumb Code    30  stm32f10x_usart.o(i.USART_ClearITPendingBit)
    USART_Cmd                                0x08004db1   Thumb Code    24  stm32f10x_usart.o(i.USART_Cmd)
    USART_GetFlagStatus                      0x08004dc9   Thumb Code    26  stm32f10x_usart.o(i.USART_GetFlagStatus)
    USART_GetITStatus                        0x08004de3   Thumb Code    84  stm32f10x_usart.o(i.USART_GetITStatus)
    USART_ITConfig                           0x08004e37   Thumb Code    74  stm32f10x_usart.o(i.USART_ITConfig)
    USART_Init                               0x08004e81   Thumb Code   210  stm32f10x_usart.o(i.USART_Init)
    USART_ReceiveData                        0x08004f59   Thumb Code    10  stm32f10x_usart.o(i.USART_ReceiveData)
    USART_SendData                           0x08004f63   Thumb Code     8  stm32f10x_usart.o(i.USART_SendData)
    UsageFault_Handler                       0x08004f6b   Thumb Code     4  stm32f10x_it.o(i.UsageFault_Handler)
    Write_Flash                              0x08004f71   Thumb Code   108  stm32_flash.o(i.Write_Flash)
    __ARM_common_switch8                     0x08004fe1   Thumb Code    26  dump.o(i.__ARM_common_switch8)
    __ARM_fpclassify                         0x08004ffb   Thumb Code    40  fpclassify.o(i.__ARM_fpclassify)
    __ARM_isinf                              0x08005023   Thumb Code    22  value.o(i.__ARM_isinf)
    __ARM_isnan                              0x08005039   Thumb Code    20  value.o(i.__ARM_isnan)
    __mathlib_dbl_overflow                   0x08005051   Thumb Code    14  dunder.o(i.__mathlib_dbl_overflow)
    __mathlib_dbl_underflow                  0x08005061   Thumb Code    10  dunder.o(i.__mathlib_dbl_underflow)
    __mathlib_narrow                         0x08005071   Thumb Code    16  narrow.o(i.__mathlib_narrow)
    __mathlib_tofloat                        0x08005081   Thumb Code   132  narrow.o(i.__mathlib_tofloat)
    __support_ldexp                          0x08005109   Thumb Code    22  ldexp.o(i.__support_ldexp)
    _is_digit                                0x0800511f   Thumb Code    14  __printf_wp.o(i._is_digit)
    checkWork                                0x0800515d   Thumb Code   138  mode_relay.o(i.checkWork)
    check_button                             0x080051f1   Thumb Code   740  main.o(i.check_button)
    delay_ms                                 0x08005535   Thumb Code    72  systick.o(i.delay_ms)
    delay_us                                 0x08005581   Thumb Code    72  systick.o(i.delay_us)
    display                                  0x080055cd   Thumb Code    82  led.o(i.display)
    display2                                 0x08005629   Thumb Code    60  led.o(i.display2)
    frexp                                    0x08005c7d   Thumb Code    80  frexp.o(i.frexp)
    getLedPinValueStruct                     0x08005cd5   Thumb Code    84  led.o(i.getLedPinValueStruct)
    hashtable_close                          0x08005e71   Thumb Code    16  hashtable.o(i.hashtable_close)
    hashtable_get                            0x08005f55   Thumb Code    58  hashtable.o(i.hashtable_get)
    hashtable_init                           0x08005f95   Thumb Code    72  hashtable.o(i.hashtable_init)
    hashtable_iter                           0x08005fdd   Thumb Code    12  hashtable.o(i.hashtable_iter)
    hashtable_iter_key                       0x08005fe9   Thumb Code     4  hashtable.o(i.hashtable_iter_key)
    hashtable_iter_next                      0x08005fed   Thumb Code    14  hashtable.o(i.hashtable_iter_next)
    hashtable_iter_serial                    0x08005ffb   Thumb Code     4  hashtable.o(i.hashtable_iter_serial)
    hashtable_iter_value                     0x08005fff   Thumb Code     4  hashtable.o(i.hashtable_iter_value)
    hashtable_set                            0x08006005   Thumb Code   168  hashtable.o(i.hashtable_set)
    indate                                   0x080060b1   Thumb Code    60  led.o(i.indate)
    json_array                               0x0800611b   Thumb Code    54  value.o(i.json_array)
    json_array_append_new                    0x08006151   Thumb Code    68  value.o(i.json_array_append_new)
    json_array_get                           0x08006199   Thumb Code    28  value.o(i.json_array_get)
    json_array_size                          0x08006201   Thumb Code    18  value.o(i.json_array_size)
    json_delete                              0x08006277   Thumb Code    84  value.o(i.json_delete)
    json_dump_callback                       0x080062cb   Thumb Code    42  dump.o(i.json_dump_callback)
    json_dumps                               0x080062f5   Thumb Code    62  dump.o(i.json_dumps)
    json_false                               0x08006339   Thumb Code     4  value.o(i.json_false)
    json_integer                             0x08006351   Thumb Code    28  value.o(i.json_integer)
    json_integer_value                       0x0800636d   Thumb Code    24  value.o(i.json_integer_value)
    json_loads                               0x08006385   Thumb Code    82  load.o(i.json_loads)
    json_null                                0x080063f9   Thumb Code     4  value.o(i.json_null)
    json_object                              0x08006401   Thumb Code    70  value.o(i.json_object)
    json_object_get                          0x0800644d   Thumb Code    28  value.o(i.json_object_get)
    json_object_iter                         0x08006469   Thumb Code    24  value.o(i.json_object_iter)
    json_object_iter_key                     0x08006481   Thumb Code    12  value.o(i.json_object_iter_key)
    json_object_iter_next                    0x0800648d   Thumb Code    28  value.o(i.json_object_iter_next)
    json_object_iter_value                   0x080064a9   Thumb Code    12  value.o(i.json_object_iter_value)
    json_object_seed                         0x080064b5   Thumb Code    34  hashtable_seed.o(i.json_object_seed)
    json_object_set_new                      0x080064dd   Thumb Code    52  value.o(i.json_object_set_new)
    json_object_set_new_nocheck              0x08006511   Thumb Code    58  value.o(i.json_object_set_new_nocheck)
    json_object_size                         0x08006551   Thumb Code    18  value.o(i.json_object_size)
    json_real                                0x08006563   Thumb Code    52  value.o(i.json_real)
    json_real_value                          0x08006597   Thumb Code    24  value.o(i.json_real_value)
    json_string_length                       0x080065af   Thumb Code    18  value.o(i.json_string_length)
    json_string_value                        0x080065c1   Thumb Code    18  value.o(i.json_string_value)
    json_true                                0x080065d5   Thumb Code     4  value.o(i.json_true)
    jsonp_dtostr                             0x080065dd   Thumb Code   150  strconv.o(i.jsonp_dtostr)
    jsonp_error_init                         0x0800667d   Thumb Code    34  error.o(i.jsonp_error_init)
    jsonp_error_set                          0x0800669f   Thumb Code    16  error.o(i.jsonp_error_set)
    jsonp_error_set_source                   0x080066b1   Thumb Code    56  error.o(i.jsonp_error_set_source)
    jsonp_error_vset                         0x080066ed   Thumb Code    44  error.o(i.jsonp_error_vset)
    jsonp_free                               0x08006719   Thumb Code    12  memory.o(i.jsonp_free)
    jsonp_malloc                             0x08006729   Thumb Code    12  memory.o(i.jsonp_malloc)
    jsonp_strdup                             0x08006739   Thumb Code    18  memory.o(i.jsonp_strdup)
    jsonp_stringn_nocheck_own                0x0800674b   Thumb Code    10  value.o(i.jsonp_stringn_nocheck_own)
    jsonp_strndup                            0x08006755   Thumb Code    36  memory.o(i.jsonp_strndup)
    jsonp_strtod                             0x08006779   Thumb Code    90  strconv.o(i.jsonp_strtod)
    ldexp                                    0x080067dd   Thumb Code   116  ldexp.o(i.ldexp)
    main                                     0x08006e61   Thumb Code  2766  main.o(i.main)
    mode1Led                                 0x080079b5   Thumb Code    42  led_ctrl.o(i.mode1Led)
    mode1Relay                               0x080079e1   Thumb Code    26  mode_relay.o(i.mode1Relay)
    mode2Led                                 0x08007a05   Thumb Code   402  led_ctrl.o(i.mode2Led)
    mode2Relay                               0x08007ba5   Thumb Code   196  mode_relay.o(i.mode2Relay)
    mode3Led                                 0x08007c79   Thumb Code   442  led_ctrl.o(i.mode3Led)
    mode3Relay                               0x08007e41   Thumb Code   318  mode_relay.o(i.mode3Relay)
    mode4Led                                 0x08007f99   Thumb Code   406  led_ctrl.o(i.mode4Led)
    mode4Relay                               0x0800813d   Thumb Code   196  mode_relay.o(i.mode4Relay)
    mode_exchange                            0x08008211   Thumb Code   262  main.o(i.mode_exchange)
    seed_from_timestamp_and_pid              0x08008749   Thumb Code     6  jansson_config.o(i.seed_from_timestamp_and_pid)
    setSysTimeHour                           0x08008751   Thumb Code   168  set_param.o(i.setSysTimeHour)
    setSysTimeHourLed                        0x08008809   Thumb Code   102  led_ctrl.o(i.setSysTimeHourLed)
    setSysTimeMinute                         0x08008875   Thumb Code   168  set_param.o(i.setSysTimeMinute)
    setSysTimeMinuteLed                      0x0800892d   Thumb Code   128  led_ctrl.o(i.setSysTimeMinuteLed)
    setTempretureLed                         0x080089b1   Thumb Code   126  led_ctrl.o(i.setTempretureLed)
    setTime1CloseHour                        0x08008a3d   Thumb Code    34  set_param.o(i.setTime1CloseHour)
    setTime1CloseHourLed                     0x08008a61   Thumb Code   194  led_ctrl.o(i.setTime1CloseHourLed)
    setTime1OpenHour                         0x08008b31   Thumb Code    34  set_param.o(i.setTime1OpenHour)
    setTime1OpenHourLed                      0x08008b55   Thumb Code   194  led_ctrl.o(i.setTime1OpenHourLed)
    setTime1Tempreture                       0x08008c25   Thumb Code    40  set_param.o(i.setTime1Tempreture)
    setTime1TempretureLed                    0x08008c4d   Thumb Code   190  led_ctrl.o(i.setTime1TempretureLed)
    setTime2CloseHour                        0x08008d19   Thumb Code    34  set_param.o(i.setTime2CloseHour)
    setTime2CloseHourLed                     0x08008d3d   Thumb Code   194  led_ctrl.o(i.setTime2CloseHourLed)
    setTime2OpenHour                         0x08008e0d   Thumb Code    50  set_param.o(i.setTime2OpenHour)
    setTime2OpenHourLed                      0x08008e41   Thumb Code   194  led_ctrl.o(i.setTime2OpenHourLed)
    setTime2Tempreture                       0x08008f11   Thumb Code    28  set_param.o(i.setTime2Tempreture)
    setTime2TempretureLed                    0x08008f2d   Thumb Code   190  led_ctrl.o(i.setTime2TempretureLed)
    setTime3CloseHour                        0x08008ff9   Thumb Code    34  set_param.o(i.setTime3CloseHour)
    setTime3CloseHourLed                     0x0800901d   Thumb Code   194  led_ctrl.o(i.setTime3CloseHourLed)
    setTime3OpenHour                         0x080090ed   Thumb Code    34  set_param.o(i.setTime3OpenHour)
    setTime3OpenHourLed                      0x08009111   Thumb Code   194  led_ctrl.o(i.setTime3OpenHourLed)
    setTime3Tempreture                       0x080091e1   Thumb Code    28  set_param.o(i.setTime3Tempreture)
    setTime3TempretureLed                    0x080091fd   Thumb Code   190  led_ctrl.o(i.setTime3TempretureLed)
    setWatt                                  0x080092c9   Thumb Code   134  led_ctrl.o(i.setWatt)
    strbuffer_append_byte                    0x08009355   Thumb Code    12  strbuffer.o(i.strbuffer_append_byte)
    strbuffer_append_bytes                   0x08009361   Thumb Code   108  strbuffer.o(i.strbuffer_append_bytes)
    strbuffer_clear                          0x080093d1   Thumb Code    10  strbuffer.o(i.strbuffer_clear)
    strbuffer_close                          0x080093db   Thumb Code    24  strbuffer.o(i.strbuffer_close)
    strbuffer_init                           0x080093f3   Thumb Code    34  strbuffer.o(i.strbuffer_init)
    strbuffer_pop                            0x08009415   Thumb Code    24  strbuffer.o(i.strbuffer_pop)
    strbuffer_value                          0x0800942d   Thumb Code     4  strbuffer.o(i.strbuffer_value)
    strtod                                   0x080095b5   Thumb Code    28  strtod.o(i.strtod)
    system_init                              0x080095d1   Thumb Code    48  main.o(i.system_init)
    utf8_check_first                         0x08009609   Thumb Code    60  utf.o(i.utf8_check_first)
    utf8_check_full                          0x08009645   Thumb Code   126  utf.o(i.utf8_check_full)
    utf8_check_string                        0x080096cd   Thumb Code    62  utf.o(i.utf8_check_string)
    utf8_encode                              0x0800970d   Thumb Code   120  utf.o(i.utf8_encode)
    utf8_iterate                             0x08009789   Thumb Code    64  utf.o(i.utf8_iterate)
    wifi_init                                0x080097c9   Thumb Code   670  main.o(i.wifi_init)
    wifi_send                                0x08009aa5   Thumb Code   376  main.o(i.wifi_send)
    _get_lc_numeric                          0x08009c45   Thumb Code    44  lc_numeric_c.o(locale$$code)
    _get_lc_ctype                            0x08009c71   Thumb Code    44  lc_ctype_c.o(locale$$code)
    __aeabi_d2f                              0x08009c9d   Thumb Code     0  d2f.o(x$fpl$d2f)
    _d2f                                     0x08009c9d   Thumb Code    98  d2f.o(x$fpl$d2f)
    __aeabi_dadd                             0x08009d01   Thumb Code     0  daddsub_clz.o(x$fpl$dadd)
    _dadd                                    0x08009d01   Thumb Code   332  daddsub_clz.o(x$fpl$dadd)
    __fpl_dcheck_NaN1                        0x08009e51   Thumb Code    10  dcheck1.o(x$fpl$dcheck1)
    __fpl_dcmp_Inf                           0x08009e61   Thumb Code    24  dcmpi.o(x$fpl$dcmpinf)
    __aeabi_ddiv                             0x08009e79   Thumb Code     0  ddiv.o(x$fpl$ddiv)
    _ddiv                                    0x08009e79   Thumb Code   552  ddiv.o(x$fpl$ddiv)
    __aeabi_cdcmpeq                          0x0800a129   Thumb Code     0  deqf.o(x$fpl$deqf)
    _dcmpeq                                  0x0800a129   Thumb Code   120  deqf.o(x$fpl$deqf)
    __aeabi_ui2d                             0x0800a1a1   Thumb Code     0  dflt_clz.o(x$fpl$dfltu)
    _dfltu                                   0x0800a1a1   Thumb Code    38  dflt_clz.o(x$fpl$dfltu)
    __aeabi_cdcmple                          0x0800a1c9   Thumb Code     0  dleqf.o(x$fpl$dleqf)
    _dcmple                                  0x0800a1c9   Thumb Code   120  dleqf.o(x$fpl$dleqf)
    __fpl_dcmple_InfNaN                      0x0800a22b   Thumb Code     0  dleqf.o(x$fpl$dleqf)
    __aeabi_dmul                             0x0800a241   Thumb Code     0  dmul.o(x$fpl$dmul)
    _dmul                                    0x0800a241   Thumb Code   332  dmul.o(x$fpl$dmul)
    __fpl_dnaninf                            0x0800a395   Thumb Code   156  dnaninf.o(x$fpl$dnaninf)
    __fpl_dretinf                            0x0800a431   Thumb Code    12  dretinf.o(x$fpl$dretinf)
    __aeabi_cdrcmple                         0x0800a43d   Thumb Code     0  drleqf.o(x$fpl$drleqf)
    _drcmple                                 0x0800a43d   Thumb Code   108  drleqf.o(x$fpl$drleqf)
    __aeabi_drsub                            0x0800a4a9   Thumb Code     0  daddsub_clz.o(x$fpl$drsb)
    _drsb                                    0x0800a4a9   Thumb Code    22  daddsub_clz.o(x$fpl$drsb)
    __aeabi_dsub                             0x0800a4c1   Thumb Code     0  daddsub_clz.o(x$fpl$dsub)
    _dsub                                    0x0800a4c1   Thumb Code   464  daddsub_clz.o(x$fpl$dsub)
    __aeabi_f2d                              0x0800a695   Thumb Code     0  f2d.o(x$fpl$f2d)
    _f2d                                     0x0800a695   Thumb Code    86  f2d.o(x$fpl$f2d)
    __fpl_fcmp_Inf                           0x0800a6eb   Thumb Code    24  fcmpi.o(x$fpl$fcmpinf)
    __aeabi_cfcmple                          0x0800a705   Thumb Code     0  fleqf.o(x$fpl$fleqf)
    _fcmple                                  0x0800a705   Thumb Code   104  fleqf.o(x$fpl$fleqf)
    __fpl_fcmple_InfNaN                      0x0800a757   Thumb Code     0  fleqf.o(x$fpl$fleqf)
    __fpl_fnaninf                            0x0800a76d   Thumb Code   140  fnaninf.o(x$fpl$fnaninf)
    __fpl_fretinf                            0x0800a7f9   Thumb Code    10  fretinf.o(x$fpl$fretinf)
    __aeabi_cfrcmple                         0x0800a803   Thumb Code     0  frleqf.o(x$fpl$frleqf)
    _frcmple                                 0x0800a803   Thumb Code    98  frleqf.o(x$fpl$frleqf)
    _printf_fp_dec                           0x0800a865   Thumb Code     4  printf1.o(x$fpl$printf1)
    __fpl_return_NaN                         0x0800a869   Thumb Code   100  retnan.o(x$fpl$retnan)
    __ARM_scalbn                             0x0800a8cd   Thumb Code    92  scalbn.o(x$fpl$scalbn)
    _scanf_real                              0x0800a929   Thumb Code     4  scanf1.o(x$fpl$scanf1)
    _scanf_hex_real                          0x0800a92d   Thumb Code     4  scanf2.o(x$fpl$scanf2)
    _scanf_infnan                            0x0800a931   Thumb Code     4  scanf2.o(x$fpl$scanf2)
    __fpl_cmpreturn                          0x0800a935   Thumb Code    48  trapv.o(x$fpl$trapveneer)
    __I$use$fp                               0x0800a964   Number         0  usenofp.o(x$fpl$usenofp)
    __aeabi_uidivmod                         0x0800a965   Thumb Code    12  aeabi_sdiv.o(x$udivmod)
    Region$$Table$$Base                      0x0800ab00   Number         0  anon$$obj.o(Region$$Table)
    Region$$Table$$Limit                     0x0800ab20   Number         0  anon$$obj.o(Region$$Table)
    __aeabi_HUGE_VAL                         0x0800ab20   Data           0  fpconst.o(c$$dinf)
    __aeabi_HUGE_VALL                        0x0800ab20   Data           0  fpconst.o(c$$dinf)
    __aeabi_INFINITY                         0x0800ab20   Data           0  fpconst.o(c$$dinf)
    __dInf                                   0x0800ab20   Data           0  fpconst.o(c$$dinf)
    __huge_val                               0x0800ab20   Data           0  fpconst.o(c$$dinf)
    __ctype                                  0x0800ab51   Data           0  lc_ctype_c.o(locale$$data)
    m1                                       0x20000004   Data           4  main.o(.data)
    m2                                       0x20000008   Data           4  main.o(.data)
    m3                                       0x2000000c   Data           4  main.o(.data)
    m4                                       0x20000010   Data           4  main.o(.data)
    currMode                                 0x20000014   Data           4  main.o(.data)
    runMode                                  0x20000018   Data           4  main.o(.data)
    wifiInitFlag                             0x2000001c   Data           1  main.o(.data)
    wifiInitState                            0x2000001d   Data           1  main.o(.data)
    wifiInitCount                            0x2000001e   Data           1  main.o(.data)
    wifiSendFlag                             0x2000001f   Data           1  main.o(.data)
    capParam                                 0x20000020   Data           1  global.o(.data)
    workState                                0x20000021   Data           5  global.o(.data)
    t_high                                   0x20000026   Data           1  led_ctrl.o(.data)
    t_low                                    0x20000027   Data           1  led_ctrl.o(.data)
    value                                    0x20000028   Data           2  capture.o(.data)
    vol1                                     0x2000002c   Data           4  capture.o(.data)
    vol2                                     0x20000030   Data           4  capture.o(.data)
    j                                        0x20000034   Data           1  capture.o(.data)
    TR                                       0x20000038   Data         400  capture.o(.data)
    temp_count                               0x200001c8   Data           1  capture.o(.data)
    i                                        0x200001c9   Data           1  capture.o(.data)
    temp_total                               0x200001ca   Data           2  capture.o(.data)
    isWork                                   0x200001cc   Data           1  mode_relay.o(.data)
    isReady                                  0x200001cd   Data           1  mode_relay.o(.data)
    t                                        0x200001ce   Data           1  mode_relay.o(.data)
    Set_Mode                                 0x200001d0   Data           4  wifi.o(.data)
    RST                                      0x200001d4   Data           4  wifi.o(.data)
    Set_Name                                 0x200001d8   Data           4  wifi.o(.data)
    Set_Parameter                            0x200001dc   Data           4  wifi.o(.data)
    Mult_Mode                                0x200001e0   Data           4  wifi.o(.data)
    Open_Server                              0x200001e4   Data           4  wifi.o(.data)
    Send_Again                               0x200001e8   Data           1  wifi.o(.data)
    Send_Num                                 0x200001ea   Data           2  wifi.o(.data)
    Timer0_start                             0x200001ec   Data           1  wifi.o(.data)
    Send_START                               0x200001ed   Data           1  wifi.o(.data)
    Send_Again_Num                           0x200001ee   Data           1  wifi.o(.data)
    Wifi_TimuOut_Num                         0x200001f0   Data           2  wifi.o(.data)
    FLAG                                     0x200001f2   Data           1  wifi.o(.data)
    First_Int                                0x200001f8   Data           4  usart.o(.data)
    Copy_Start                               0x200001fc   Data           1  usart.o(.data)
    Please_Deal                              0x200001fd   Data           1  usart.o(.data)
    Index                                    0x20000200   Data           4  usart.o(.data)
    Offset                                   0x20000204   Data           4  usart.o(.data)
    Flag                                     0x20000208   Data           1  usart.o(.data)
    Open                                     0x20000209   Data           1  usart.o(.data)
    buttonState                              0x2000020c   Data           8  exti.o(.data)
    beep_flag                                0x20000214   Data           1  key.o(.data)
    beep_num                                 0x20000215   Data           1  key.o(.data)
    Time_flag                                0x20000216   Data           1  time.o(.data)
    User_id                                  0x20000218   Data           2  time.o(.data)
    Data_len                                 0x2000021a   Data           2  time.o(.data)
    Data_ok                                  0x2000021c   Data           1  time.o(.data)
    Send_Flag                                0x2000021e   Data           2  time.o(.data)
    Seconds                                  0x20000220   Data           1  timeread.o(.data)
    Minute                                   0x20000221   Data           1  timeread.o(.data)
    Hour                                     0x20000222   Data           1  timeread.o(.data)
    Date                                     0x20000223   Data           1  timeread.o(.data)
    Week                                     0x20000224   Data           1  timeread.o(.data)
    Month                                    0x20000225   Data           1  timeread.o(.data)
    Years                                    0x20000226   Data           1  timeread.o(.data)
    Hour1                                    0x20000227   Data           1  timeread.o(.data)
    Hour2                                    0x20000228   Data           1  timeread.o(.data)
    Minute1                                  0x20000229   Data           1  timeread.o(.data)
    Minute2                                  0x2000022a   Data           1  timeread.o(.data)
    Seconds1                                 0x2000022b   Data           1  timeread.o(.data)
    Seconds2                                 0x2000022c   Data           1  timeread.o(.data)
    READ_SDA                                 0x2000022d   Data           1  timeread.o(.data)
    port_SDA                                 0x2000022e   Data           1  timeread.o(.data)
    HYM8563_Address                          0x2000022f   Data          16  timeread.o(.data)
    Dec_Hex                                  0x2000023f   Data          22  timeread.o(.data)
    hashtable_seed                           0x2000028c   Data           4  hashtable_seed.o(.data)
    memory                                   0x20000290   Data          62  main.o(.bss)
    reviceData                               0x200002ce   Data         200  main.o(.bss)
    sysParam                                 0x20000398   Data          40  global.o(.bss)
    ledPinValue                              0x200003c0   Data          41  global.o(.bss)
    temp_history                             0x200003ea   Data          60  capture.o(.bss)
    Uart1_Buf                                0x20000426   Data         512  usart.o(.bss)
    Data                                     0x20000626   Data         200  time.o(.bss)
    data                                     0x200006ee   Data          16  timeread.o(.bss)
    __libspace_start                         0x20000700   Data          96  libspace.o(.bss)
    __temporary_stack_top$libspace           0x20000760   Data           0  libspace.o(.bss)



==============================================================================

Memory Map of the image

  Image Entry point : 0x080000ed

  Load Region LR_IROM1 (Base: 0x08000000, Size: 0x0000aee4, Max: 0x00010000, ABSOLUTE, COMPRESSED[0x0000ae00])

    Execution Region ER_IROM1 (Base: 0x08000000, Size: 0x0000ac54, Max: 0x00010000, ABSOLUTE)

    Base Addr    Size         Type   Attr      Idx    E Section Name        Object

    0x08000000   0x000000ec   Data   RO         2932    RESET               startup_stm32f10x_md.o
    0x080000ec   0x00000008   Code   RO         4287  * !!!main             c_w.l(__main.o)
    0x080000f4   0x00000034   Code   RO         4798    !!!scatter          c_w.l(__scatter.o)
    0x08000128   0x0000005a   Code   RO         4796    !!dczerorl2         c_w.l(__dczerorl2.o)
    0x08000182   0x00000002   PAD
    0x08000184   0x0000001c   Code   RO         4800    !!handler_zi        c_w.l(__scatter_zi.o)
    0x080001a0   0x00000000   Code   RO         4183    .ARM.Collect$$_printf_percent$$00000000  c_w.l(_printf_percent.o)
    0x080001a0   0x00000006   Code   RO         4399    .ARM.Collect$$_printf_percent$$00000001  c_w.l(_printf_n.o)
    0x080001a6   0x00000006   Code   RO         4400    .ARM.Collect$$_printf_percent$$00000002  c_w.l(_printf_p.o)
    0x080001ac   0x00000006   Code   RO         4405    .ARM.Collect$$_printf_percent$$00000003  c_w.l(_printf_f.o)
    0x080001b2   0x00000006   Code   RO         4406    .ARM.Collect$$_printf_percent$$00000004  c_w.l(_printf_e.o)
    0x080001b8   0x00000006   Code   RO         4182    .ARM.Collect$$_printf_percent$$00000005  c_w.l(_printf_g.o)
    0x080001be   0x00000006   Code   RO         4407    .ARM.Collect$$_printf_percent$$00000006  c_w.l(_printf_a.o)
    0x080001c4   0x0000000a   Code   RO         4411    .ARM.Collect$$_printf_percent$$00000007  c_w.l(_printf_ll.o)
    0x080001ce   0x00000006   Code   RO         4402    .ARM.Collect$$_printf_percent$$00000008  c_w.l(_printf_i.o)
    0x080001d4   0x00000006   Code   RO         4403    .ARM.Collect$$_printf_percent$$00000009  c_w.l(_printf_d.o)
    0x080001da   0x00000006   Code   RO         4404    .ARM.Collect$$_printf_percent$$0000000A  c_w.l(_printf_u.o)
    0x080001e0   0x00000006   Code   RO         4401    .ARM.Collect$$_printf_percent$$0000000B  c_w.l(_printf_o.o)
    0x080001e6   0x00000006   Code   RO         4181    .ARM.Collect$$_printf_percent$$0000000C  c_w.l(_printf_x.o)
    0x080001ec   0x00000006   Code   RO         4409    .ARM.Collect$$_printf_percent$$0000000D  c_w.l(_printf_lli.o)
    0x080001f2   0x00000006   Code   RO         4184    .ARM.Collect$$_printf_percent$$0000000E  c_w.l(_printf_lld.o)
    0x080001f8   0x00000006   Code   RO         4410    .ARM.Collect$$_printf_percent$$0000000F  c_w.l(_printf_llu.o)
    0x080001fe   0x00000006   Code   RO         4415    .ARM.Collect$$_printf_percent$$00000010  c_w.l(_printf_llo.o)
    0x08000204   0x00000006   Code   RO         4416    .ARM.Collect$$_printf_percent$$00000011  c_w.l(_printf_llx.o)
    0x0800020a   0x0000000a   Code   RO         4412    .ARM.Collect$$_printf_percent$$00000012  c_w.l(_printf_l.o)
    0x08000214   0x00000006   Code   RO         4398    .ARM.Collect$$_printf_percent$$00000013  c_w.l(_printf_c.o)
    0x0800021a   0x00000006   Code   RO         4180    .ARM.Collect$$_printf_percent$$00000014  c_w.l(_printf_s.o)
    0x08000220   0x00000006   Code   RO         4413    .ARM.Collect$$_printf_percent$$00000015  c_w.l(_printf_lc.o)
    0x08000226   0x00000006   Code   RO         4414    .ARM.Collect$$_printf_percent$$00000016  c_w.l(_printf_ls.o)
    0x0800022c   0x00000004   Code   RO         4408    .ARM.Collect$$_printf_percent$$00000017  c_w.l(_printf_percent_end.o)
    0x08000230   0x00000002   Code   RO         4691    .ARM.Collect$$libinit$$00000000  c_w.l(libinit.o)
    0x08000232   0x00000000   Code   RO         4445    .ARM.Collect$$libinit$$00000002  c_w.l(libinit2.o)
    0x08000232   0x00000000   Code   RO         4447    .ARM.Collect$$libinit$$00000004  c_w.l(libinit2.o)
    0x08000232   0x00000008   Code   RO         4448    .ARM.Collect$$libinit$$00000005  c_w.l(libinit2.o)
    0x0800023a   0x00000000   Code   RO         4450    .ARM.Collect$$libinit$$0000000A  c_w.l(libinit2.o)
    0x0800023a   0x00000000   Code   RO         4452    .ARM.Collect$$libinit$$0000000C  c_w.l(libinit2.o)
    0x0800023a   0x00000000   Code   RO         4454    .ARM.Collect$$libinit$$0000000E  c_w.l(libinit2.o)
    0x0800023a   0x00000006   Code   RO         4455    .ARM.Collect$$libinit$$0000000F  c_w.l(libinit2.o)
    0x08000240   0x00000000   Code   RO         4457    .ARM.Collect$$libinit$$00000011  c_w.l(libinit2.o)
    0x08000240   0x0000000c   Code   RO         4458    .ARM.Collect$$libinit$$00000012  c_w.l(libinit2.o)
    0x0800024c   0x00000000   Code   RO         4459    .ARM.Collect$$libinit$$00000013  c_w.l(libinit2.o)
    0x0800024c   0x00000000   Code   RO         4461    .ARM.Collect$$libinit$$00000015  c_w.l(libinit2.o)
    0x0800024c   0x0000000a   Code   RO         4462    .ARM.Collect$$libinit$$00000016  c_w.l(libinit2.o)
    0x08000256   0x00000000   Code   RO         4463    .ARM.Collect$$libinit$$00000017  c_w.l(libinit2.o)
    0x08000256   0x00000000   Code   RO         4465    .ARM.Collect$$libinit$$00000019  c_w.l(libinit2.o)
    0x08000256   0x00000000   Code   RO         4467    .ARM.Collect$$libinit$$0000001B  c_w.l(libinit2.o)
    0x08000256   0x00000000   Code   RO         4469    .ARM.Collect$$libinit$$0000001D  c_w.l(libinit2.o)
    0x08000256   0x00000000   Code   RO         4471    .ARM.Collect$$libinit$$0000001F  c_w.l(libinit2.o)
    0x08000256   0x00000000   Code   RO         4473    .ARM.Collect$$libinit$$00000021  c_w.l(libinit2.o)
    0x08000256   0x00000000   Code   RO         4475    .ARM.Collect$$libinit$$00000023  c_w.l(libinit2.o)
    0x08000256   0x00000000   Code   RO         4477    .ARM.Collect$$libinit$$00000025  c_w.l(libinit2.o)
    0x08000256   0x00000000   Code   RO         4481    .ARM.Collect$$libinit$$0000002C  c_w.l(libinit2.o)
    0x08000256   0x00000000   Code   RO         4483    .ARM.Collect$$libinit$$0000002E  c_w.l(libinit2.o)
    0x08000256   0x00000000   Code   RO         4485    .ARM.Collect$$libinit$$00000030  c_w.l(libinit2.o)
    0x08000256   0x00000000   Code   RO         4487    .ARM.Collect$$libinit$$00000032  c_w.l(libinit2.o)
    0x08000256   0x00000002   Code   RO         4488    .ARM.Collect$$libinit$$00000033  c_w.l(libinit2.o)
    0x08000258   0x00000002   Code   RO         4756    .ARM.Collect$$libshutdown$$00000000  c_w.l(libshutdown.o)
    0x0800025a   0x00000000   Code   RO         4624    .ARM.Collect$$libshutdown$$00000003  c_w.l(libshutdown2.o)
    0x0800025a   0x00000000   Code   RO         4627    .ARM.Collect$$libshutdown$$00000006  c_w.l(libshutdown2.o)
    0x0800025a   0x00000000   Code   RO         4630    .ARM.Collect$$libshutdown$$00000009  c_w.l(libshutdown2.o)
    0x0800025a   0x00000000   Code   RO         4632    .ARM.Collect$$libshutdown$$0000000B  c_w.l(libshutdown2.o)
    0x0800025a   0x00000000   Code   RO         4635    .ARM.Collect$$libshutdown$$0000000E  c_w.l(libshutdown2.o)
    0x0800025a   0x00000002   Code   RO         4636    .ARM.Collect$$libshutdown$$0000000F  c_w.l(libshutdown2.o)
    0x0800025c   0x00000000   Code   RO         4339    .ARM.Collect$$rtentry$$00000000  c_w.l(__rtentry.o)
    0x0800025c   0x00000000   Code   RO         4510    .ARM.Collect$$rtentry$$00000002  c_w.l(__rtentry2.o)
    0x0800025c   0x00000006   Code   RO         4522    .ARM.Collect$$rtentry$$00000004  c_w.l(__rtentry4.o)
    0x08000262   0x00000000   Code   RO         4512    .ARM.Collect$$rtentry$$00000009  c_w.l(__rtentry2.o)
    0x08000262   0x00000004   Code   RO         4513    .ARM.Collect$$rtentry$$0000000A  c_w.l(__rtentry2.o)
    0x08000266   0x00000000   Code   RO         4515    .ARM.Collect$$rtentry$$0000000C  c_w.l(__rtentry2.o)
    0x08000266   0x00000008   Code   RO         4516    .ARM.Collect$$rtentry$$0000000D  c_w.l(__rtentry2.o)
    0x0800026e   0x00000002   Code   RO         4694    .ARM.Collect$$rtexit$$00000000  c_w.l(rtexit.o)
    0x08000270   0x00000000   Code   RO         4724    .ARM.Collect$$rtexit$$00000002  c_w.l(rtexit2.o)
    0x08000270   0x00000004   Code   RO         4725    .ARM.Collect$$rtexit$$00000003  c_w.l(rtexit2.o)
    0x08000274   0x00000006   Code   RO         4726    .ARM.Collect$$rtexit$$00000004  c_w.l(rtexit2.o)
    0x0800027a   0x00000002   PAD
    0x0800027c   0x00000000   Code   RO         4537    .emb_text           c_w.l(maybetermalloc1.o)
    0x0800027c   0x00000040   Code   RO         2933    .text               startup_stm32f10x_md.o
    0x080002bc   0x00000008   Code   RO         4057    .text               c_w.l(rt_errno_addr_intlibspace.o)
    0x080002c4   0x0000005e   Code   RO         4063    .text               c_w.l(h1_alloc.o)
    0x08000322   0x0000004e   Code   RO         4065    .text               c_w.l(h1_free.o)
    0x08000370   0x00000034   Code   RO         4121    .text               c_w.l(c89vsnprintf.o)
    0x080003a4   0x0000002c   Code   RO         4123    .text               c_w.l(__2sprintf.o)
    0x080003d0   0x00000038   Code   RO         4125    .text               c_w.l(__2snprintf.o)
    0x08000408   0x0000004e   Code   RO         4133    .text               c_w.l(_printf_pad.o)
    0x08000456   0x00000052   Code   RO         4135    .text               c_w.l(_printf_str.o)
    0x080004a8   0x0000007c   Code   RO         4137    .text               c_w.l(_printf_longlong_dec.o)
    0x08000524   0x00000094   Code   RO         4157    .text               c_w.l(_printf_hex_int_ll_ptr.o)
    0x080005b8   0x00000188   Code   RO         4177    .text               c_w.l(__printf_flags_ss_wp.o)
    0x08000740   0x00000004   Code   RO         4185    .text               c_w.l(strtoll.o)
    0x08000744   0x00000010   Code   RO         4209    .text               c_w.l(abort.o)
    0x08000754   0x00000264   Code   RO         4211    .text               c_w.l(qsortnoex.o)
    0x080009b8   0x00000014   Code   RO         4215    .text               c_w.l(strchr.o)
    0x080009cc   0x00000024   Code   RO         4217    .text               c_w.l(strstr.o)
    0x080009f0   0x00000048   Code   RO         4221    .text               c_w.l(strcpy.o)
    0x08000a38   0x0000003e   Code   RO         4223    .text               c_w.l(strlen.o)
    0x08000a76   0x00000014   Code   RO         4225    .text               c_w.l(memchr.o)
    0x08000a8a   0x00000018   Code   RO         4227    .text               c_w.l(strcat.o)
    0x08000aa2   0x0000008a   Code   RO         4229    .text               c_w.l(rt_memcpy_v6.o)
    0x08000b2c   0x00000084   Code   RO         4231    .text               c_w.l(rt_memmove_v6.o)
    0x08000bb0   0x00000064   Code   RO         4233    .text               c_w.l(rt_memcpy_w.o)
    0x08000c14   0x0000007a   Code   RO         4235    .text               c_w.l(rt_memmove_w.o)
    0x08000c8e   0x0000004e   Code   RO         4237    .text               c_w.l(rt_memclr_w.o)
    0x08000cdc   0x00000080   Code   RO         4239    .text               c_w.l(strcmpv7m.o)
    0x08000d5c   0x00000006   Code   RO         4285    .text               c_w.l(heapauxi.o)
    0x08000d62   0x00000002   PAD
    0x08000d64   0x0000000c   Code   RO         4332    .text               c_w.l(sys_exit.o)
    0x08000d70   0x00000008   Code   RO         4334    .text               c_w.l(libspace.o)
    0x08000d78   0x00000008   Code   RO         4347    .text               c_w.l(rt_heap_descriptor_intlibspace.o)
    0x08000d80   0x00000004   Code   RO         4349    .text               c_w.l(hguard.o)
    0x08000d84   0x0000008a   Code   RO         4351    .text               c_w.l(init_alloc.o)
    0x08000e0e   0x0000000e   Code   RO         4355    .text               c_w.l(h1_init.o)
    0x08000e1c   0x0000008a   Code   RO         4369    .text               c_w.l(lludiv10.o)
    0x08000ea6   0x00000024   Code   RO         4371    .text               c_w.l(_printf_truncate.o)
    0x08000eca   0x000000b2   Code   RO         4373    .text               c_w.l(_printf_intcommon.o)
    0x08000f7c   0x00000078   Code   RO         4375    .text               c_w.l(_printf_dec.o)
    0x08000ff4   0x00000028   Code   RO         4377    .text               c_w.l(_printf_charcount.o)
    0x0800101c   0x0000041a   Code   RO         4379    .text               c_w.l(_printf_fp_dec.o)
    0x08001436   0x00000002   PAD
    0x08001438   0x00000030   Code   RO         4381    .text               c_w.l(_printf_char_common.o)
    0x08001468   0x0000000a   Code   RO         4383    .text               c_w.l(_sputc.o)
    0x08001472   0x00000010   Code   RO         4385    .text               c_w.l(_snputc.o)
    0x08001482   0x0000002c   Code   RO         4387    .text               c_w.l(_printf_char.o)
    0x080014ae   0x00000002   PAD
    0x080014b0   0x000000bc   Code   RO         4389    .text               c_w.l(_printf_wctomb.o)
    0x0800156c   0x00000070   Code   RO         4396    .text               c_w.l(_printf_oct_int_ll.o)
    0x080015dc   0x000000a0   Code   RO         4417    .text               c_w.l(strtod.o)
    0x0800167c   0x00000090   Code   RO         4419    .text               c_w.l(__strtoll.o)
    0x0800170c   0x0000000e   Code   RO         4438    .text               c_w.l(defsig_abrt_outer.o)
    0x0800171a   0x00000002   Code   RO         4506    .text               c_w.l(use_no_semi.o)
    0x0800171c   0x00000000   Code   RO         4508    .text               c_w.l(indicate_semi.o)
    0x0800171c   0x00000010   Code   RO         4524    .text               c_w.l(rt_ctype_table.o)
    0x0800172c   0x00000008   Code   RO         4533    .text               c_w.l(rt_locale_intlibspace.o)
    0x08001734   0x00000034   Code   RO         4539    .text               c_w.l(h1_extend.o)
    0x08001768   0x00000012   Code   RO         4543    .text               c_w.l(isspace.o)
    0x0800177a   0x00000002   PAD
    0x0800177c   0x00000080   Code   RO         4545    .text               c_w.l(_printf_fp_infnan.o)
    0x080017fc   0x0000002c   Code   RO         4549    .text               c_w.l(_printf_wchar.o)
    0x08001828   0x00000040   Code   RO         4551    .text               c_w.l(_sgetc.o)
    0x08001868   0x000000c2   Code   RO         4553    .text               c_w.l(_strtoull.o)
    0x0800192a   0x00000002   PAD
    0x0800192c   0x000000dc   Code   RO         4555    .text               c_w.l(bigflt0.o)
    0x08001a08   0x00000040   Code   RO         4600    .text               c_w.l(_wcrtomb.o)
    0x08001a48   0x0000000a   Code   RO         4605    .text               c_w.l(defsig_exit.o)
    0x08001a52   0x00000002   PAD
    0x08001a54   0x00000030   Code   RO         4607    .text               c_w.l(defsig_abrt_inner.o)
    0x08001a84   0x0000000e   Code   RO         4613    .text               c_w.l(defsig_rtmem_outer.o)
    0x08001a92   0x0000004a   Code   RO         4647    .text               c_w.l(sys_stackheap_outer.o)
    0x08001adc   0x0000001c   Code   RO         4651    .text               c_w.l(_chval.o)
    0x08001af8   0x000004a4   Code   RO         4653    .text               c_w.l(scanf_fp.o)
    0x08001f9c   0x0000000c   Code   RO         4666    .text               c_w.l(exit.o)
    0x08001fa8   0x00000032   Code   RO         4670    .text               c_w.l(defsig_general.o)
    0x08001fda   0x00000002   PAD
    0x08001fdc   0x00000050   Code   RO         4678    .text               c_w.l(defsig_rtmem_inner.o)
    0x0800202c   0x0000000e   Code   RO         4692    .text               c_w.l(sys_wrch.o)
    0x0800203a   0x00000016   Code   RO         4730    .text               c_w.l(_rserrno.o)
    0x08002050   0x00000318   Code   RO         4732    .text               c_w.l(scanf_hexfp.o)
    0x08002368   0x00000134   Code   RO         4734    .text               c_w.l(scanf_infnan.o)
    0x0800249c   0x00000026   Code   RO         4752    .text               c_w.l(llshl.o)
    0x080024c2   0x0000003e   Code   RO         4558    CL$$btod_d2e        c_w.l(btod.o)
    0x08002500   0x00000046   Code   RO         4560    CL$$btod_d2e_denorm_low  c_w.l(btod.o)
    0x08002546   0x00000060   Code   RO         4559    CL$$btod_d2e_norm_op1  c_w.l(btod.o)
    0x080025a6   0x00000338   Code   RO         4568    CL$$btod_div_common  c_w.l(btod.o)
    0x080028de   0x00000002   PAD
    0x080028e0   0x00000054   Code   RO         4566    CL$$btod_e2d        c_w.l(btod.o)
    0x08002934   0x000000c6   Code   RO         4565    CL$$btod_e2e        c_w.l(btod.o)
    0x080029fa   0x00000028   Code   RO         4562    CL$$btod_ediv       c_w.l(btod.o)
    0x08002a22   0x00000028   Code   RO         4564    CL$$btod_edivd      c_w.l(btod.o)
    0x08002a4a   0x00000028   Code   RO         4561    CL$$btod_emul       c_w.l(btod.o)
    0x08002a72   0x00000028   Code   RO         4563    CL$$btod_emuld      c_w.l(btod.o)
    0x08002a9a   0x00000244   Code   RO         4567    CL$$btod_mult_common  c_w.l(btod.o)
    0x08002cde   0x00000016   Code   RO         1363    i.ADC_Cmd           stm32f10x_adc.o
    0x08002cf4   0x00000014   Code   RO         1371    i.ADC_GetCalibrationStatus  stm32f10x_adc.o
    0x08002d08   0x00000008   Code   RO         1372    i.ADC_GetConversionValue  stm32f10x_adc.o
    0x08002d10   0x00000012   Code   RO         1374    i.ADC_GetFlagStatus  stm32f10x_adc.o
    0x08002d22   0x00000014   Code   RO         1377    i.ADC_GetResetCalibrationStatus  stm32f10x_adc.o
    0x08002d36   0x00000002   PAD
    0x08002d38   0x00000050   Code   RO         1381    i.ADC_Init          stm32f10x_adc.o
    0x08002d88   0x000000b8   Code   RO         1385    i.ADC_RegularChannelConfig  stm32f10x_adc.o
    0x08002e40   0x0000000a   Code   RO         1386    i.ADC_ResetCalibration  stm32f10x_adc.o
    0x08002e4a   0x00000016   Code   RO         1388    i.ADC_SoftwareStartConvCmd  stm32f10x_adc.o
    0x08002e60   0x0000000a   Code   RO         1390    i.ADC_StartCalibration  stm32f10x_adc.o
    0x08002e6a   0x00000002   PAD
    0x08002e6c   0x00000094   Code   RO          954    i.ADCx_Init         adc.o
    0x08002f00   0x00000004   Code   RO          555    i.BusFault_Handler  stm32f10x_it.o
    0x08002f04   0x00000024   Code   RO          862    i.CLR_Buf1          usart.o
    0x08002f28   0x00000002   Code   RO          556    i.DebugMon_Handler  stm32f10x_it.o
    0x08002f2a   0x00000002   PAD
    0x08002f2c   0x00000044   Code   RO          987    i.EXTI3_IRQHandler  exti.o
    0x08002f70   0x00000044   Code   RO          988    i.EXTI4_IRQHandler  exti.o
    0x08002fb4   0x000000a4   Code   RO          989    i.EXTI9_5_IRQHandler  exti.o
    0x08003058   0x0000000c   Code   RO         1592    i.EXTI_ClearITPendingBit  stm32f10x_exti.o
    0x08003064   0x00000028   Code   RO         1596    i.EXTI_GetITStatus  stm32f10x_exti.o
    0x0800308c   0x00000094   Code   RO         1597    i.EXTI_Init         stm32f10x_exti.o
    0x08003120   0x0000000c   Code   RO         1657    i.FLASH_ClearFlag   stm32f10x_flash.o
    0x0800312c   0x0000004c   Code   RO         1662    i.FLASH_ErasePage   stm32f10x_flash.o
    0x08003178   0x00000034   Code   RO         1663    i.FLASH_GetBank1Status  stm32f10x_flash.o
    0x080031ac   0x00000014   Code   RO         1672    i.FLASH_Lock        stm32f10x_flash.o
    0x080031c0   0x00000040   Code   RO         1675    i.FLASH_ProgramHalfWord  stm32f10x_flash.o
    0x08003200   0x00000018   Code   RO         1680    i.FLASH_Unlock      stm32f10x_flash.o
    0x08003218   0x00000026   Code   RO         1684    i.FLASH_WaitForLastOperation  stm32f10x_flash.o
    0x0800323e   0x00000002   PAD
    0x08003240   0x0000001c   Code   RO          863    i.Find              usart.o
    0x0800325c   0x00000040   Code   RO         1846    i.GPIO_EXTILineConfig  stm32f10x_gpio.o
    0x0800329c   0x00000116   Code   RO         1849    i.GPIO_Init         stm32f10x_gpio.o
    0x080033b2   0x00000002   PAD
    0x080033b4   0x00000060   Code   RO         1065    i.GPIO_Init1        led.o
    0x08003414   0x00000090   Code   RO         1851    i.GPIO_PinRemapConfig  stm32f10x_gpio.o
    0x080034a4   0x00000012   Code   RO         1853    i.GPIO_ReadInputDataBit  stm32f10x_gpio.o
    0x080034b6   0x00000004   Code   RO         1856    i.GPIO_ResetBits    stm32f10x_gpio.o
    0x080034ba   0x00000004   Code   RO         1857    i.GPIO_SetBits      stm32f10x_gpio.o
    0x080034be   0x00000002   PAD
    0x080034c0   0x00000054   Code   RO          955    i.Get_ADC_Value     adc.o
    0x08003514   0x0000017c   Code   RO          652    i.Get_Temputure     capture.o
    0x08003690   0x00000068   Code   RO         1170    i.HYM8563_Init      timeread.o
    0x080036f8   0x00000114   Code   RO         1171    i.HYM8563_Read_time  timeread.o
    0x0800380c   0x0000002e   Code   RO         1172    i.HYM8563_Write_OneByte  timeread.o
    0x0800383a   0x00000002   PAD
    0x0800383c   0x000000e0   Code   RO         1173    i.HYM8563_Write_time  timeread.o
    0x0800391c   0x00000004   Code   RO          557    i.HardFault_Handler  stm32f10x_it.o
    0x08003920   0x0000001c   Code   RO         1174    i.Hextobcd          timeread.o
    0x0800393c   0x0000002c   Code   RO         1175    i.IIC_Ack           timeread.o
    0x08003968   0x0000002c   Code   RO         1176    i.IIC_NAck          timeread.o
    0x08003994   0x0000004c   Code   RO         1177    i.IIC_Read_Byte     timeread.o
    0x080039e0   0x0000005c   Code   RO         1178    i.IIC_Send_Byte     timeread.o
    0x08003a3c   0x0000002c   Code   RO         1179    i.IIC_Start         timeread.o
    0x08003a68   0x0000002c   Code   RO         1180    i.IIC_Stop          timeread.o
    0x08003a94   0x00000040   Code   RO         1181    i.IIC_Wait_Ack      timeread.o
    0x08003ad4   0x0000002c   Code   RO         1035    i.KEY_Init          key.o
    0x08003b00   0x000003bc   Code   RO         1066    i.LED_Disp          led.o
    0x08003ebc   0x00000004   Code   RO          558    i.MemManage_Handler  stm32f10x_it.o
    0x08003ec0   0x000000e0   Code   RO          990    i.My_EXTI_Init      exti.o
    0x08003fa0   0x00000002   Code   RO          559    i.NMI_Handler       stm32f10x_it.o
    0x08003fa2   0x00000002   PAD
    0x08003fa4   0x00000070   Code   RO         1309    i.NVIC_Init         misc.o
    0x08004014   0x00000014   Code   RO         1310    i.NVIC_PriorityGroupConfig  misc.o
    0x08004028   0x00000002   Code   RO          560    i.PendSV_Handler    stm32f10x_it.o
    0x0800402a   0x00000002   PAD
    0x0800402c   0x00000018   Code   RO         1969    i.RCC_ADCCLKConfig  stm32f10x_rcc.o
    0x08004044   0x00000020   Code   RO         1970    i.RCC_AHBPeriphClockCmd  stm32f10x_rcc.o
    0x08004064   0x00000020   Code   RO         1971    i.RCC_APB1PeriphClockCmd  stm32f10x_rcc.o
    0x08004084   0x00000020   Code   RO         1973    i.RCC_APB2PeriphClockCmd  stm32f10x_rcc.o
    0x080040a4   0x00000026   Code   RO          805    i.RCC_Configuration  systick.o
    0x080040ca   0x00000002   PAD
    0x080040cc   0x000000d4   Code   RO         1981    i.RCC_GetClocksFreq  stm32f10x_rcc.o
    0x080041a0   0x0000001c   Code   RO          918    i.Read_Flash        stm32_flash.o
    0x080041bc   0x0000035c   Code   RO           21    i.Recv              main.o
    0x08004518   0x00000024   Code   RO         1182    i.SCL_DATA_OUT      timeread.o
    0x0800453c   0x00000024   Code   RO         1183    i.SCL_OUT           timeread.o
    0x08004560   0x00000018   Code   RO         1184    i.SDA_DATA_IN       timeread.o
    0x08004578   0x00000024   Code   RO         1185    i.SDA_DATA_OUT      timeread.o
    0x0800459c   0x00000024   Code   RO         1186    i.SDA_IN            timeread.o
    0x080045c0   0x00000024   Code   RO         1187    i.SDA_OUT           timeread.o
    0x080045e4   0x00000002   Code   RO          561    i.SVC_Handler       stm32f10x_it.o
    0x080045e6   0x00000008   Code   RO         2940    i.SetSysClock       system_stm32f10x.o
    0x080045ee   0x00000002   PAD
    0x080045f0   0x000000e0   Code   RO         2941    i.SetSysClockTo72   system_stm32f10x.o
    0x080046d0   0x00000028   Code   RO         1313    i.SysTick_CLKSourceConfig  misc.o
    0x080046f8   0x00000002   Code   RO          562    i.SysTick_Handler   stm32f10x_it.o
    0x080046fa   0x00000002   PAD
    0x080046fc   0x0000003c   Code   RO          806    i.SysTick_Init      systick.o
    0x08004738   0x00000060   Code   RO         2943    i.SystemInit        system_stm32f10x.o
    0x08004798   0x0000003c   Code   RO          807    i.Systerm_Config    systick.o
    0x080047d4   0x0000014c   Code   RO         1129    i.TIM4_IRQHandler   time.o
    0x08004920   0x00000068   Code   RO         1130    i.TIM4_Init         time.o
    0x08004988   0x00000006   Code   RO         2192    i.TIM_ClearITPendingBit  stm32f10x_tim.o
    0x0800498e   0x00000018   Code   RO         2197    i.TIM_Cmd           stm32f10x_tim.o
    0x080049a6   0x00000022   Code   RO         2218    i.TIM_GetITStatus   stm32f10x_tim.o
    0x080049c8   0x00000012   Code   RO         2222    i.TIM_ITConfig      stm32f10x_tim.o
    0x080049da   0x00000002   PAD
    0x080049dc   0x000000a4   Code   RO         2268    i.TIM_TimeBaseInit  stm32f10x_tim.o
    0x08004a80   0x0000002c   Code   RO          864    i.UART1_SendString  usart.o
    0x08004aac   0x00000224   Code   RO          865    i.USART1_IRQHandler  usart.o
    0x08004cd0   0x000000b0   Code   RO          866    i.USART1_Init       usart.o
    0x08004d80   0x00000012   Code   RO         2741    i.USART_ClearFlag   stm32f10x_usart.o
    0x08004d92   0x0000001e   Code   RO         2742    i.USART_ClearITPendingBit  stm32f10x_usart.o
    0x08004db0   0x00000018   Code   RO         2745    i.USART_Cmd         stm32f10x_usart.o
    0x08004dc8   0x0000001a   Code   RO         2748    i.USART_GetFlagStatus  stm32f10x_usart.o
    0x08004de2   0x00000054   Code   RO         2749    i.USART_GetITStatus  stm32f10x_usart.o
    0x08004e36   0x0000004a   Code   RO         2751    i.USART_ITConfig    stm32f10x_usart.o
    0x08004e80   0x000000d8   Code   RO         2752    i.USART_Init        stm32f10x_usart.o
    0x08004f58   0x0000000a   Code   RO         2759    i.USART_ReceiveData  stm32f10x_usart.o
    0x08004f62   0x00000008   Code   RO         2762    i.USART_SendData    stm32f10x_usart.o
    0x08004f6a   0x00000004   Code   RO          563    i.UsageFault_Handler  stm32f10x_it.o
    0x08004f6e   0x00000002   PAD
    0x08004f70   0x00000070   Code   RO          919    i.Write_Flash       stm32_flash.o
    0x08004fe0   0x0000001a   Code   RO         3045    i.__ARM_common_switch8  jansson_CM3LE.lib(dump.o)
    0x08004ffa   0x00000028   Code   RO         4645    i.__ARM_fpclassify  m_ws.l(fpclassify.o)
    0x08005022   0x00000016   Code   RO         3603    i.__ARM_isinf       jansson_CM3LE.lib(value.o)
    0x08005038   0x00000018   Code   RO         3608    i.__ARM_isnan       jansson_CM3LE.lib(value.o)
    0x08005050   0x0000000e   Code   RO         4779    i.__mathlib_dbl_overflow  m_ws.l(dunder.o)
    0x0800505e   0x00000002   PAD
    0x08005060   0x00000010   Code   RO         4781    i.__mathlib_dbl_underflow  m_ws.l(dunder.o)
    0x08005070   0x00000010   Code   RO         4717    i.__mathlib_narrow  m_ws.l(narrow.o)
    0x08005080   0x00000088   Code   RO         4718    i.__mathlib_tofloat  m_ws.l(narrow.o)
    0x08005108   0x00000016   Code   RO         4762    i.__support_ldexp   m_ws.l(ldexp.o)
    0x0800511e   0x0000000e   Code   RO         4170    i._is_digit         c_w.l(__printf_wp.o)
    0x0800512c   0x00000018   Code   RO         3257    i.array_copy        jansson_CM3LE.lib(value.o)
    0x08005144   0x00000016   Code   RO         3707    i.bucket_is_empty   jansson_CM3LE.lib(hashtable.o)
    0x0800515a   0x00000002   PAD
    0x0800515c   0x00000094   Code   RO          684    i.checkWork         mode_relay.o
    0x080051f0   0x000002f8   Code   RO           22    i.check_button      main.o
    0x080054e8   0x0000004c   Code   RO         3093    i.decode_unicode_escape  jansson_CM3LE.lib(load.o)
    0x08005534   0x0000004c   Code   RO          808    i.delay_ms          systick.o
    0x08005580   0x0000004c   Code   RO          809    i.delay_us          systick.o
    0x080055cc   0x0000005c   Code   RO         1068    i.display           led.o
    0x08005628   0x00000044   Code   RO         1069    i.display2          led.o
    0x0800566c   0x00000394   Code   RO         2983    i.do_dump           jansson_CM3LE.lib(dump.o)
    0x08005a00   0x00000060   Code   RO         2984    i.dump_indent       jansson_CM3LE.lib(dump.o)
    0x08005a60   0x0000014c   Code   RO         2985    i.dump_string       jansson_CM3LE.lib(dump.o)
    0x08005bac   0x00000010   Code   RO         2987    i.dump_to_strbuffer  jansson_CM3LE.lib(dump.o)
    0x08005bbc   0x000000c0   Code   RO         3094    i.error_set         jansson_CM3LE.lib(load.o)
    0x08005c7c   0x00000058   Code   RO         4749    i.frexp             m_ws.l(frexp.o)
    0x08005cd4   0x00000058   Code   RO         1070    i.getLedPinValueStruct  led.o
    0x08005d2c   0x00000144   Code   RO         3708    i.hashlittle        jansson_CM3LE.lib(hashtable.o)
    0x08005e70   0x00000010   Code   RO         3710    i.hashtable_close   jansson_CM3LE.lib(hashtable.o)
    0x08005e80   0x00000022   Code   RO         3712    i.hashtable_do_clear  jansson_CM3LE.lib(hashtable.o)
    0x08005ea2   0x00000076   Code   RO         3714    i.hashtable_do_rehash  jansson_CM3LE.lib(hashtable.o)
    0x08005f18   0x0000003c   Code   RO         3715    i.hashtable_find_pair  jansson_CM3LE.lib(hashtable.o)
    0x08005f54   0x00000040   Code   RO         3716    i.hashtable_get     jansson_CM3LE.lib(hashtable.o)
    0x08005f94   0x00000048   Code   RO         3717    i.hashtable_init    jansson_CM3LE.lib(hashtable.o)
    0x08005fdc   0x0000000c   Code   RO         3718    i.hashtable_iter    jansson_CM3LE.lib(hashtable.o)
    0x08005fe8   0x00000004   Code   RO         3720    i.hashtable_iter_key  jansson_CM3LE.lib(hashtable.o)
    0x08005fec   0x0000000e   Code   RO         3721    i.hashtable_iter_next  jansson_CM3LE.lib(hashtable.o)
    0x08005ffa   0x00000004   Code   RO         3722    i.hashtable_iter_serial  jansson_CM3LE.lib(hashtable.o)
    0x08005ffe   0x00000004   Code   RO         3724    i.hashtable_iter_value  jansson_CM3LE.lib(hashtable.o)
    0x08006002   0x00000002   PAD
    0x08006004   0x000000ac   Code   RO         3725    i.hashtable_set     jansson_CM3LE.lib(hashtable.o)
    0x080060b0   0x00000040   Code   RO         1071    i.indate            led.o
    0x080060f0   0x0000002a   Code   RO         3726    i.insert_to_bucket  jansson_CM3LE.lib(hashtable.o)
    0x0800611a   0x00000036   Code   RO         3259    i.json_array        jansson_CM3LE.lib(value.o)
    0x08006150   0x00000048   Code   RO         3260    i.json_array_append_new  jansson_CM3LE.lib(value.o)
    0x08006198   0x0000001c   Code   RO         3263    i.json_array_get    jansson_CM3LE.lib(value.o)
    0x080061b4   0x0000004c   Code   RO         3264    i.json_array_grow   jansson_CM3LE.lib(value.o)
    0x08006200   0x00000012   Code   RO         3268    i.json_array_size   jansson_CM3LE.lib(value.o)
    0x08006212   0x0000001c   Code   RO           23    i.json_decref       main.o
    0x0800622e   0x00000018   Code   RO         3095    i.json_decref       jansson_CM3LE.lib(load.o)
    0x08006246   0x00000018   Code   RO         3270    i.json_decref       jansson_CM3LE.lib(value.o)
    0x0800625e   0x00000018   Code   RO         3727    i.json_decref       jansson_CM3LE.lib(hashtable.o)
    0x08006276   0x00000054   Code   RO         3272    i.json_delete       jansson_CM3LE.lib(value.o)
    0x080062ca   0x0000002a   Code   RO         2988    i.json_dump_callback  jansson_CM3LE.lib(dump.o)
    0x080062f4   0x00000044   Code   RO         2991    i.json_dumps        jansson_CM3LE.lib(dump.o)
    0x08006338   0x00000008   Code   RO         3274    i.json_false        jansson_CM3LE.lib(value.o)
    0x08006340   0x00000010   Code   RO         3096    i.json_incref       jansson_CM3LE.lib(load.o)
    0x08006350   0x0000001c   Code   RO         3276    i.json_integer      jansson_CM3LE.lib(value.o)
    0x0800636c   0x00000018   Code   RO         3278    i.json_integer_value  jansson_CM3LE.lib(value.o)
    0x08006384   0x00000074   Code   RO         3101    i.json_loads        jansson_CM3LE.lib(load.o)
    0x080063f8   0x00000008   Code   RO         3279    i.json_null         jansson_CM3LE.lib(value.o)
    0x08006400   0x0000004c   Code   RO         3281    i.json_object       jansson_CM3LE.lib(value.o)
    0x0800644c   0x0000001c   Code   RO         3286    i.json_object_get   jansson_CM3LE.lib(value.o)
    0x08006468   0x00000018   Code   RO         3287    i.json_object_iter  jansson_CM3LE.lib(value.o)
    0x08006480   0x0000000c   Code   RO         3289    i.json_object_iter_key  jansson_CM3LE.lib(value.o)
    0x0800648c   0x0000001c   Code   RO         3290    i.json_object_iter_next  jansson_CM3LE.lib(value.o)
    0x080064a8   0x0000000c   Code   RO         3292    i.json_object_iter_value  jansson_CM3LE.lib(value.o)
    0x080064b4   0x00000028   Code   RO         4034    i.json_object_seed  jansson_CM3LE.lib(hashtable_seed.o)
    0x080064dc   0x00000034   Code   RO         3294    i.json_object_set_new  jansson_CM3LE.lib(value.o)
    0x08006510   0x00000040   Code   RO         3295    i.json_object_set_new_nocheck  jansson_CM3LE.lib(value.o)
    0x08006550   0x00000012   Code   RO         3297    i.json_object_size  jansson_CM3LE.lib(value.o)
    0x08006562   0x00000034   Code   RO         3301    i.json_real         jansson_CM3LE.lib(value.o)
    0x08006596   0x00000018   Code   RO         3303    i.json_real_value   jansson_CM3LE.lib(value.o)
    0x080065ae   0x00000012   Code   RO         3306    i.json_string_length  jansson_CM3LE.lib(value.o)
    0x080065c0   0x00000012   Code   RO         3312    i.json_string_value  jansson_CM3LE.lib(value.o)
    0x080065d2   0x00000002   PAD
    0x080065d4   0x00000008   Code   RO         3315    i.json_true         jansson_CM3LE.lib(value.o)
    0x080065dc   0x000000a0   Code   RO         3970    i.jsonp_dtostr      jansson_CM3LE.lib(strconv.o)
    0x0800667c   0x00000022   Code   RO         3652    i.jsonp_error_init  jansson_CM3LE.lib(error.o)
    0x0800669e   0x00000010   Code   RO         3653    i.jsonp_error_set   jansson_CM3LE.lib(error.o)
    0x080066ae   0x00000002   PAD
    0x080066b0   0x0000003c   Code   RO         3654    i.jsonp_error_set_source  jansson_CM3LE.lib(error.o)
    0x080066ec   0x0000002c   Code   RO         3655    i.jsonp_error_vset  jansson_CM3LE.lib(error.o)
    0x08006718   0x00000010   Code   RO         3865    i.jsonp_free        jansson_CM3LE.lib(memory.o)
    0x08006728   0x00000010   Code   RO         3866    i.jsonp_malloc      jansson_CM3LE.lib(memory.o)
    0x08006738   0x00000012   Code   RO         3867    i.jsonp_strdup      jansson_CM3LE.lib(memory.o)
    0x0800674a   0x0000000a   Code   RO         3316    i.jsonp_stringn_nocheck_own  jansson_CM3LE.lib(value.o)
    0x08006754   0x00000024   Code   RO         3868    i.jsonp_strndup     jansson_CM3LE.lib(memory.o)
    0x08006778   0x00000064   Code   RO         3971    i.jsonp_strtod      jansson_CM3LE.lib(strconv.o)
    0x080067dc   0x00000074   Code   RO         4763    i.ldexp             m_ws.l(ldexp.o)
    0x08006850   0x0000001c   Code   RO         3102    i.lex_close         jansson_CM3LE.lib(load.o)
    0x0800686c   0x00000012   Code   RO         3103    i.lex_free_string   jansson_CM3LE.lib(load.o)
    0x0800687e   0x00000008   Code   RO         3104    i.lex_get           jansson_CM3LE.lib(load.o)
    0x08006886   0x0000001e   Code   RO         3105    i.lex_get_save      jansson_CM3LE.lib(load.o)
    0x080068a4   0x00000030   Code   RO         3106    i.lex_init          jansson_CM3LE.lib(load.o)
    0x080068d4   0x0000000c   Code   RO         3107    i.lex_save          jansson_CM3LE.lib(load.o)
    0x080068e0   0x00000138   Code   RO         3108    i.lex_scan          jansson_CM3LE.lib(load.o)
    0x08006a18   0x0000018c   Code   RO         3109    i.lex_scan_number   jansson_CM3LE.lib(load.o)
    0x08006ba4   0x00000288   Code   RO         3110    i.lex_scan_string   jansson_CM3LE.lib(load.o)
    0x08006e2c   0x00000026   Code   RO         3111    i.lex_unget_unsave  jansson_CM3LE.lib(load.o)
    0x08006e52   0x0000000e   Code   RO         3728    i.list_insert       jansson_CM3LE.lib(hashtable.o)
    0x08006e60   0x00000b54   Code   RO           24    i.main              main.o
    0x080079b4   0x0000002a   Code   RO          268    i.mode1Led          led_ctrl.o
    0x080079de   0x00000002   PAD
    0x080079e0   0x00000024   Code   RO          685    i.mode1Relay        mode_relay.o
    0x08007a04   0x000001a0   Code   RO          269    i.mode2Led          led_ctrl.o
    0x08007ba4   0x000000d4   Code   RO          686    i.mode2Relay        mode_relay.o
    0x08007c78   0x000001c8   Code   RO          270    i.mode3Led          led_ctrl.o
    0x08007e40   0x00000158   Code   RO          687    i.mode3Relay        mode_relay.o
    0x08007f98   0x000001a4   Code   RO          271    i.mode4Led          led_ctrl.o
    0x0800813c   0x000000d4   Code   RO          688    i.mode4Relay        mode_relay.o
    0x08008210   0x00000128   Code   RO           25    i.mode_exchange     main.o
    0x08008338   0x0000000c   Code   RO         2992    i.object_key_compare_keys  jansson_CM3LE.lib(dump.o)
    0x08008344   0x0000001a   Code   RO         2993    i.object_key_compare_serials  jansson_CM3LE.lib(dump.o)
    0x0800835e   0x00000002   PAD
    0x08008360   0x00000094   Code   RO         3112    i.parse_array       jansson_CM3LE.lib(load.o)
    0x080083f4   0x00000094   Code   RO         3113    i.parse_json        jansson_CM3LE.lib(load.o)
    0x08008488   0x00000180   Code   RO         3114    i.parse_object      jansson_CM3LE.lib(load.o)
    0x08008608   0x00000140   Code   RO         3115    i.parse_value       jansson_CM3LE.lib(load.o)
    0x08008748   0x00000006   Code   RO            1    i.seed_from_timestamp_and_pid  jansson_config.o
    0x0800874e   0x00000002   PAD
    0x08008750   0x000000b8   Code   RO          431    i.setSysTimeHour    set_param.o
    0x08008808   0x0000006c   Code   RO          272    i.setSysTimeHourLed  led_ctrl.o
    0x08008874   0x000000b8   Code   RO          432    i.setSysTimeMinute  set_param.o
    0x0800892c   0x00000084   Code   RO          273    i.setSysTimeMinuteLed  led_ctrl.o
    0x080089b0   0x0000008c   Code   RO          274    i.setTempretureLed  led_ctrl.o
    0x08008a3c   0x00000022   Code   RO          433    i.setTime1CloseHour  set_param.o
    0x08008a5e   0x00000002   PAD
    0x08008a60   0x000000d0   Code   RO          275    i.setTime1CloseHourLed  led_ctrl.o
    0x08008b30   0x00000022   Code   RO          435    i.setTime1OpenHour  set_param.o
    0x08008b52   0x00000002   PAD
    0x08008b54   0x000000d0   Code   RO          277    i.setTime1OpenHourLed  led_ctrl.o
    0x08008c24   0x00000028   Code   RO          437    i.setTime1Tempreture  set_param.o
    0x08008c4c   0x000000cc   Code   RO          279    i.setTime1TempretureLed  led_ctrl.o
    0x08008d18   0x00000022   Code   RO          438    i.setTime2CloseHour  set_param.o
    0x08008d3a   0x00000002   PAD
    0x08008d3c   0x000000d0   Code   RO          280    i.setTime2CloseHourLed  led_ctrl.o
    0x08008e0c   0x00000032   Code   RO          440    i.setTime2OpenHour  set_param.o
    0x08008e3e   0x00000002   PAD
    0x08008e40   0x000000d0   Code   RO          282    i.setTime2OpenHourLed  led_ctrl.o
    0x08008f10   0x0000001c   Code   RO          442    i.setTime2Tempreture  set_param.o
    0x08008f2c   0x000000cc   Code   RO          284    i.setTime2TempretureLed  led_ctrl.o
    0x08008ff8   0x00000022   Code   RO          443    i.setTime3CloseHour  set_param.o
    0x0800901a   0x00000002   PAD
    0x0800901c   0x000000d0   Code   RO          285    i.setTime3CloseHourLed  led_ctrl.o
    0x080090ec   0x00000022   Code   RO          445    i.setTime3OpenHour  set_param.o
    0x0800910e   0x00000002   PAD
    0x08009110   0x000000d0   Code   RO          287    i.setTime3OpenHourLed  led_ctrl.o
    0x080091e0   0x0000001c   Code   RO          447    i.setTime3Tempreture  set_param.o
    0x080091fc   0x000000cc   Code   RO          289    i.setTime3TempretureLed  led_ctrl.o
    0x080092c8   0x0000008c   Code   RO          290    i.setWatt           led_ctrl.o
    0x08009354   0x0000000c   Code   RO         3911    i.strbuffer_append_byte  jansson_CM3LE.lib(strbuffer.o)
    0x08009360   0x00000070   Code   RO         3912    i.strbuffer_append_bytes  jansson_CM3LE.lib(strbuffer.o)
    0x080093d0   0x0000000a   Code   RO         3913    i.strbuffer_clear   jansson_CM3LE.lib(strbuffer.o)
    0x080093da   0x00000018   Code   RO         3914    i.strbuffer_close   jansson_CM3LE.lib(strbuffer.o)
    0x080093f2   0x00000022   Code   RO         3915    i.strbuffer_init    jansson_CM3LE.lib(strbuffer.o)
    0x08009414   0x00000018   Code   RO         3916    i.strbuffer_pop     jansson_CM3LE.lib(strbuffer.o)
    0x0800942c   0x00000004   Code   RO         3918    i.strbuffer_value   jansson_CM3LE.lib(strbuffer.o)
    0x08009430   0x000000e4   Code   RO         3116    i.stream_get        jansson_CM3LE.lib(load.o)
    0x08009514   0x0000004a   Code   RO         3117    i.stream_unget      jansson_CM3LE.lib(load.o)
    0x0800955e   0x0000003e   Code   RO         3317    i.string_create     jansson_CM3LE.lib(value.o)
    0x0800959c   0x00000018   Code   RO         3118    i.string_get        jansson_CM3LE.lib(load.o)
    0x080095b4   0x0000001c   Code   RO         4324    i.strtod            m_ws.l(strtod.o)
    0x080095d0   0x00000038   Code   RO           26    i.system_init       main.o
    0x08009608   0x0000003c   Code   RO         3998    i.utf8_check_first  jansson_CM3LE.lib(utf.o)
    0x08009644   0x00000088   Code   RO         3999    i.utf8_check_full   jansson_CM3LE.lib(utf.o)
    0x080096cc   0x0000003e   Code   RO         4000    i.utf8_check_string  jansson_CM3LE.lib(utf.o)
    0x0800970a   0x00000002   PAD
    0x0800970c   0x0000007c   Code   RO         4001    i.utf8_encode       jansson_CM3LE.lib(utf.o)
    0x08009788   0x00000040   Code   RO         4002    i.utf8_iterate      jansson_CM3LE.lib(utf.o)
    0x080097c8   0x000002dc   Code   RO           27    i.wifi_init         main.o
    0x08009aa4   0x000001a0   Code   RO           29    i.wifi_send         main.o
    0x08009c44   0x0000002c   Code   RO         4603    locale$$code        c_w.l(lc_numeric_c.o)
    0x08009c70   0x0000002c   Code   RO         4664    locale$$code        c_w.l(lc_ctype_c.o)
    0x08009c9c   0x00000062   Code   RO         4289    x$fpl$d2f           fz_ws.l(d2f.o)
    0x08009cfe   0x00000002   PAD
    0x08009d00   0x00000150   Code   RO         4291    x$fpl$dadd          fz_ws.l(daddsub_clz.o)
    0x08009e50   0x00000010   Code   RO         4773    x$fpl$dcheck1       fz_ws.l(dcheck1.o)
    0x08009e60   0x00000018   Code   RO         4491    x$fpl$dcmpinf       fz_ws.l(dcmpi.o)
    0x08009e78   0x000002b0   Code   RO         4298    x$fpl$ddiv          fz_ws.l(ddiv.o)
    0x0800a128   0x00000078   Code   RO         4301    x$fpl$deqf          fz_ws.l(deqf.o)
    0x0800a1a0   0x00000026   Code   RO         4303    x$fpl$dfltu         fz_ws.l(dflt_clz.o)
    0x0800a1c6   0x00000002   PAD
    0x0800a1c8   0x00000078   Code   RO         4757    x$fpl$dleqf         fz_ws.l(dleqf.o)
    0x0800a240   0x00000154   Code   RO         4313    x$fpl$dmul          fz_ws.l(dmul.o)
    0x0800a394   0x0000009c   Code   RO         4493    x$fpl$dnaninf       fz_ws.l(dnaninf.o)
    0x0800a430   0x0000000c   Code   RO         4495    x$fpl$dretinf       fz_ws.l(dretinf.o)
    0x0800a43c   0x0000006c   Code   RO         4746    x$fpl$drleqf        fz_ws.l(drleqf.o)
    0x0800a4a8   0x00000016   Code   RO         4292    x$fpl$drsb          fz_ws.l(daddsub_clz.o)
    0x0800a4be   0x00000002   PAD
    0x0800a4c0   0x000001d4   Code   RO         4293    x$fpl$dsub          fz_ws.l(daddsub_clz.o)
    0x0800a694   0x00000056   Code   RO         4315    x$fpl$f2d           fz_ws.l(f2d.o)
    0x0800a6ea   0x00000018   Code   RO         4497    x$fpl$fcmpinf       fz_ws.l(fcmpi.o)
    0x0800a702   0x00000002   PAD
    0x0800a704   0x00000068   Code   RO         4317    x$fpl$fleqf         fz_ws.l(fleqf.o)
    0x0800a76c   0x0000008c   Code   RO         4499    x$fpl$fnaninf       fz_ws.l(fnaninf.o)
    0x0800a7f8   0x0000000a   Code   RO         4501    x$fpl$fretinf       fz_ws.l(fretinf.o)
    0x0800a802   0x00000062   Code   RO         4319    x$fpl$frleqf        fz_ws.l(frleqf.o)
    0x0800a864   0x00000004   Code   RO         4321    x$fpl$printf1       fz_ws.l(printf1.o)
    0x0800a868   0x00000064   Code   RO         4790    x$fpl$retnan        fz_ws.l(retnan.o)
    0x0800a8cc   0x0000005c   Code   RO         4759    x$fpl$scalbn        fz_ws.l(scalbn.o)
    0x0800a928   0x00000004   Code   RO         4643    x$fpl$scanf1        fz_ws.l(scanf1.o)
    0x0800a92c   0x00000008   Code   RO         4711    x$fpl$scanf2        fz_ws.l(scanf2.o)
    0x0800a934   0x00000030   Code   RO         4792    x$fpl$trapveneer    fz_ws.l(trapv.o)
    0x0800a964   0x00000000   Code   RO         4503    x$fpl$usenofp       fz_ws.l(usenofp.o)
    0x0800a964   0x0000000c   Code   RO         4269    x$udivmod           c_w.l(aeabi_sdiv.o)
    0x0800a970   0x00000021   Data   RO         2994    .constdata          jansson_CM3LE.lib(dump.o)
    0x0800a991   0x00000028   Data   RO         4158    .constdata          c_w.l(_printf_hex_int_ll_ptr.o)
    0x0800a9b9   0x00000011   Data   RO         4178    .constdata          c_w.l(__printf_flags_ss_wp.o)
    0x0800a9ca   0x00000002   PAD
    0x0800a9cc   0x00000008   Data   RO         4390    .constdata          c_w.l(_printf_wctomb.o)
    0x0800a9d4   0x00000094   Data   RO         4556    .constdata          c_w.l(bigflt0.o)
    0x0800aa68   0x00000097   Data   RO          742    .conststring        wifi.o
    0x0800aaff   0x00000001   PAD
    0x0800ab00   0x00000020   Data   RO         4794    Region$$Table       anon$$obj.o
    0x0800ab20   0x00000008   Data   RO         4708    c$$dinf             fz_ws.l(fpconst.o)
    0x0800ab28   0x0000001c   Data   RO         4602    locale$$data        c_w.l(lc_numeric_c.o)
    0x0800ab44   0x00000110   Data   RO         4663    locale$$data        c_w.l(lc_ctype_c.o)


    Execution Region RW_IRAM1 (Base: 0x20000000, Size: 0x00004a60, Max: 0x00005000, ABSOLUTE, COMPRESSED[0x000001ac])

    Base Addr    Size         Type   Attr      Idx    E Section Name        Object

    0x20000000   0x00000020   Data   RW           31    .data               main.o
    0x20000020   0x00000006   Data   RW          253    .data               global.o
    0x20000026   0x00000002   Data   RW          291    .data               led_ctrl.o
    0x20000028   0x000001a4   Data   RW          654    .data               capture.o
    0x200001cc   0x00000003   Data   RW          689    .data               mode_relay.o
    0x200001cf   0x00000001   PAD
    0x200001d0   0x00000023   Data   RW          743    .data               wifi.o
    0x200001f3   0x00000001   PAD
    0x200001f4   0x00000004   Data   RW          810    .data               systick.o
    0x200001f8   0x00000012   Data   RW          868    .data               usart.o
    0x2000020a   0x00000002   PAD
    0x2000020c   0x00000008   Data   RW          991    .data               exti.o
    0x20000214   0x00000002   Data   RW         1036    .data               key.o
    0x20000216   0x0000000a   Data   RW         1132    .data               time.o
    0x20000220   0x00000035   Data   RW         1190    .data               timeread.o
    0x20000255   0x00000014   Data   RW         2001    .data               stm32f10x_rcc.o
    0x20000269   0x00000003   PAD
    0x2000026c   0x00000018   Data   RW         3318    .data               jansson_CM3LE.lib(value.o)
    0x20000284   0x00000008   Data   RW         3869    .data               jansson_CM3LE.lib(memory.o)
    0x2000028c   0x00000004   Data   RW         4035    .data               jansson_CM3LE.lib(hashtable_seed.o)
    0x20000290   0x00000106   Zero   RW           30    .bss                main.o
    0x20000396   0x00000002   PAD
    0x20000398   0x00000051   Zero   RW          252    .bss                global.o
    0x200003e9   0x00000001   PAD
    0x200003ea   0x0000003c   Zero   RW          653    .bss                capture.o
    0x20000426   0x00000200   Zero   RW          867    .bss                usart.o
    0x20000626   0x000000c8   Zero   RW         1131    .bss                time.o
    0x200006ee   0x00000010   Zero   RW         1189    .bss                timeread.o
    0x200006fe   0x00000002   PAD
    0x20000700   0x00000060   Zero   RW         4335    .bss                c_w.l(libspace.o)
    0x20000760   0x00003f00   Zero   RW         2931    HEAP                startup_stm32f10x_md.o
    0x20004660   0x00000400   Zero   RW         2930    STACK               startup_stm32f10x_md.o


==============================================================================

Image component sizes


      Code (inc. data)   RO Data    RW Data    ZI Data      Debug   Object Name

       232         12          0          0          0       1204   adc.o
       380         52          0        420         60       1372   capture.o
       524         50          0          8          0       2716   exti.o
         0          0          0          6         81       3698   global.o
         6          0          0          0          0       5402   jansson_config.o
        44          6          0          2          0        716   key.o
      1364         56          0          0          0       3641   led.o
      3714        198          0          2          0      10973   led_ctrl.o
      6048        614          0         32        262     282936   main.o
       172         22          0          0          0       2317   misc.o
       952         78          0          3          0       3667   mode_relay.o
       684         32          0          0          0       9614   set_param.o
        64         26        236          0      17152        824   startup_stm32f10x_md.o
       140          4          0          0          0       8047   stm32_flash.o
       394         10          0          0          0       8561   stm32f10x_adc.o
       200         18          0          0          0       2352   stm32f10x_exti.o
       286         36          0          0          0       4244   stm32f10x_flash.o
       512         10          0          0          0       5484   stm32f10x_gpio.o
        26          0          0          0          0     205566   stm32f10x_it.o
       332         44          0         20          0       5893   stm32f10x_rcc.o
       246         42          0          0          0       3902   stm32f10x_tim.o
       490          6          0          0          0       7857   stm32f10x_usart.o
       328         28          0          0          0       1965   system_stm32f10x.o
       310         22          0          4          0       2590   systick.o
       436         72          0         10        200       2114   time.o
      1290         80          0         53         16      10132   timeread.o
       832         68          0         18        512       3791   usart.o
         0          0        151         35          0        677   wifi.o

    ----------------------------------------------------------------------
     20050       1586        420        620      18288     602255   Object Totals
         0          0         32          0          0          0   (incl. Generated)
        44          0          1          7          5          0   (incl. Padding)

    ----------------------------------------------------------------------

      Code (inc. data)   RO Data    RW Data    ZI Data      Debug   Library Member Name

        56          6          0          0          0         88   __2snprintf.o
        44          6          0          0          0         84   __2sprintf.o
        90          0          0          0          0          0   __dczerorl2.o
         8          0          0          0          0         68   __main.o
       392          4         17          0          0         92   __printf_flags_ss_wp.o
        14          0          0          0          0         68   __printf_wp.o
         0          0          0          0          0          0   __rtentry.o
        12          0          0          0          0          0   __rtentry2.o
         6          0          0          0          0          0   __rtentry4.o
        52          8          0          0          0          0   __scatter.o
        28          0          0          0          0          0   __scatter_zi.o
       144          0          0          0          0         88   __strtoll.o
        28          0          0          0          0         68   _chval.o
         6          0          0          0          0          0   _printf_a.o
         6          0          0          0          0          0   _printf_c.o
        44          0          0          0          0        108   _printf_char.o
        48          6          0          0          0         96   _printf_char_common.o
        40          0          0          0          0         68   _printf_charcount.o
         6          0          0          0          0          0   _printf_d.o
       120         16          0          0          0         92   _printf_dec.o
         6          0          0          0          0          0   _printf_e.o
         6          0          0          0          0          0   _printf_f.o
      1050          0          0          0          0        216   _printf_fp_dec.o
       128         16          0          0          0         84   _printf_fp_infnan.o
         6          0          0          0          0          0   _printf_g.o
       148          4         40          0          0        160   _printf_hex_int_ll_ptr.o
         6          0          0          0          0          0   _printf_i.o
       178          0          0          0          0         88   _printf_intcommon.o
        10          0          0          0          0          0   _printf_l.o
         6          0          0          0          0          0   _printf_lc.o
        10          0          0          0          0          0   _printf_ll.o
         6          0          0          0          0          0   _printf_lld.o
         6          0          0          0          0          0   _printf_lli.o
         6          0          0          0          0          0   _printf_llo.o
         6          0          0          0          0          0   _printf_llu.o
         6          0          0          0          0          0   _printf_llx.o
       124         16          0          0          0         92   _printf_longlong_dec.o
         6          0          0          0          0          0   _printf_ls.o
         6          0          0          0          0          0   _printf_n.o
         6          0          0          0          0          0   _printf_o.o
       112          8          0          0          0        124   _printf_oct_int_ll.o
         6          0          0          0          0          0   _printf_p.o
        78          0          0          0          0        108   _printf_pad.o
         0          0          0          0          0          0   _printf_percent.o
         4          0          0          0          0          0   _printf_percent_end.o
         6          0          0          0          0          0   _printf_s.o
        82          0          0          0          0         80   _printf_str.o
        36          0          0          0          0         84   _printf_truncate.o
         6          0          0          0          0          0   _printf_u.o
        44          0          0          0          0        108   _printf_wchar.o
       188          6          8          0          0         92   _printf_wctomb.o
         6          0          0          0          0          0   _printf_x.o
        22          0          0          0          0        100   _rserrno.o
        64          0          0          0          0         84   _sgetc.o
        16          0          0          0          0         68   _snputc.o
        10          0          0          0          0         68   _sputc.o
       194          0          0          0          0         96   _strtoull.o
        64          0          0          0          0         92   _wcrtomb.o
        16          0          0          0          0         72   abort.o
        12          0          0          0          0         68   aeabi_sdiv.o
       220          4        148          0          0         96   bigflt0.o
      2074        132          0          0          0        940   btod.o
        52          4          0          0          0         80   c89vsnprintf.o
        48         34          0          0          0         76   defsig_abrt_inner.o
        14          0          0          0          0         80   defsig_abrt_outer.o
        10          0          0          0          0         68   defsig_exit.o
        50          0          0          0          0         88   defsig_general.o
        80         58          0          0          0         76   defsig_rtmem_inner.o
        14          0          0          0          0         80   defsig_rtmem_outer.o
        12          0          0          0          0         72   exit.o
        94          0          0          0          0         80   h1_alloc.o
        52          0          0          0          0         68   h1_extend.o
        78          0          0          0          0         80   h1_free.o
        14          0          0          0          0         84   h1_init.o
         6          0          0          0          0        152   heapauxi.o
         4          0          0          0          0        136   hguard.o
         0          0          0          0          0          0   indicate_semi.o
       138          0          0          0          0        168   init_alloc.o
        18          0          0          0          0         76   isspace.o
        44         10        272          0          0         76   lc_ctype_c.o
        44         10         28          0          0         76   lc_numeric_c.o
         2          0          0          0          0          0   libinit.o
        38          0          0          0          0          0   libinit2.o
         2          0          0          0          0          0   libshutdown.o
         2          0          0          0          0          0   libshutdown2.o
         8          4          0          0         96         68   libspace.o
        38          0          0          0          0         68   llshl.o
       138          0          0          0          0         80   lludiv10.o
         0          0          0          0          0          0   maybetermalloc1.o
        20          0          0          0          0         68   memchr.o
       612          0          0          0          0        136   qsortnoex.o
        16          4          0          0          0         76   rt_ctype_table.o
         8          4          0          0          0         68   rt_errno_addr_intlibspace.o
         8          4          0          0          0         68   rt_heap_descriptor_intlibspace.o
         8          4          0          0          0         68   rt_locale_intlibspace.o
        78          0          0          0          0         80   rt_memclr_w.o
       138          0          0          0          0         68   rt_memcpy_v6.o
       100          0          0          0          0         80   rt_memcpy_w.o
       132          0          0          0          0         68   rt_memmove_v6.o
       122          0          0          0          0         80   rt_memmove_w.o
         2          0          0          0          0          0   rtexit.o
        10          0          0          0          0          0   rtexit2.o
      1188         12          0          0          0        148   scanf_fp.o
       792         14          0          0          0        100   scanf_hexfp.o
       308         16          0          0          0        100   scanf_infnan.o
        24          0          0          0          0         68   strcat.o
        20          0          0          0          0         68   strchr.o
       128          0          0          0          0         68   strcmpv7m.o
        72          0          0          0          0         80   strcpy.o
        62          0          0          0          0         76   strlen.o
        36          0          0          0          0         80   strstr.o
       160         12          0          0          0        120   strtod.o
         4          0          0          0          0         68   strtoll.o
        12          4          0          0          0         68   sys_exit.o
        74          0          0          0          0         80   sys_stackheap_outer.o
        14          0          0          0          0         76   sys_wrch.o
         2          0          0          0          0         68   use_no_semi.o
        98          4          0          0          0         92   d2f.o
       826         16          0          0          0        348   daddsub_clz.o
        16          4          0          0          0         68   dcheck1.o
        24          0          0          0          0         68   dcmpi.o
       688        140          0          0          0        208   ddiv.o
       120          4          0          0          0         92   deqf.o
        38          0          0          0          0         68   dflt_clz.o
       120          4          0          0          0         92   dleqf.o
       340         12          0          0          0        104   dmul.o
       156          4          0          0          0         92   dnaninf.o
        12          0          0          0          0         68   dretinf.o
       108          0          0          0          0         80   drleqf.o
        86          4          0          0          0         84   f2d.o
        24          0          0          0          0         68   fcmpi.o
       104          4          0          0          0         84   fleqf.o
       140          4          0          0          0         84   fnaninf.o
         0          0          8          0          0          0   fpconst.o
        10          0          0          0          0         68   fretinf.o
        98          0          0          0          0         68   frleqf.o
         4          0          0          0          0         68   printf1.o
       100          0          0          0          0         68   retnan.o
        92          0          0          0          0         68   scalbn.o
         4          0          0          0          0         68   scanf1.o
         8          0          0          0          0         84   scanf2.o
        48          0          0          0          0         68   trapv.o
         0          0          0          0          0          0   usenofp.o
      1534        162         33          0          0      17721   dump.o
       154          4          0          0          0       6477   error.o
      1000         32          0          0          0      17697   hashtable.o
        40          6          0          4          0       1280   hashtable_seed.o
      3288        680          0          0          0      19565   load.o
        86          8          0          8          0       6121   memory.o
       220          4          0          0          0       4432   strbuffer.o
       260         20          0          0          0       1934   strconv.o
       446         14          0          0          0       3830   utf.o
      1000         32          0         24          0      25409   value.o
        30          6          0          0          0        136   dunder.o
        40          0          0          0          0         68   fpclassify.o
        88          8          0          0          0         76   frexp.o
       138          0          0          0          0        160   ldexp.o
       152          4          0          0          0        168   narrow.o
        28          0          0          0          0         80   strtod.o

    ----------------------------------------------------------------------
     23090       1608        556         36         96     115214   Library Totals
        42          2          2          0          0          0   (incl. Padding)

    ----------------------------------------------------------------------

      Code (inc. data)   RO Data    RW Data    ZI Data      Debug   Library Name

     11280        426        513          0         96       7800   c_w.l
      3264        200          8          0          0       2260   fz_ws.l
      8028        962         33         36          0     104466   jansson_CM3LE.lib
       476         18          0          0          0        688   m_ws.l

    ----------------------------------------------------------------------
     23090       1608        556         36         96     115214   Library Totals

    ----------------------------------------------------------------------

==============================================================================


      Code (inc. data)   RO Data    RW Data    ZI Data      Debug   

     43140       3194        976        656      18384     699453   Grand Totals
     43140       3194        976        428      18384     699453   ELF Image Totals (compressed)
     43140       3194        976        428          0          0   ROM Totals

==============================================================================

    Total RO  Size (Code + RO Data)                44116 (  43.08kB)
    Total RW  Size (RW Data + ZI Data)             19040 (  18.59kB)
    Total ROM Size (Code + RO Data + RW Data)      44544 (  43.50kB)

==============================================================================

