Component: ARM Compiler 5.05 update 1 (build 106) Tool: armlink [4d0efa]

==============================================================================

Section Cross References

    main.o(i.check_button) refers to main.o(i.mode_exchange) for mode_exchange
    main.o(i.check_button) refers to stm32_flash.o(i.Write_Flash) for Write_Flash
    main.o(i.check_button) refers to exti.o(.data) for buttonState
    main.o(i.check_button) refers to main.o(.data) for m1
    main.o(i.check_button) refers to global.o(.bss) for sysParam
    main.o(i.check_button) refers to main.o(.bss) for memory
    main.o(i.main) refers to main.o(i.system_init) for system_init
    main.o(i.main) refers to stm32_flash.o(i.Read_Flash) for Read_Flash
    main.o(i.main) refers to h1_alloc.o(.text) for malloc
    main.o(i.main) refers to global.o(.bss) for sysParam
    main.o(i.main) refers to main.o(.bss) for memory
    main.o(i.main) refers to main.o(.data) for m1
    main.o(i.main) refers to led_ctrl.o(i.mode1Led) for mode1Led
    main.o(i.main) refers to mode_relay.o(i.mode1Relay) for mode1Relay
    main.o(i.main) refers to led_ctrl.o(i.mode2Led) for mode2Led
    main.o(i.main) refers to mode_relay.o(i.mode2Relay) for mode2Relay
    main.o(i.main) refers to led_ctrl.o(i.setTempretureLed) for setTempretureLed
    main.o(i.main) refers to set_param.o(i.setTime1Tempreture) for setTime1Tempreture
    main.o(i.main) refers to led_ctrl.o(i.setSysTimeHourLed) for setSysTimeHourLed
    main.o(i.main) refers to set_param.o(i.setSysTimeHour) for setSysTimeHour
    main.o(i.main) refers to led_ctrl.o(i.setSysTimeMinuteLed) for setSysTimeMinuteLed
    main.o(i.main) refers to set_param.o(i.setSysTimeMinute) for setSysTimeMinute
    main.o(i.main) refers to led_ctrl.o(i.mode3Led) for mode3Led
    main.o(i.main) refers to mode_relay.o(i.mode3Relay) for mode3Relay
    main.o(i.main) refers to led_ctrl.o(i.setTime1OpenHourLed) for setTime1OpenHourLed
    main.o(i.main) refers to set_param.o(i.setTime1OpenHour) for setTime1OpenHour
    main.o(i.main) refers to led_ctrl.o(i.setTime1CloseHourLed) for setTime1CloseHourLed
    main.o(i.main) refers to set_param.o(i.setTime1CloseHour) for setTime1CloseHour
    main.o(i.main) refers to led_ctrl.o(i.setTime1TempretureLed) for setTime1TempretureLed
    main.o(i.main) refers to led_ctrl.o(i.setTime2OpenHourLed) for setTime2OpenHourLed
    main.o(i.main) refers to set_param.o(i.setTime2OpenHour) for setTime2OpenHour
    main.o(i.main) refers to led_ctrl.o(i.setTime2CloseHourLed) for setTime2CloseHourLed
    main.o(i.main) refers to set_param.o(i.setTime2CloseHour) for setTime2CloseHour
    main.o(i.main) refers to main.o(i.check_button) for check_button
    main.o(i.main) refers to timeread.o(i.HYM8563_Read_time) for HYM8563_Read_time
    main.o(i.main) refers to capture.o(i.Get_Temputure) for Get_Temputure
    main.o(i.main) refers to led_ctrl.o(i.setTime2TempretureLed) for setTime2TempretureLed
    main.o(i.main) refers to set_param.o(i.setTime2Tempreture) for setTime2Tempreture
    main.o(i.main) refers to led_ctrl.o(i.setTime3OpenHourLed) for setTime3OpenHourLed
    main.o(i.main) refers to set_param.o(i.setTime3OpenHour) for setTime3OpenHour
    main.o(i.main) refers to led_ctrl.o(i.setTime3CloseHourLed) for setTime3CloseHourLed
    main.o(i.main) refers to set_param.o(i.setTime3CloseHour) for setTime3CloseHour
    main.o(i.main) refers to led_ctrl.o(i.setTime3TempretureLed) for setTime3TempretureLed
    main.o(i.main) refers to set_param.o(i.setTime3Tempreture) for setTime3Tempreture
    main.o(i.main) refers to led_ctrl.o(i.mode4Led) for mode4Led
    main.o(i.main) refers to mode_relay.o(i.mode4Relay) for mode4Relay
    main.o(i.mode_exchange) refers to stm32_flash.o(i.Write_Flash) for Write_Flash
    main.o(i.mode_exchange) refers to main.o(.data) for m1
    main.o(i.mode_exchange) refers to main.o(.bss) for memory
    main.o(i.system_init) refers to systick.o(i.SysTick_Init) for SysTick_Init
    main.o(i.system_init) refers to systick.o(i.Systerm_Config) for Systerm_Config
    main.o(i.system_init) refers to timeread.o(i.HYM8563_Init) for HYM8563_Init
    main.o(i.system_init) refers to key.o(i.KEY_Init) for KEY_Init
    main.o(i.wifi_init) refers to usart.o(i.CLR_Buf1) for CLR_Buf1
    main.o(i.wifi_init) refers to usart.o(i.Find) for Find
    main.o(i.wifi_init) refers to stm32f10x_usart.o(i.USART_GetFlagStatus) for USART_GetFlagStatus
    main.o(i.wifi_init) refers to stm32f10x_usart.o(i.USART_SendData) for USART_SendData
    main.o(i.wifi_init) refers to usart.o(i.UART1_SendString) for UART1_SendString
    main.o(i.wifi_init) refers to main.o(.data) for wifiInitFlag
    main.o(i.wifi_init) refers to wifi.o(.data) for Set_Mode
    main.o(i.wifi_send) refers to rt_memclr_w.o(.text) for __aeabi_memclr4
    main.o(i.wifi_send) refers to usart.o(i.Find) for Find
    main.o(i.wifi_send) refers to strlen.o(.text) for strlen
    main.o(i.wifi_send) refers to strcat.o(.text) for strcat
[...]
    i.ADC_RegularChannelConfig               0x0800066c   Section        0  stm32f10x_adc.o(i.ADC_RegularChannelConfig)
    i.ADC_ResetCalibration                   0x08000724   Section        0  stm32f10x_adc.o(i.ADC_ResetCalibration)
    i.ADC_SoftwareStartConvCmd               0x0800072e   Section        0  stm32f10x_adc.o(i.ADC_SoftwareStartConvCmd)
    i.ADC_StartCalibration                   0x08000744   Section        0  stm32f10x_adc.o(i.ADC_StartCalibration)
    i.ADCx_Init                              0x08000750   Section        0  adc.o(i.ADCx_Init)
    i.BusFault_Handler                       0x080007e4   Section        0  stm32f10x_it.o(i.BusFault_Handler)
    i.DebugMon_Handler                       0x080007e8   Section        0  stm32f10x_it.o(i.DebugMon_Handler)
    i.EXTI3_IRQHandler                       0x080007ec   Section        0  exti.o(i.EXTI3_IRQHandler)
    i.EXTI4_IRQHandler                       0x08000830   Section        0  exti.o(i.EXTI4_IRQHandler)
    i.EXTI9_5_IRQHandler                     0x08000874   Section        0  exti.o(i.EXTI9_5_IRQHandler)
    i.EXTI_ClearITPendingBit                 0x08000918   Section        0  stm32f10x_exti.o(i.EXTI_ClearITPendingBit)
    i.EXTI_GetITStatus                       0x08000924   Section        0  stm32f10x_exti.o(i.EXTI_GetITStatus)
    i.EXTI_Init                              0x0800094c   Section        0  stm32f10x_exti.o(i.EXTI_Init)
    i.FLASH_ClearFlag                        0x080009e0   Section        0  stm32f10x_flash.o(i.FLASH_ClearFlag)
    i.FLASH_ErasePage                        0x080009ec   Section        0  stm32f10x_flash.o(i.FLASH_ErasePage)
    i.FLASH_GetBank1Status                   0x08000a38   Section        0  stm32f10x_flash.o(i.FLASH_GetBank1Status)
    i.FLASH_Lock                             0x08000a6c   Section        0  stm32f10x_flash.o(i.FLASH_Lock)
    i.FLASH_ProgramHalfWord                  0x08000a80   Section        0  stm32f10x_flash.o(i.FLASH_ProgramHalfWord)
    i.FLASH_Unlock                           0x08000ac0   Section        0  stm32f10x_flash.o(i.FLASH_Unlock)
    i.FLASH_WaitForLastOperation             0x08000ad8   Section        0  stm32f10x_flash.o(i.FLASH_WaitForLastOperation)
    i.GPIO_EXTILineConfig                    0x08000b00   Section        0  stm32f10x_gpio.o(i.GPIO_EXTILineConfig)
    i.GPIO_Init                              0x08000b40   Section        0  stm32f10x_gpio.o(i.GPIO_Init)
    i.GPIO_Init1                             0x08000c58   Section        0  led.o(i.GPIO_Init1)
    i.GPIO_PinRemapConfig                    0x08000cb8   Section        0  stm32f10x_gpio.o(i.GPIO_PinRemapConfig)
    i.GPIO_ReadInputDataBit                  0x08000d48   Section        0  stm32f10x_gpio.o(i.GPIO_ReadInputDataBit)
    i.GPIO_ResetBits                         0x08000d5a   Section        0  stm32f10x_gpio.o(i.GPIO_ResetBits)
    i.GPIO_SetBits                           0x08000d5e   Section        0  stm32f10x_gpio.o(i.GPIO_SetBits)
    i.Get_ADC_Value                          0x08000d64   Section        0  adc.o(i.Get_ADC_Value)
    i.Get_Temputure                          0x08000db8   Section        0  capture.o(i.Get_Temputure)
    i.HYM8563_Init                           0x08000f34   Section        0  timeread.o(i.HYM8563_Init)
    i.HYM8563_Read_time                      0x08000f9c   Section        0  timeread.o(i.HYM8563_Read_time)
    i.HYM8563_Write_OneByte                  0x080010b0   Section        0  timeread.o(i.HYM8563_Write_OneByte)
    i.HYM8563_Write_time                     0x080010e0   Section        0  timeread.o(i.HYM8563_Write_time)
    i.HardFault_Handler                      0x080011c0   Section        0  stm32f10x_it.o(i.HardFault_Handler)
    i.Hextobcd                               0x080011c4   Section        0  timeread.o(i.Hextobcd)
    i.IIC_Ack                                0x080011e0   Section        0  timeread.o(i.IIC_Ack)
    i.IIC_NAck                               0x0800120c   Section        0  timeread.o(i.IIC_NAck)
    i.IIC_Read_Byte                          0x08001238   Section        0  timeread.o(i.IIC_Read_Byte)
    i.IIC_Send_Byte                          0x08001284   Section        0  timeread.o(i.IIC_Send_Byte)
    i.IIC_Start                              0x080012e0   Section        0  timeread.o(i.IIC_Start)
    i.IIC_Stop                               0x0800130c   Section        0  timeread.o(i.IIC_Stop)
    i.IIC_Wait_Ack                           0x08001338   Section        0  timeread.o(i.IIC_Wait_Ack)
    i.KEY_Init                               0x08001378   Section        0  key.o(i.KEY_Init)
    i.LED_Disp                               0x080013a4   Section        0  led.o(i.LED_Disp)
    i.MemManage_Handler                      0x08001760   Section        0  stm32f10x_it.o(i.MemManage_Handler)
    i.My_EXTI_Init                           0x08001764   Section        0  exti.o(i.My_EXTI_Init)
    i.NMI_Handler                            0x08001844   Section        0  stm32f10x_it.o(i.NMI_Handler)
    i.NVIC_Init                              0x08001848   Section        0  misc.o(i.NVIC_Init)
    i.NVIC_PriorityGroupConfig               0x080018b8   Section        0  misc.o(i.NVIC_PriorityGroupConfig)
    i.PendSV_Handler                         0x080018cc   Section        0  stm32f10x_it.o(i.PendSV_Handler)
    i.RCC_ADCCLKConfig                       0x080018d0   Section        0  stm32f10x_rcc.o(i.RCC_ADCCLKConfig)
    i.RCC_AHBPeriphClockCmd                  0x080018e8   Section        0  stm32f10x_rcc.o(i.RCC_AHBPeriphClockCmd)
    i.RCC_APB1PeriphClockCmd                 0x08001908   Section        0  stm32f10x_rcc.o(i.RCC_APB1PeriphClockCmd)
    i.RCC_APB2PeriphClockCmd                 0x08001928   Section        0  stm32f10x_rcc.o(i.RCC_APB2PeriphClockCmd)
    i.RCC_Configuration                      0x08001948   Section        0  systick.o(i.RCC_Configuration)
    i.RCC_GetClocksFreq                      0x08001970   Section        0  stm32f10x_rcc.o(i.RCC_GetClocksFreq)
    i.Read_Flash                             0x08001a44   Section        0  stm32_flash.o(i.Read_Flash)
    i.SCL_DATA_OUT                           0x08001a60   Section        0  timeread.o(i.SCL_DATA_OUT)
    i.SCL_OUT                                0x08001a84   Section        0  timeread.o(i.SCL_OUT)
    i.SDA_DATA_IN                            0x08001aa8   Section        0  timeread.o(i.SDA_DATA_IN)
    i.SDA_DATA_OUT                           0x08001ac0   Section        0  timeread.o(i.SDA_DATA_OUT)
    i.SDA_IN                                 0x08001ae4   Section        0  timeread.o(i.SDA_IN)
    i.SDA_OUT                                0x08001b08   Section        0  timeread.o(i.SDA_OUT)
    i.SVC_Handler                            0x08001b2c   Section        0  stm32f10x_it.o(i.SVC_Handler)
    i.SetSysClock                            0x08001b2e   Section        0  system_stm32f10x.o(i.SetSysClock)
    SetSysClock                              0x08001b2f   Thumb Code     8  system_stm32f10x.o(i.SetSysClock)
    i.SetSysClockTo72                        0x08001b38   Section        0  system_stm32f10x.o(i.SetSysClockTo72)
    SetSysClockTo72                          0x08001b39   Thumb Code   214  system_stm32f10x.o(i.SetSysClockTo72)
    i.SysTick_CLKSourceConfig                0x08001c18   Section        0  misc.o(i.SysTick_CLKSourceConfig)
    i.SysTick_Handler                        0x08001c40   Section        0  stm32f10x_it.o(i.SysTick_Handler)
    i.SysTick_Init                           0x08001c44   Section        0  systick.o(i.SysTick_Init)
    i.SystemInit                             0x08001c80   Section        0  system_stm32f10x.o(i.SystemInit)
    i.Systerm_Config                         0x08001ce0   Section        0  systick.o(i.Systerm_Config)
    i.TIM4_IRQHandler                        0x08001d1c   Section        0  time.o(i.TIM4_IRQHandler)
    i.TIM4_Init                              0x08001e64   Section        0  time.o(i.TIM4_Init)
    i.TIM_ClearITPendingBit                  0x08001ecc   Section        0  stm32f10x_tim.o(i.TIM_ClearITPendingBit)
    i.TIM_Cmd                                0x08001ed2   Section        0  stm32f10x_tim.o(i.TIM_Cmd)
    i.TIM_GetITStatus                        0x08001eea   Section        0  stm32f10x_tim.o(i.TIM_GetITStatus)
    i.TIM_ITConfig                           0x08001f0c   Section        0  stm32f10x_tim.o(i.TIM_ITConfig)
    i.TIM_TimeBaseInit                       0x08001f20   Section        0  stm32f10x_tim.o(i.TIM_TimeBaseInit)
    i.USART1_IRQHandler                      0x08001fc4   Section        0  usart.o(i.USART1_IRQHandler)
    i.USART1_Init                            0x080021dc   Section        0  usart.o(i.USART1_Init)
    i.USART_ClearFlag                        0x0800228c   Section        0  stm32f10x_usart.o(i.USART_ClearFlag)
    i.USART_ClearITPendingBit                0x0800229e   Section        0  stm32f10x_usart.o(i.USART_ClearITPendingBit)
    i.USART_Cmd                              0x080022bc   Section        0  stm32f10x_usart.o(i.USART_Cmd)
    i.USART_GetFlagStatus                    0x080022d4   Section        0  stm32f10x_usart.o(i.USART_GetFlagStatus)
    i.USART_GetITStatus                      0x080022ee   Section        0  stm32f10x_usart.o(i.USART_GetITStatus)
    i.USART_ITConfig                         0x08002342   Section        0  stm32f10x_usart.o(i.USART_ITConfig)
    i.USART_Init                             0x0800238c   Section        0  stm32f10x_usart.o(i.USART_Init)
    i.USART_ReceiveData                      0x08002464   Section        0  stm32f10x_usart.o(i.USART_ReceiveData)
    i.UsageFault_Handler                     0x0800246e   Section        0  stm32f10x_it.o(i.UsageFault_Handler)
    i.Write_Flash                            0x08002474   Section        0  stm32_flash.o(i.Write_Flash)
    i.checkWork                              0x080024e4   Section        0  mode_relay.o(i.checkWork)
    i.check_button                           0x080025b0   Section        0  main.o(i.check_button)
    i.delay_ms                               0x080028a8   Section        0  systick.o(i.delay_ms)
    i.delay_us                               0x080028f4   Section        0  systick.o(i.delay_us)
    i.display                                0x08002940   Section        0  led.o(i.display)
    i.display2                               0x0800299c   Section        0  led.o(i.display2)
    i.getLedPinValueStruct                   0x080029e0   Section        0  led.o(i.getLedPinValueStruct)
    i.indate                                 0x08002a38   Section        0  led.o(i.indate)
    i.main                                   0x08002a78   Section        0  main.o(i.main)
    i.mode1Led                               0x08003338   Section        0  led_ctrl.o(i.mode1Led)
    i.mode1Relay                             0x08003364   Section        0  mode_relay.o(i.mode1Relay)
    i.mode2Led                               0x08003394   Section        0  led_ctrl.o(i.mode2Led)
    i.mode2Relay                             0x08003534   Section        0  mode_relay.o(i.mode2Relay)
    i.mode3Led                               0x0800360c   Section        0  led_ctrl.o(i.mode3Led)
    i.mode3Relay                             0x080037d4   Section        0  mode_relay.o(i.mode3Relay)
    i.mode4Led                               0x080039c4   Section        0  led_ctrl.o(i.mode4Led)
    i.mode4Relay                             0x08003b68   Section        0  mode_relay.o(i.mode4Relay)
    i.mode_exchange                          0x08003c40   Section        0  main.o(i.mode_exchange)
    i.setSysTimeHour                         0x08003d68   Section        0  set_param.o(i.setSysTimeHour)
    i.setSysTimeHourLed                      0x08003e20   Section        0  led_ctrl.o(i.setSysTimeHourLed)
    i.setSysTimeMinute                       0x08003ea4   Section        0  set_param.o(i.setSysTimeMinute)
    i.setSysTimeMinuteLed                    0x08003f5c   Section        0  led_ctrl.o(i.setSysTimeMinuteLed)
    i.setTempretureLed                       0x08003fe0   Section        0  led_ctrl.o(i.setTempretureLed)
    i.setTime1CloseHour                      0x0800406c   Section        0  set_param.o(i.setTime1CloseHour)
    i.setTime1CloseHourLed                   0x08004090   Section        0  led_ctrl.o(i.setTime1CloseHourLed)
    i.setTime1OpenHour                       0x08004160   Section        0  set_param.o(i.setTime1OpenHour)
    i.setTime1OpenHourLed                    0x08004184   Section        0  led_ctrl.o(i.setTime1OpenHourLed)
    i.setTime1Tempreture                     0x08004254   Section        0  set_param.o(i.setTime1Tempreture)
    i.setTime1TempretureLed                  0x0800427c   Section        0  led_ctrl.o(i.setTime1TempretureLed)
    i.setTime2CloseHour                      0x08004348   Section        0  set_param.o(i.setTime2CloseHour)
    i.setTime2CloseHourLed                   0x0800436c   Section        0  led_ctrl.o(i.setTime2CloseHourLed)
    i.setTime2OpenHour                       0x0800443c   Section        0  set_param.o(i.setTime2OpenHour)
    i.setTime2OpenHourLed                    0x08004460   Section        0  led_ctrl.o(i.setTime2OpenHourLed)
    i.setTime2Tempreture                     0x08004530   Section        0  set_param.o(i.setTime2Tempreture)
    i.setTime2TempretureLed                  0x0800454c   Section        0  led_ctrl.o(i.setTime2TempretureLed)
    i.setTime3CloseHour                      0x08004618   Section        0  set_param.o(i.setTime3CloseHour)
    i.setTime3CloseHourLed                   0x0800463c   Section        0  led_ctrl.o(i.setTime3CloseHourLed)
    i.setTime3OpenHour                       0x0800470c   Section        0  set_param.o(i.setTime3OpenHour)
    i.setTime3OpenHourLed                    0x08004730   Section        0  led_ctrl.o(i.setTime3OpenHourLed)
    i.setTime3Tempreture                     0x08004800   Section        0  set_param.o(i.setTime3Tempreture)
    i.setTime3TempretureLed                  0x0800481c   Section        0  led_ctrl.o(i.setTime3TempretureLed)
    i.setWatt                                0x080048e8   Section        0  led_ctrl.o(i.setWatt)
    i.system_init                            0x08004974   Section        0  main.o(i.system_init)
    x$fpl$d2f                                0x080049ac   Section       98  d2f.o(x$fpl$d2f)
    x$fpl$dadd                               0x08004a10   Section      336  daddsub_clz.o(x$fpl$dadd)
    _dadd1                                   0x08004a21   Thumb Code     0  daddsub_clz.o(x$fpl$dadd)
    x$fpl$ddiv                               0x08004b60   Section      688  ddiv.o(x$fpl$ddiv)
    ddiv_entry                               0x08004b67   Thumb Code     0  ddiv.o(x$fpl$ddiv)
    x$fpl$dfltu                              0x08004e10   Section       38  dflt_clz.o(x$fpl$dfltu)
    x$fpl$dmul                               0x08004e38   Section      340  dmul.o(x$fpl$dmul)
    x$fpl$dnaninf                            0x08004f8c   Section      156  dnaninf.o(x$fpl$dnaninf)
    x$fpl$dretinf                            0x08005028   Section       12  dretinf.o(x$fpl$dretinf)
    x$fpl$drsb                               0x08005034   Section       22  daddsub_clz.o(x$fpl$drsb)
    x$fpl$dsub                               0x0800504c   Section      468  daddsub_clz.o(x$fpl$dsub)
    _dsub1                                   0x0800505d   Thumb Code     0  daddsub_clz.o(x$fpl$dsub)
    x$fpl$f2d                                0x08005220   Section       86  f2d.o(x$fpl$f2d)
    x$fpl$fcmpinf                            0x08005276   Section       24  fcmpi.o(x$fpl$fcmpinf)
    x$fpl$fleqf                              0x08005290   Section      104  fleqf.o(x$fpl$fleqf)
    x$fpl$fnaninf                            0x080052f8   Section      140  fnaninf.o(x$fpl$fnaninf)
    x$fpl$fretinf                            0x08005384   Section       10  fretinf.o(x$fpl$fretinf)
    x$fpl$frleqf                             0x0800538e   Section       98  frleqf.o(x$fpl$frleqf)
    .conststring                             0x080053f0   Section      155  wifi.o(.conststring)
    x$fpl$usenofp                            0x080053f0   Section        0  usenofp.o(x$fpl$usenofp)
    .data                                    0x20000000   Section       36  main.o(.data)
    d                                        0x20000000   Data           1  main.o(.data)
    .data                                    0x20000024   Section        6  global.o(.data)
    .data                                    0x2000002a   Section        2  led_ctrl.o(.data)
    .data                                    0x2000002c   Section      420  capture.o(.data)
    .data                                    0x200001d0   Section        5  mode_relay.o(.data)
    .data                                    0x200001d8   Section       35  wifi.o(.data)
    .data                                    0x200001fc   Section        4  systick.o(.data)
    fac_us                                   0x200001fc   Data           1  systick.o(.data)
    fac_ms                                   0x200001fe   Data           2  systick.o(.data)
    .data                                    0x20000200   Section       18  usart.o(.data)
    .data                                    0x20000214   Section        8  exti.o(.data)
    .data                                    0x2000021c   Section        2  key.o(.data)
    .data                                    0x2000021e   Section       10  time.o(.data)
    .data                                    0x20000228   Section       53  timeread.o(.data)
    .data                                    0x2000025d   Section       20  stm32f10x_rcc.o(.data)
    APBAHBPrescTable                         0x2000025d   Data          16  stm32f10x_rcc.o(.data)
    ADCPrescTable                            0x2000026d   Data           4  stm32f10x_rcc.o(.data)
    .bss                                     0x20000274   Section      262  main.o(.bss)
    .bss                                     0x20000380   Section       81  global.o(.bss)
    .bss                                     0x200003d2   Section       60  capture.o(.bss)
    .bss                                     0x2000040e   Section      512  usart.o(.bss)
    .bss                                     0x2000060e   Section      200  time.o(.bss)
    .bss                                     0x200006d6   Section       16  timeread.o(.bss)
    .bss                                     0x200006e8   Section       96  libspace.o(.bss)
    HEAP                                     0x20000748   Section    16128  startup_stm32f10x_md.o(HEAP)
    Heap_Mem                                 0x20000748   Data       16128  startup_stm32f10x_md.o(HEAP)
    STACK                                    0x20004648   Section     1024  startup_stm32f10x_md.o(STACK)
    Stack_Mem                                0x20004648   Data        1024  startup_stm32f10x_md.o(STACK)
    __initial_sp                             0x20004a48   Data           0  startup_stm32f10x_md.o(STACK)

    Global Symbols

    Symbol Name                              Value     Ov Type        Size  Object(Section)

    BuildAttributes$$THM_ISAv4$P$D$K$B$S$PE$A:L22UL41UL21$X:L11$S22US41US21$IEEE1$IW$USESV6$~STKCKD$USESV7$~SHL$OTIME$ROPI$EBA8$UX$STANDARDLIB$REQ8$PRES8$EABIv2 0x00000000   Number         0  anon$$obj.o ABSOLUTE
    __ARM_use_no_argv                        0x00000000   Number         0  main.o ABSOLUTE
    __ARM_exceptions_init                     - Undefined Weak Reference
    __alloca_initialize                       - Undefined Weak Reference
    __arm_preinit_                            - Undefined Weak Reference
    __cpp_initialize__aeabi_                  - Undefined Weak Reference
    __cxa_finalize                            - Undefined Weak Reference
    __rt_locale                               - Undefined Weak Reference
    __sigvec_lookup                           - Undefined Weak Reference
    __user_heap_extent                        - Undefined Weak Reference
    _atexit_init                              - Undefined Weak Reference
    _call_atexit_fns                          - Undefined Weak Reference
    _clock_init                               - Undefined Weak Reference
    _fp_trap_init                             - Undefined Weak Reference
    _fp_trap_shutdown                         - Undefined Weak Reference
    _get_lc_collate                           - Undefined Weak Reference
    _get_lc_ctype                             - Undefined Weak Reference
    _get_lc_monetary                          - Undefined Weak Reference
    _get_lc_numeric                           - Undefined Weak Reference
    _get_lc_time                              - Undefined Weak Reference
    _getenv_init                              - Undefined Weak Reference
    _handle_redirection                       - Undefined Weak Reference
    _initio                                   - Undefined Weak Reference
    _mutex_acquire                            - Undefined Weak Reference
    _mutex_free                               - Undefined Weak Reference
    _mutex_release                            - Undefined Weak Reference
    _rand_init                                - Undefined Weak Reference
    _signal_finish                            - Undefined Weak Reference
    _signal_init                              - Undefined Weak Reference
    _terminateio                              - Undefined Weak Reference
    __Vectors_Size                           0x000000ec   Number         0  startup_stm32f10x_md.o ABSOLUTE
    __Vectors                                0x08000000   Data           4  startup_stm32f10x_md.o(RESET)
    __Vectors_End                            0x080000ec   Data           0  startup_stm32f10x_md.o(RESET)
    __main                                   0x080000ed   Thumb Code     8  __main.o(!!!main)
    __scatterload                            0x080000f5   Thumb Code     0  __scatter.o(!!!scatter)
    __scatterload_rt2                        0x080000f5   Thumb Code    44  __scatter.o(!!!scatter)
    __scatterload_rt2_thumb_only             0x080000f5   Thumb Code     0  __scatter.o(!!!scatter)
    __scatterload_null                       0x08000103   Thumb Code     0  __scatter.o(!!!scatter)
    __decompress                             0x08000129   Thumb Code    90  __dczerorl2.o(!!dczerorl2)
    __decompress1                            0x08000129   Thumb Code     0  __dczerorl2.o(!!dczerorl2)
    __scatterload_zeroinit                   0x08000185   Thumb Code    28  __scatter_zi.o(!!handler_zi)
    __rt_lib_init                            0x080001a1   Thumb Code     0  libinit.o(.ARM.Collect$$libinit$$00000000)
    __rt_lib_init_fp_1                       0x080001a3   Thumb Code     0  libinit2.o(.ARM.Collect$$libinit$$00000002)
    __rt_lib_init_heap_2                     0x080001a3   Thumb Code     0  libinit2.o(.ARM.Collect$$libinit$$00000005)
    __rt_lib_init_preinit_1                  0x080001a3   Thumb Code     0  libinit2.o(.ARM.Collect$$libinit$$00000004)
    __rt_lib_init_alloca_1                   0x080001ab   Thumb Code     0  libinit2.o(.ARM.Collect$$libinit$$0000002E)
    __rt_lib_init_argv_1                     0x080001ab   Thumb Code     0  libinit2.o(.ARM.Collect$$libinit$$0000002C)
    __rt_lib_init_atexit_1                   0x080001ab   Thumb Code     0  libinit2.o(.ARM.Collect$$libinit$$0000001B)
    __rt_lib_init_clock_1                    0x080001ab   Thumb Code     0  libinit2.o(.ARM.Collect$$libinit$$00000021)
    __rt_lib_init_cpp_1                      0x080001ab   Thumb Code     0  libinit2.o(.ARM.Collect$$libinit$$00000032)
    __rt_lib_init_exceptions_1               0x080001ab   Thumb Code     0  libinit2.o(.ARM.Collect$$libinit$$00000030)
    __rt_lib_init_fp_trap_1                  0x080001ab   Thumb Code     0  libinit2.o(.ARM.Collect$$libinit$$0000001F)
    __rt_lib_init_getenv_1                   0x080001ab   Thumb Code     0  libinit2.o(.ARM.Collect$$libinit$$00000023)
    __rt_lib_init_heap_1                     0x080001ab   Thumb Code     0  libinit2.o(.ARM.Collect$$libinit$$0000000A)
    __rt_lib_init_lc_collate_1               0x080001ab   Thumb Code     0  libinit2.o(.ARM.Collect$$libinit$$00000011)
    __rt_lib_init_lc_ctype_1                 0x080001ab   Thumb Code     0  libinit2.o(.ARM.Collect$$libinit$$00000013)
    __rt_lib_init_lc_monetary_1              0x080001ab   Thumb Code     0  libinit2.o(.ARM.Collect$$libinit$$00000015)
    __rt_lib_init_lc_numeric_1               0x080001ab   Thumb Code     0  libinit2.o(.ARM.Collect$$libinit$$00000017)
    __rt_lib_init_lc_time_1                  0x080001ab   Thumb Code     0  libinit2.o(.ARM.Collect$$libinit$$00000019)
    __rt_lib_init_rand_1                     0x080001ab   Thumb Code     0  libinit2.o(.ARM.Collect$$libinit$$0000000E)
    __rt_lib_init_return                     0x080001ab   Thumb Code     0  libinit2.o(.ARM.Collect$$libinit$$00000033)
    __rt_lib_init_signal_1                   0x080001ab   Thumb Code     0  libinit2.o(.ARM.Collect$$libinit$$0000001D)
    __rt_lib_init_stdio_1                    0x080001ab   Thumb Code     0  libinit2.o(.ARM.Collect$$libinit$$00000025)
    __rt_lib_init_user_alloc_1               0x080001ab   Thumb Code     0  libinit2.o(.ARM.Collect$$libinit$$0000000C)
    __rt_lib_shutdown                        0x080001ad   Thumb Code     0  libshutdown.o(.ARM.Collect$$libshutdown$$00000000)
    __rt_lib_shutdown_fp_trap_1              0x080001af   Thumb Code     0  libshutdown2.o(.ARM.Collect$$libshutdown$$00000006)
    __rt_lib_shutdown_heap_1                 0x080001af   Thumb Code     0  libshutdown2.o(.ARM.Collect$$libshutdown$$0000000E)
    __rt_lib_shutdown_return                 0x080001af   Thumb Code     0  libshutdown2.o(.ARM.Collect$$libshutdown$$0000000F)
    __rt_lib_shutdown_signal_1               0x080001af   Thumb Code     0  libshutdown2.o(.ARM.Collect$$libshutdown$$00000009)
    __rt_lib_shutdown_stdio_1                0x080001af   Thumb Code     0  libshutdown2.o(.ARM.Collect$$libshutdown$$00000003)
    __rt_lib_shutdown_user_alloc_1           0x080001af   Thumb Code     0  libshutdown2.o(.ARM.Collect$$libshutdown$$0000000B)
    __rt_entry                               0x080001b1   Thumb Code     0  __rtentry.o(.ARM.Collect$$rtentry$$00000000)
    __rt_entry_presh_1                       0x080001b1   Thumb Code     0  __rtentry2.o(.ARM.Collect$$rtentry$$00000002)
    __rt_entry_sh                            0x080001b1   Thumb Code     0  __rtentry4.o(.ARM.Collect$$rtentry$$00000004)
    __rt_entry_li                            0x080001b7   Thumb Code     0  __rtentry2.o(.ARM.Collect$$rtentry$$0000000A)
    __rt_entry_postsh_1                      0x080001b7   Thumb Code     0  __rtentry2.o(.ARM.Collect$$rtentry$$00000009)
    __rt_entry_main                          0x080001bb   Thumb Code     0  __rtentry2.o(.ARM.Collect$$rtentry$$0000000D)
    __rt_entry_postli_1                      0x080001bb   Thumb Code     0  __rtentry2.o(.ARM.Collect$$rtentry$$0000000C)
    __rt_exit                                0x080001c3   Thumb Code     0  rtexit.o(.ARM.Collect$$rtexit$$00000000)
    __rt_exit_ls                             0x080001c5   Thumb Code     0  rtexit2.o(.ARM.Collect$$rtexit$$00000003)
    __rt_exit_prels_1                        0x080001c5   Thumb Code     0  rtexit2.o(.ARM.Collect$$rtexit$$00000002)
    __rt_exit_exit                           0x080001c9   Thumb Code     0  rtexit2.o(.ARM.Collect$$rtexit$$00000004)
    Reset_Handler                            0x080001d1   Thumb Code     8  startup_stm32f10x_md.o(.text)
    _maybe_terminate_alloc                   0x080001d1   Thumb Code     0  maybetermalloc1.o(.emb_text)
    ADC1_2_IRQHandler                        0x080001eb   Thumb Code     0  startup_stm32f10x_md.o(.text)
    CAN1_RX1_IRQHandler                      0x080001eb   Thumb Code     0  startup_stm32f10x_md.o(.text)
    CAN1_SCE_IRQHandler                      0x080001eb   Thumb Code     0  startup_stm32f10x_md.o(.text)
    DMA1_Channel1_IRQHandler                 0x080001eb   Thumb Code     0  startup_stm32f10x_md.o(.text)
    DMA1_Channel2_IRQHandler                 0x080001eb   Thumb Code     0  startup_stm32f10x_md.o(.text)
    DMA1_Channel3_IRQHandler                 0x080001eb   Thumb Code     0  startup_stm32f10x_md.o(.text)
    DMA1_Channel4_IRQHandler                 0x080001eb   Thumb Code     0  startup_stm32f10x_md.o(.text)
    DMA1_Channel5_IRQHandler                 0x080001eb   Thumb Code     0  startup_stm32f10x_md.o(.text)
    DMA1_Channel6_IRQHandler                 0x080001eb   Thumb Code     0  startup_stm32f10x_md.o(.text)
    DMA1_Channel7_IRQHandler                 0x080001eb   Thumb Code     0  startup_stm32f10x_md.o(.text)
    EXTI0_IRQHandler                         0x080001eb   Thumb Code     0  startup_stm32f10x_md.o(.text)
    EXTI15_10_IRQHandler                     0x080001eb   Thumb Code     0  startup_stm32f10x_md.o(.text)
    EXTI1_IRQHandler                         0x080001eb   Thumb Code     0  startup_stm32f10x_md.o(.text)
    EXTI2_IRQHandler                         0x080001eb   Thumb Code     0  startup_stm32f10x_md.o(.text)
    FLASH_IRQHandler                         0x080001eb   Thumb Code     0  startup_stm32f10x_md.o(.text)
    I2C1_ER_IRQHandler                       0x080001eb   Thumb Code     0  startup_stm32f10x_md.o(.text)
    I2C1_EV_IRQHandler                       0x080001eb   Thumb Code     0  startup_stm32f10x_md.o(.text)
    I2C2_ER_IRQHandler                       0x080001eb   Thumb Code     0  startup_stm32f10x_md.o(.text)
    I2C2_EV_IRQHandler                       0x080001eb   Thumb Code     0  startup_stm32f10x_md.o(.text)
    PVD_IRQHandler                           0x080001eb   Thumb Code     0  startup_stm32f10x_md.o(.text)
    RCC_IRQHandler                           0x080001eb   Thumb Code     0  startup_stm32f10x_md.o(.text)
    RTCAlarm_IRQHandler                      0x080001eb   Thumb Code     0  startup_stm32f10x_md.o(.text)
    RTC_IRQHandler                           0x080001eb   Thumb Code     0  startup_stm32f10x_md.o(.text)
    SPI1_IRQHandler                          0x080001eb   Thumb Code     0  startup_stm32f10x_md.o(.text)
    SPI2_IRQHandler                          0x080001eb   Thumb Code     0  startup_stm32f10x_md.o(.text)
    TAMPER_IRQHandler                        0x080001eb   Thumb Code     0  startup_stm32f10x_md.o(.text)
    TIM1_BRK_IRQHandler                      0x080001eb   Thumb Code     0  startup_stm32f10x_md.o(.text)
    TIM1_CC_IRQHandler                       0x080001eb   Thumb Code     0  startup_stm32f10x_md.o(.text)
    TIM1_TRG_COM_IRQHandler                  0x080001eb   Thumb Code     0  startup_stm32f10x_md.o(.text)
    TIM1_UP_IRQHandler                       0x080001eb   Thumb Code     0  startup_stm32f10x_md.o(.text)
    TIM2_IRQHandler                          0x080001eb   Thumb Code     0  startup_stm32f10x_md.o(.text)
    TIM3_IRQHandler                          0x080001eb   Thumb Code     0  startup_stm32f10x_md.o(.text)
    USART2_IRQHandler                        0x080001eb   Thumb Code     0  startup_stm32f10x_md.o(.text)
    USART3_IRQHandler                        0x080001eb   Thumb Code     0  startup_stm32f10x_md.o(.text)
    USBWakeUp_IRQHandler                     0x080001eb   Thumb Code     0  startup_stm32f10x_md.o(.text)
    USB_HP_CAN1_TX_IRQHandler                0x080001eb   Thumb Code     0  startup_stm32f10x_md.o(.text)
    USB_LP_CAN1_RX0_IRQHandler               0x080001eb   Thumb Code     0  startup_stm32f10x_md.o(.text)
    WWDG_IRQHandler                          0x080001eb   Thumb Code     0  startup_stm32f10x_md.o(.text)
    __user_initial_stackheap                 0x080001ed   Thumb Code     0  startup_stm32f10x_md.o(.text)
    malloc                                   0x08000211   Thumb Code    94  h1_alloc.o(.text)
    strstr                                   0x0800026f   Thumb Code    36  strstr.o(.text)
    __aeabi_memcpy                           0x08000293   Thumb Code     0  rt_memcpy_v6.o(.text)
    __rt_memcpy                              0x08000293   Thumb Code   138  rt_memcpy_v6.o(.text)
    _memcpy_lastbytes                        0x080002f9   Thumb Code     0  rt_memcpy_v6.o(.text)
    __use_two_region_memory                  0x0800031d   Thumb Code     2  heapauxi.o(.text)
    __rt_heap_escrow                         0x0800031f   Thumb Code     2  heapauxi.o(.text)
    __rt_heap_expand                         0x08000321   Thumb Code     2  heapauxi.o(.text)
    __rt_heap_descriptor                     0x08000325   Thumb Code     8  rt_heap_descriptor_intlibspace.o(.text)
    __use_no_heap                            0x0800032d   Thumb Code     2  hguard.o(.text)
    __heap$guard                             0x0800032f   Thumb Code     2  hguard.o(.text)
    _terminate_user_alloc                    0x08000331   Thumb Code     2  init_alloc.o(.text)
    _init_user_alloc                         0x08000333   Thumb Code     2  init_alloc.o(.text)
    __Heap_Full                              0x08000335   Thumb Code    34  init_alloc.o(.text)
    __Heap_Broken                            0x08000357   Thumb Code     6  init_alloc.o(.text)
    _init_alloc                              0x0800035d   Thumb Code    94  init_alloc.o(.text)
    __Heap_Initialize                        0x080003bb   Thumb Code    10  h1_init.o(.text)
    __Heap_DescSize                          0x080003c5   Thumb Code     4  h1_init.o(.text)
    free                                     0x080003c9   Thumb Code    78  h1_free.o(.text)
    __aeabi_memcpy4                          0x08000417   Thumb Code     0  rt_memcpy_w.o(.text)
    __aeabi_memcpy8                          0x08000417   Thumb Code     0  rt_memcpy_w.o(.text)
    __rt_memcpy_w                            0x08000417   Thumb Code   100  rt_memcpy_w.o(.text)
    _memcpy_lastbytes_aligned                0x0800045f   Thumb Code     0  rt_memcpy_w.o(.text)
    __user_libspace                          0x0800047d   Thumb Code     8  libspace.o(.text)
    __user_perproc_libspace                  0x0800047d   Thumb Code     0  libspace.o(.text)
    __user_perthread_libspace                0x0800047d   Thumb Code     0  libspace.o(.text)
    __Heap_ProvideMemory                     0x08000485   Thumb Code    52  h1_extend.o(.text)
    __rt_SIGRTMEM                            0x080004b9   Thumb Code    14  defsig_rtmem_outer.o(.text)
    __I$use$semihosting                      0x080004c7   Thumb Code     0  use_no_semi.o(.text)
    __use_no_semihosting_swi                 0x080004c7   Thumb Code     2  use_no_semi.o(.text)
    __semihosting_library_function           0x080004c9   Thumb Code     0  indicate_semi.o(.text)
    __user_setup_stackheap                   0x080004c9   Thumb Code    74  sys_stackheap_outer.o(.text)
    exit                                     0x08000513   Thumb Code    12  exit.o(.text)
    __sig_exit                               0x0800051f   Thumb Code    10  defsig_exit.o(.text)
    __rt_SIGRTMEM_inner                      0x08000529   Thumb Code    22  defsig_rtmem_inner.o(.text)
    _sys_exit                                0x08000579   Thumb Code     8  sys_exit.o(.text)
    __default_signal_display                 0x08000585   Thumb Code    50  defsig_general.o(.text)
    _ttywrch                                 0x080005b7   Thumb Code    14  sys_wrch.o(.text)
    ADC_Cmd                                  0x080005c5   Thumb Code    22  stm32f10x_adc.o(i.ADC_Cmd)
    ADC_GetCalibrationStatus                 0x080005db   Thumb Code    20  stm32f10x_adc.o(i.ADC_GetCalibrationStatus)
    ADC_GetConversionValue                   0x080005ef   Thumb Code     8  stm32f10x_adc.o(i.ADC_GetConversionValue)
    ADC_GetFlagStatus                        0x080005f7   Thumb Code    18  stm32f10x_adc.o(i.ADC_GetFlagStatus)
    ADC_GetResetCalibrationStatus            0x08000609   Thumb Code    20  stm32f10x_adc.o(i.ADC_GetResetCalibrationStatus)
    ADC_Init                                 0x0800061d   Thumb Code    70  stm32f10x_adc.o(i.ADC_Init)
    ADC_RegularChannelConfig                 0x0800066d   Thumb Code   184  stm32f10x_adc.o(i.ADC_RegularChannelConfig)
    ADC_ResetCalibration                     0x08000725   Thumb Code    10  stm32f10x_adc.o(i.ADC_ResetCalibration)
    ADC_SoftwareStartConvCmd                 0x0800072f   Thumb Code    22  stm32f10x_adc.o(i.ADC_SoftwareStartConvCmd)
    ADC_StartCalibration                     0x08000745   Thumb Code    10  stm32f10x_adc.o(i.ADC_StartCalibration)
    ADCx_Init                                0x08000751   Thumb Code   140  adc.o(i.ADCx_Init)
    BusFault_Handler                         0x080007e5   Thumb Code     4  stm32f10x_it.o(i.BusFault_Handler)
    DebugMon_Handler                         0x080007e9   Thumb Code     2  stm32f10x_it.o(i.DebugMon_Handler)
    EXTI3_IRQHandler                         0x080007ed   Thumb Code    52  exti.o(i.EXTI3_IRQHandler)
    EXTI4_IRQHandler                         0x08000831   Thumb Code    52  exti.o(i.EXTI4_IRQHandler)
    EXTI9_5_IRQHandler                       0x08000875   Thumb Code   146  exti.o(i.EXTI9_5_IRQHandler)
    EXTI_ClearITPendingBit                   0x08000919   Thumb Code     6  stm32f10x_exti.o(i.EXTI_ClearITPendingBit)
    EXTI_GetITStatus                         0x08000925   Thumb Code    34  stm32f10x_exti.o(i.EXTI_GetITStatus)
    EXTI_Init                                0x0800094d   Thumb Code   142  stm32f10x_exti.o(i.EXTI_Init)
    FLASH_ClearFlag                          0x080009e1   Thumb Code     6  stm32f10x_flash.o(i.FLASH_ClearFlag)
    FLASH_ErasePage                          0x080009ed   Thumb Code    72  stm32f10x_flash.o(i.FLASH_ErasePage)
    FLASH_GetBank1Status                     0x08000a39   Thumb Code    48  stm32f10x_flash.o(i.FLASH_GetBank1Status)
    FLASH_Lock                               0x08000a6d   Thumb Code    14  stm32f10x_flash.o(i.FLASH_Lock)
    FLASH_ProgramHalfWord                    0x08000a81   Thumb Code    60  stm32f10x_flash.o(i.FLASH_ProgramHalfWord)
    FLASH_Unlock                             0x08000ac1   Thumb Code    12  stm32f10x_flash.o(i.FLASH_Unlock)
    FLASH_WaitForLastOperation               0x08000ad9   Thumb Code    38  stm32f10x_flash.o(i.FLASH_WaitForLastOperation)
    GPIO_EXTILineConfig                      0x08000b01   Thumb Code    60  stm32f10x_gpio.o(i.GPIO_EXTILineConfig)
    GPIO_Init                                0x08000b41   Thumb Code   278  stm32f10x_gpio.o(i.GPIO_Init)
    GPIO_Init1                               0x08000c59   Thumb Code    82  led.o(i.GPIO_Init1)
    GPIO_PinRemapConfig                      0x08000cb9   Thumb Code   138  stm32f10x_gpio.o(i.GPIO_PinRemapConfig)
    GPIO_ReadInputDataBit                    0x08000d49   Thumb Code    18  stm32f10x_gpio.o(i.GPIO_ReadInputDataBit)
    GPIO_ResetBits                           0x08000d5b   Thumb Code     4  stm32f10x_gpio.o(i.GPIO_ResetBits)
    GPIO_SetBits                             0x08000d5f   Thumb Code     4  stm32f10x_gpio.o(i.GPIO_SetBits)
    Get_ADC_Value                            0x08000d65   Thumb Code    80  adc.o(i.Get_ADC_Value)
    Get_Temputure                            0x08000db9   Thumb Code   328  capture.o(i.Get_Temputure)
    HYM8563_Init                             0x08000f35   Thumb Code    94  timeread.o(i.HYM8563_Init)
    HYM8563_Read_time                        0x08000f9d   Thumb Code   266  timeread.o(i.HYM8563_Read_time)
    HYM8563_Write_OneByte                    0x080010b1   Thumb Code    46  timeread.o(i.HYM8563_Write_OneByte)
    HYM8563_Write_time                       0x080010e1   Thumb Code   196  timeread.o(i.HYM8563_Write_time)
    HardFault_Handler                        0x080011c1   Thumb Code     4  stm32f10x_it.o(i.HardFault_Handler)
    Hextobcd                                 0x080011c5   Thumb Code    28  timeread.o(i.Hextobcd)
    IIC_Ack                                  0x080011e1   Thumb Code    44  timeread.o(i.IIC_Ack)
    IIC_NAck                                 0x0800120d   Thumb Code    44  timeread.o(i.IIC_NAck)
    IIC_Read_Byte                            0x08001239   Thumb Code    76  timeread.o(i.IIC_Read_Byte)
    IIC_Send_Byte                            0x08001285   Thumb Code    86  timeread.o(i.IIC_Send_Byte)
    IIC_Start                                0x080012e1   Thumb Code    44  timeread.o(i.IIC_Start)
    IIC_Stop                                 0x0800130d   Thumb Code    44  timeread.o(i.IIC_Stop)
    IIC_Wait_Ack                             0x08001339   Thumb Code    64  timeread.o(i.IIC_Wait_Ack)
    KEY_Init                                 0x08001379   Thumb Code    38  key.o(i.KEY_Init)
    LED_Disp                                 0x080013a5   Thumb Code   940  led.o(i.LED_Disp)
    MemManage_Handler                        0x08001761   Thumb Code     4  stm32f10x_it.o(i.MemManage_Handler)
    My_EXTI_Init                             0x08001765   Thumb Code   224  exti.o(i.My_EXTI_Init)
    NMI_Handler                              0x08001845   Thumb Code     2  stm32f10x_it.o(i.NMI_Handler)
    NVIC_Init                                0x08001849   Thumb Code   100  misc.o(i.NVIC_Init)
    NVIC_PriorityGroupConfig                 0x080018b9   Thumb Code    10  misc.o(i.NVIC_PriorityGroupConfig)
    PendSV_Handler                           0x080018cd   Thumb Code     2  stm32f10x_it.o(i.PendSV_Handler)
    RCC_ADCCLKConfig                         0x080018d1   Thumb Code    18  stm32f10x_rcc.o(i.RCC_ADCCLKConfig)
    RCC_AHBPeriphClockCmd                    0x080018e9   Thumb Code    26  stm32f10x_rcc.o(i.RCC_AHBPeriphClockCmd)
    RCC_APB1PeriphClockCmd                   0x08001909   Thumb Code    26  stm32f10x_rcc.o(i.RCC_APB1PeriphClockCmd)
    RCC_APB2PeriphClockCmd                   0x08001929   Thumb Code    26  stm32f10x_rcc.o(i.RCC_APB2PeriphClockCmd)
    RCC_Configuration                        0x08001949   Thumb Code    38  systick.o(i.RCC_Configuration)
    RCC_GetClocksFreq                        0x08001971   Thumb Code   192  stm32f10x_rcc.o(i.RCC_GetClocksFreq)
    Read_Flash                               0x08001a45   Thumb Code    28  stm32_flash.o(i.Read_Flash)
    SCL_DATA_OUT                             0x08001a61   Thumb Code    32  timeread.o(i.SCL_DATA_OUT)
    SCL_OUT                                  0x08001a85   Thumb Code    32  timeread.o(i.SCL_OUT)
    SDA_DATA_IN                              0x08001aa9   Thumb Code    18  timeread.o(i.SDA_DATA_IN)
    SDA_DATA_OUT                             0x08001ac1   Thumb Code    32  timeread.o(i.SDA_DATA_OUT)
    SDA_IN                                   0x08001ae5   Thumb Code    32  timeread.o(i.SDA_IN)
    SDA_OUT                                  0x08001b09   Thumb Code    32  timeread.o(i.SDA_OUT)
    SVC_Handler                              0x08001b2d   Thumb Code     2  stm32f10x_it.o(i.SVC_Handler)
    SysTick_CLKSourceConfig                  0x08001c19   Thumb Code    40  misc.o(i.SysTick_CLKSourceConfig)
    SysTick_Handler                          0x08001c41   Thumb Code     2  stm32f10x_it.o(i.SysTick_Handler)
    SysTick_Init                             0x08001c45   Thumb Code    52  systick.o(i.SysTick_Init)
    SystemInit                               0x08001c81   Thumb Code    78  system_stm32f10x.o(i.SystemInit)
    Systerm_Config                           0x08001ce1   Thumb Code    54  systick.o(i.Systerm_Config)
    TIM4_IRQHandler                          0x08001d1d   Thumb Code   264  time.o(i.TIM4_IRQHandler)
    TIM4_Init                                0x08001e65   Thumb Code    98  time.o(i.TIM4_Init)
    TIM_ClearITPendingBit                    0x08001ecd   Thumb Code     6  stm32f10x_tim.o(i.TIM_ClearITPendingBit)
    TIM_Cmd                                  0x08001ed3   Thumb Code    24  stm32f10x_tim.o(i.TIM_Cmd)
    TIM_GetITStatus                          0x08001eeb   Thumb Code    34  stm32f10x_tim.o(i.TIM_GetITStatus)
    TIM_ITConfig                             0x08001f0d   Thumb Code    18  stm32f10x_tim.o(i.TIM_ITConfig)
    TIM_TimeBaseInit                         0x08001f21   Thumb Code   122  stm32f10x_tim.o(i.TIM_TimeBaseInit)
    USART1_IRQHandler                        0x08001fc5   Thumb Code   496  usart.o(i.USART1_IRQHandler)
    USART1_Init                              0x080021dd   Thumb Code   166  usart.o(i.USART1_Init)
    USART_ClearFlag                          0x0800228d   Thumb Code    18  stm32f10x_usart.o(i.USART_ClearFlag)
    USART_ClearITPendingBit                  0x0800229f   Thumb Code    30  stm32f10x_usart.o(i.USART_ClearITPendingBit)
    USART_Cmd                                0x080022bd   Thumb Code    24  stm32f10x_usart.o(i.USART_Cmd)
    USART_GetFlagStatus                      0x080022d5   Thumb Code    26  stm32f10x_usart.o(i.USART_GetFlagStatus)
    USART_GetITStatus                        0x080022ef   Thumb Code    84  stm32f10x_usart.o(i.USART_GetITStatus)
    USART_ITConfig                           0x08002343   Thumb Code    74  stm32f10x_usart.o(i.USART_ITConfig)
    USART_Init                               0x0800238d   Thumb Code   210  stm32f10x_usart.o(i.USART_Init)
    USART_ReceiveData                        0x08002465   Thumb Code    10  stm32f10x_usart.o(i.USART_ReceiveData)
    UsageFault_Handler                       0x0800246f   Thumb Code     4  stm32f10x_it.o(i.UsageFault_Handler)
    Write_Flash                              0x08002475   Thumb Code   108  stm32_flash.o(i.Write_Flash)
    checkWork                                0x080024e5   Thumb Code   190  mode_relay.o(i.checkWork)
    check_button                             0x080025b1   Thumb Code   740  main.o(i.check_button)
    delay_ms                                 0x080028a9   Thumb Code    72  systick.o(i.delay_ms)
    delay_us                                 0x080028f5   Thumb Code    72  systick.o(i.delay_us)
    display                                  0x08002941   Thumb Code    82  led.o(i.display)
    display2                                 0x0800299d   Thumb Code    60  led.o(i.display2)
    getLedPinValueStruct                     0x080029e1   Thumb Code    84  led.o(i.getLedPinValueStruct)
    indate                                   0x08002a39   Thumb Code    60  led.o(i.indate)
    main                                     0x08002a79   Thumb Code  2240  main.o(i.main)
    mode1Led                                 0x08003339   Thumb Code    42  led_ctrl.o(i.mode1Led)
    mode1Relay                               0x08003365   Thumb Code    34  mode_relay.o(i.mode1Relay)
    mode2Led                                 0x08003395   Thumb Code   402  led_ctrl.o(i.mode2Led)
    mode2Relay                               0x08003535   Thumb Code   200  mode_relay.o(i.mode2Relay)
    mode3Led                                 0x0800360d   Thumb Code   442  led_ctrl.o(i.mode3Led)
    mode3Relay                               0x080037d5   Thumb Code   466  mode_relay.o(i.mode3Relay)
    mode4Led                                 0x080039c5   Thumb Code   406  led_ctrl.o(i.mode4Led)
    mode4Relay                               0x08003b69   Thumb Code   200  mode_relay.o(i.mode4Relay)
    mode_exchange                            0x08003c41   Thumb Code   262  main.o(i.mode_exchange)
    setSysTimeHour                           0x08003d69   Thumb Code   168  set_param.o(i.setSysTimeHour)
    setSysTimeHourLed                        0x08003e21   Thumb Code   128  led_ctrl.o(i.setSysTimeHourLed)
    setSysTimeMinute                         0x08003ea5   Thumb Code   168  set_param.o(i.setSysTimeMinute)
    setSysTimeMinuteLed                      0x08003f5d   Thumb Code   128  led_ctrl.o(i.setSysTimeMinuteLed)
    setTempretureLed                         0x08003fe1   Thumb Code   126  led_ctrl.o(i.setTempretureLed)
    setTime1CloseHour                        0x0800406d   Thumb Code    34  set_param.o(i.setTime1CloseHour)
    setTime1CloseHourLed                     0x08004091   Thumb Code   194  led_ctrl.o(i.setTime1CloseHourLed)
    setTime1OpenHour                         0x08004161   Thumb Code    34  set_param.o(i.setTime1OpenHour)
    setTime1OpenHourLed                      0x08004185   Thumb Code   194  led_ctrl.o(i.setTime1OpenHourLed)
    setTime1Tempreture                       0x08004255   Thumb Code    40  set_param.o(i.setTime1Tempreture)
    setTime1TempretureLed                    0x0800427d   Thumb Code   190  led_ctrl.o(i.setTime1TempretureLed)
    setTime2CloseHour                        0x08004349   Thumb Code    34  set_param.o(i.setTime2CloseHour)
    setTime2CloseHourLed                     0x0800436d   Thumb Code   194  led_ctrl.o(i.setTime2CloseHourLed)
    setTime2OpenHour                         0x0800443d   Thumb Code    34  set_param.o(i.setTime2OpenHour)
    setTime2OpenHourLed                      0x08004461   Thumb Code   194  led_ctrl.o(i.setTime2OpenHourLed)
    setTime2Tempreture                       0x08004531   Thumb Code    28  set_param.o(i.setTime2Tempreture)
    setTime2TempretureLed                    0x0800454d   Thumb Code   190  led_ctrl.o(i.setTime2TempretureLed)
    setTime3CloseHour                        0x08004619   Thumb Code    34  set_param.o(i.setTime3CloseHour)
    setTime3CloseHourLed                     0x0800463d   Thumb Code   194  led_ctrl.o(i.setTime3CloseHourLed)
    setTime3OpenHour                         0x0800470d   Thumb Code    34  set_param.o(i.setTime3OpenHour)
    setTime3OpenHourLed                      0x08004731   Thumb Code   194  led_ctrl.o(i.setTime3OpenHourLed)
    setTime3Tempreture                       0x08004801   Thumb Code    28  set_param.o(i.setTime3Tempreture)
    setTime3TempretureLed                    0x0800481d   Thumb Code   190  led_ctrl.o(i.setTime3TempretureLed)
    setWatt                                  0x080048e9   Thumb Code   134  led_ctrl.o(i.setWatt)
    system_init                              0x08004975   Thumb Code    48  main.o(i.system_init)
    __aeabi_d2f                              0x080049ad   Thumb Code     0  d2f.o(x$fpl$d2f)
    _d2f                                     0x080049ad   Thumb Code    98  d2f.o(x$fpl$d2f)
    __aeabi_dadd                             0x08004a11   Thumb Code     0  daddsub_clz.o(x$fpl$dadd)
    _dadd                                    0x08004a11   Thumb Code   332  daddsub_clz.o(x$fpl$dadd)
    __aeabi_ddiv                             0x08004b61   Thumb Code     0  ddiv.o(x$fpl$ddiv)
    _ddiv                                    0x08004b61   Thumb Code   552  ddiv.o(x$fpl$ddiv)
    __aeabi_ui2d                             0x08004e11   Thumb Code     0  dflt_clz.o(x$fpl$dfltu)
    _dfltu                                   0x08004e11   Thumb Code    38  dflt_clz.o(x$fpl$dfltu)
    __aeabi_dmul                             0x08004e39   Thumb Code     0  dmul.o(x$fpl$dmul)
    _dmul                                    0x08004e39   Thumb Code   332  dmul.o(x$fpl$dmul)
    __fpl_dnaninf                            0x08004f8d   Thumb Code   156  dnaninf.o(x$fpl$dnaninf)
    __fpl_dretinf                            0x08005029   Thumb Code    12  dretinf.o(x$fpl$dretinf)
    __aeabi_drsub                            0x08005035   Thumb Code     0  daddsub_clz.o(x$fpl$drsb)
    _drsb                                    0x08005035   Thumb Code    22  daddsub_clz.o(x$fpl$drsb)
    __aeabi_dsub                             0x0800504d   Thumb Code     0  daddsub_clz.o(x$fpl$dsub)
    _dsub                                    0x0800504d   Thumb Code   464  daddsub_clz.o(x$fpl$dsub)
    __aeabi_f2d                              0x08005221   Thumb Code     0  f2d.o(x$fpl$f2d)
    _f2d                                     0x08005221   Thumb Code    86  f2d.o(x$fpl$f2d)
    __fpl_fcmp_Inf                           0x08005277   Thumb Code    24  fcmpi.o(x$fpl$fcmpinf)
    __aeabi_cfcmple                          0x08005291   Thumb Code     0  fleqf.o(x$fpl$fleqf)
    _fcmple                                  0x08005291   Thumb Code   104  fleqf.o(x$fpl$fleqf)
    __fpl_fcmple_InfNaN                      0x080052e3   Thumb Code     0  fleqf.o(x$fpl$fleqf)
    __fpl_fnaninf                            0x080052f9   Thumb Code   140  fnaninf.o(x$fpl$fnaninf)
    __fpl_fretinf                            0x08005385   Thumb Code    10  fretinf.o(x$fpl$fretinf)
    __aeabi_cfrcmple                         0x0800538f   Thumb Code     0  frleqf.o(x$fpl$frleqf)
    _frcmple                                 0x0800538f   Thumb Code    98  frleqf.o(x$fpl$frleqf)
    __I$use$fp                               0x080053f0   Number         0  usenofp.o(x$fpl$usenofp)
    Region$$Table$$Base                      0x0800548c   Number         0  anon$$obj.o(Region$$Table)
    Region$$Table$$Limit                     0x080054ac   Number         0  anon$$obj.o(Region$$Table)
    m1                                       0x20000004   Data           4  main.o(.data)
    m2                                       0x20000008   Data           4  main.o(.data)
    m3                                       0x2000000c   Data           4  main.o(.data)
    m4                                       0x20000010   Data           4  main.o(.data)
    currMode                                 0x20000014   Data           4  main.o(.data)
    runMode                                  0x20000018   Data           4  main.o(.data)
    wifiInitFlag                             0x2000001c   Data           1  main.o(.data)
    wifiInitState                            0x2000001d   Data           1  main.o(.data)
    wifiInitCount                            0x2000001e   Data           1  main.o(.data)
    wifiSendFlag                             0x2000001f   Data           1  main.o(.data)
    mainRunStep                              0x20000020   Data           1  main.o(.data)
    receiveStep                              0x20000021   Data           1  main.o(.data)
    fps                                      0x20000022   Data           1  main.o(.data)
    fpsCount                                 0x20000023   Data           1  main.o(.data)
    capParam                                 0x20000024   Data           1  global.o(.data)
    workState                                0x20000025   Data           5  global.o(.data)
    t_high                                   0x2000002a   Data           1  led_ctrl.o(.data)
    t_low                                    0x2000002b   Data           1  led_ctrl.o(.data)
    value                                    0x2000002c   Data           2  capture.o(.data)
    vol1                                     0x20000030   Data           4  capture.o(.data)
    vol2                                     0x20000034   Data           4  capture.o(.data)
    j                                        0x20000038   Data           1  capture.o(.data)
    TR                                       0x2000003c   Data         400  capture.o(.data)
    temp_count                               0x200001cc   Data           1  capture.o(.data)
    i                                        0x200001cd   Data           1  capture.o(.data)
    temp_total                               0x200001ce   Data           2  capture.o(.data)
    isWork                                   0x200001d0   Data           1  mode_relay.o(.data)
    isReady                                  0x200001d1   Data           1  mode_relay.o(.data)
    t                                        0x200001d2   Data           1  mode_relay.o(.data)
    hexHour                                  0x200001d3   Data           1  mode_relay.o(.data)
    setTemperature                           0x200001d4   Data           1  mode_relay.o(.data)
    Set_Mode                                 0x200001d8   Data           4  wifi.o(.data)
    RST                                      0x200001dc   Data           4  wifi.o(.data)
    Set_Name                                 0x200001e0   Data           4  wifi.o(.data)
    Set_Parameter                            0x200001e4   Data           4  wifi.o(.data)
    Mult_Mode                                0x200001e8   Data           4  wifi.o(.data)
    Open_Server                              0x200001ec   Data           4  wifi.o(.data)
    Send_Again                               0x200001f0   Data           1  wifi.o(.data)
    Send_Num                                 0x200001f2   Data           2  wifi.o(.data)
    Timer0_start                             0x200001f4   Data           1  wifi.o(.data)
    Send_START                               0x200001f5   Data           1  wifi.o(.data)
    Send_Again_Num                           0x200001f6   Data           1  wifi.o(.data)
    Wifi_TimuOut_Num                         0x200001f8   Data           2  wifi.o(.data)
    FLAG                                     0x200001fa   Data           1  wifi.o(.data)
    First_Int                                0x20000200   Data           4  usart.o(.data)
    Copy_Start                               0x20000204   Data           1  usart.o(.data)
    Please_Deal                              0x20000205   Data           1  usart.o(.data)
    Index                                    0x20000208   Data           4  usart.o(.data)
    Offset                                   0x2000020c   Data           4  usart.o(.data)
    Flag                                     0x20000210   Data           1  usart.o(.data)
    Open                                     0x20000211   Data           1  usart.o(.data)
    buttonState                              0x20000214   Data           8  exti.o(.data)
    beep_flag                                0x2000021c   Data           1  key.o(.data)
    beep_num                                 0x2000021d   Data           1  key.o(.data)
    Time_flag                                0x2000021e   Data           1  time.o(.data)
    User_id                                  0x20000220   Data           2  time.o(.data)
    Data_len                                 0x20000222   Data           2  time.o(.data)
    Data_ok                                  0x20000224   Data           1  time.o(.data)
    Send_Flag                                0x20000226   Data           2  time.o(.data)
    Seconds                                  0x20000228   Data           1  timeread.o(.data)
    Minute                                   0x20000229   Data           1  timeread.o(.data)
    Hour                                     0x2000022a   Data           1  timeread.o(.data)
    Date                                     0x2000022b   Data           1  timeread.o(.data)
    Week                                     0x2000022c   Data           1  timeread.o(.data)
    Month                                    0x2000022d   Data           1  timeread.o(.data)
    Years                                    0x2000022e   Data           1  timeread.o(.data)
    Hour1                                    0x2000022f   Data           1  timeread.o(.data)
    Hour2                                    0x20000230   Data           1  timeread.o(.data)
    Minute1                                  0x20000231   Data           1  timeread.o(.data)
    Minute2                                  0x20000232   Data           1  timeread.o(.data)
    Seconds1                                 0x20000233   Data           1  timeread.o(.data)
    Seconds2                                 0x20000234   Data           1  timeread.o(.data)
    READ_SDA                                 0x20000235   Data           1  timeread.o(.data)
    port_SDA                                 0x20000236   Data           1  timeread.o(.data)
    HYM8563_Address                          0x20000237   Data          16  timeread.o(.data)
    Dec_Hex                                  0x20000247   Data          22  timeread.o(.data)
    memory                                   0x20000274   Data          62  main.o(.bss)
    reviceData                               0x200002b2   Data         200  main.o(.bss)
    sysParam                                 0x20000380   Data          40  global.o(.bss)
    ledPinValue                              0x200003a8   Data          41  global.o(.bss)
    temp_history                             0x200003d2   Data          60  capture.o(.bss)
    Uart1_Buf                                0x2000040e   Data         512  usart.o(.bss)
    Data                                     0x2000060e   Data         200  time.o(.bss)
    data                                     0x200006d6   Data          16  timeread.o(.bss)
    __libspace_start                         0x200006e8   Data          96  libspace.o(.bss)
    __temporary_stack_top$libspace           0x20000748   Data           0  libspace.o(.bss)



==============================================================================

Memory Map of the image

  Image Entry point : 0x080000ed

  Load Region LR_IROM1 (Base: 0x08000000, Size: 0x00005720, Max: 0x00010000, ABSOLUTE, COMPRESSED[0x00005648])

    Execution Region ER_IROM1 (Base: 0x08000000, Size: 0x000054ac, Max: 0x00010000, ABSOLUTE)

    Base Addr    Size         Type   Attr      Idx    E Section Name        Object

    0x08000000   0x000000ec   Data   RO         2897    RESET               startup_stm32f10x_md.o
    0x080000ec   0x00000008   Code   RO         3018  * !!!main             c_w.l(__main.o)
    0x080000f4   0x00000034   Code   RO         3265    !!!scatter          c_w.l(__scatter.o)
    0x08000128   0x0000005a   Code   RO         3263    !!dczerorl2         c_w.l(__dczerorl2.o)
    0x08000182   0x00000002   PAD
    0x08000184   0x0000001c   Code   RO         3267    !!handler_zi        c_w.l(__scatter_zi.o)
    0x080001a0   0x00000002   Code   RO         3203    .ARM.Collect$$libinit$$00000000  c_w.l(libinit.o)
    0x080001a2   0x00000000   Code   RO         3085    .ARM.Collect$$libinit$$00000002  c_w.l(libinit2.o)
    0x080001a2   0x00000000   Code   RO         3087    .ARM.Collect$$libinit$$00000004  c_w.l(libinit2.o)
    0x080001a2   0x00000008   Code   RO         3088    .ARM.Collect$$libinit$$00000005  c_w.l(libinit2.o)
    0x080001aa   0x00000000   Code   RO         3090    .ARM.Collect$$libinit$$0000000A  c_w.l(libinit2.o)
    0x080001aa   0x00000000   Code   RO         3092    .ARM.Collect$$libinit$$0000000C  c_w.l(libinit2.o)
    0x080001aa   0x00000000   Code   RO         3094    .ARM.Collect$$libinit$$0000000E  c_w.l(libinit2.o)
    0x080001aa   0x00000000   Code   RO         3097    .ARM.Collect$$libinit$$00000011  c_w.l(libinit2.o)
    0x080001aa   0x00000000   Code   RO         3099    .ARM.Collect$$libinit$$00000013  c_w.l(libinit2.o)
    0x080001aa   0x00000000   Code   RO         3101    .ARM.Collect$$libinit$$00000015  c_w.l(libinit2.o)
    0x080001aa   0x00000000   Code   RO         3103    .ARM.Collect$$libinit$$00000017  c_w.l(libinit2.o)
    0x080001aa   0x00000000   Code   RO         3105    .ARM.Collect$$libinit$$00000019  c_w.l(libinit2.o)
    0x080001aa   0x00000000   Code   RO         3107    .ARM.Collect$$libinit$$0000001B  c_w.l(libinit2.o)
    0x080001aa   0x00000000   Code   RO         3109    .ARM.Collect$$libinit$$0000001D  c_w.l(libinit2.o)
    0x080001aa   0x00000000   Code   RO         3111    .ARM.Collect$$libinit$$0000001F  c_w.l(libinit2.o)
    0x080001aa   0x00000000   Code   RO         3113    .ARM.Collect$$libinit$$00000021  c_w.l(libinit2.o)
    0x080001aa   0x00000000   Code   RO         3115    .ARM.Collect$$libinit$$00000023  c_w.l(libinit2.o)
    0x080001aa   0x00000000   Code   RO         3117    .ARM.Collect$$libinit$$00000025  c_w.l(libinit2.o)
    0x080001aa   0x00000000   Code   RO         3121    .ARM.Collect$$libinit$$0000002C  c_w.l(libinit2.o)
    0x080001aa   0x00000000   Code   RO         3123    .ARM.Collect$$libinit$$0000002E  c_w.l(libinit2.o)
    0x080001aa   0x00000000   Code   RO         3125    .ARM.Collect$$libinit$$00000030  c_w.l(libinit2.o)
    0x080001aa   0x00000000   Code   RO         3127    .ARM.Collect$$libinit$$00000032  c_w.l(libinit2.o)
    0x080001aa   0x00000002   Code   RO         3128    .ARM.Collect$$libinit$$00000033  c_w.l(libinit2.o)
    0x080001ac   0x00000002   Code   RO         3260    .ARM.Collect$$libshutdown$$00000000  c_w.l(libshutdown.o)
    0x080001ae   0x00000000   Code   RO         3218    .ARM.Collect$$libshutdown$$00000003  c_w.l(libshutdown2.o)
    0x080001ae   0x00000000   Code   RO         3221    .ARM.Collect$$libshutdown$$00000006  c_w.l(libshutdown2.o)
    0x080001ae   0x00000000   Code   RO         3224    .ARM.Collect$$libshutdown$$00000009  c_w.l(libshutdown2.o)
    0x080001ae   0x00000000   Code   RO         3226    .ARM.Collect$$libshutdown$$0000000B  c_w.l(libshutdown2.o)
    0x080001ae   0x00000000   Code   RO         3229    .ARM.Collect$$libshutdown$$0000000E  c_w.l(libshutdown2.o)
    0x080001ae   0x00000002   Code   RO         3230    .ARM.Collect$$libshutdown$$0000000F  c_w.l(libshutdown2.o)
    0x080001b0   0x00000000   Code   RO         3048    .ARM.Collect$$rtentry$$00000000  c_w.l(__rtentry.o)
    0x080001b0   0x00000000   Code   RO         3146    .ARM.Collect$$rtentry$$00000002  c_w.l(__rtentry2.o)
    0x080001b0   0x00000006   Code   RO         3158    .ARM.Collect$$rtentry$$00000004  c_w.l(__rtentry4.o)
    0x080001b6   0x00000000   Code   RO         3148    .ARM.Collect$$rtentry$$00000009  c_w.l(__rtentry2.o)
    0x080001b6   0x00000004   Code   RO         3149    .ARM.Collect$$rtentry$$0000000A  c_w.l(__rtentry2.o)
    0x080001ba   0x00000000   Code   RO         3151    .ARM.Collect$$rtentry$$0000000C  c_w.l(__rtentry2.o)
    0x080001ba   0x00000008   Code   RO         3152    .ARM.Collect$$rtentry$$0000000D  c_w.l(__rtentry2.o)
    0x080001c2   0x00000002   Code   RO         3206    .ARM.Collect$$rtexit$$00000000  c_w.l(rtexit.o)
    0x080001c4   0x00000000   Code   RO         3234    .ARM.Collect$$rtexit$$00000002  c_w.l(rtexit2.o)
    0x080001c4   0x00000004   Code   RO         3235    .ARM.Collect$$rtexit$$00000003  c_w.l(rtexit2.o)
    0x080001c8   0x00000006   Code   RO         3236    .ARM.Collect$$rtexit$$00000004  c_w.l(rtexit2.o)
    0x080001ce   0x00000002   PAD
    0x080001d0   0x00000000   Code   RO         3162    .emb_text           c_w.l(maybetermalloc1.o)
    0x080001d0   0x00000040   Code   RO         2898    .text               startup_stm32f10x_md.o
    0x08000210   0x0000005e   Code   RO         2952    .text               c_w.l(h1_alloc.o)
    0x0800026e   0x00000024   Code   RO         3006    .text               c_w.l(strstr.o)
    0x08000292   0x0000008a   Code   RO         3012    .text               c_w.l(rt_memcpy_v6.o)
    0x0800031c   0x00000006   Code   RO         3016    .text               c_w.l(heapauxi.o)
    0x08000322   0x00000002   PAD
    0x08000324   0x00000008   Code   RO         3052    .text               c_w.l(rt_heap_descriptor_intlibspace.o)
    0x0800032c   0x00000004   Code   RO         3054    .text               c_w.l(hguard.o)
    0x08000330   0x0000008a   Code   RO         3056    .text               c_w.l(init_alloc.o)
    0x080003ba   0x0000000e   Code   RO         3062    .text               c_w.l(h1_init.o)
    0x080003c8   0x0000004e   Code   RO         3064    .text               c_w.l(h1_free.o)
    0x08000416   0x00000064   Code   RO         3080    .text               c_w.l(rt_memcpy_w.o)
    0x0800047a   0x00000002   PAD
    0x0800047c   0x00000008   Code   RO         3142    .text               c_w.l(libspace.o)
    0x08000484   0x00000034   Code   RO         3164    .text               c_w.l(h1_extend.o)
    0x080004b8   0x0000000e   Code   RO         3168    .text               c_w.l(defsig_rtmem_outer.o)
    0x080004c6   0x00000002   Code   RO         3179    .text               c_w.l(use_no_semi.o)
    0x080004c8   0x00000000   Code   RO         3181    .text               c_w.l(indicate_semi.o)
    0x080004c8   0x0000004a   Code   RO         3182    .text               c_w.l(sys_stackheap_outer.o)
    0x08000512   0x0000000c   Code   RO         3188    .text               c_w.l(exit.o)
    0x0800051e   0x0000000a   Code   RO         3190    .text               c_w.l(defsig_exit.o)
    0x08000528   0x00000050   Code   RO         3192    .text               c_w.l(defsig_rtmem_inner.o)
    0x08000578   0x0000000c   Code   RO         3204    .text               c_w.l(sys_exit.o)
    0x08000584   0x00000032   Code   RO         3214    .text               c_w.l(defsig_general.o)
    0x080005b6   0x0000000e   Code   RO         3231    .text               c_w.l(sys_wrch.o)
    0x080005c4   0x00000016   Code   RO         1328    i.ADC_Cmd           stm32f10x_adc.o
    0x080005da   0x00000014   Code   RO         1336    i.ADC_GetCalibrationStatus  stm32f10x_adc.o
    0x080005ee   0x00000008   Code   RO         1337    i.ADC_GetConversionValue  stm32f10x_adc.o
    0x080005f6   0x00000012   Code   RO         1339    i.ADC_GetFlagStatus  stm32f10x_adc.o
    0x08000608   0x00000014   Code   RO         1342    i.ADC_GetResetCalibrationStatus  stm32f10x_adc.o
    0x0800061c   0x00000050   Code   RO         1346    i.ADC_Init          stm32f10x_adc.o
    0x0800066c   0x000000b8   Code   RO         1350    i.ADC_RegularChannelConfig  stm32f10x_adc.o
    0x08000724   0x0000000a   Code   RO         1351    i.ADC_ResetCalibration  stm32f10x_adc.o
    0x0800072e   0x00000016   Code   RO         1353    i.ADC_SoftwareStartConvCmd  stm32f10x_adc.o
    0x08000744   0x0000000a   Code   RO         1355    i.ADC_StartCalibration  stm32f10x_adc.o
    0x0800074e   0x00000002   PAD
    0x08000750   0x00000094   Code   RO          919    i.ADCx_Init         adc.o
    0x080007e4   0x00000004   Code   RO          523    i.BusFault_Handler  stm32f10x_it.o
    0x080007e8   0x00000002   Code   RO          524    i.DebugMon_Handler  stm32f10x_it.o
    0x080007ea   0x00000002   PAD
    0x080007ec   0x00000044   Code   RO          952    i.EXTI3_IRQHandler  exti.o
    0x08000830   0x00000044   Code   RO          953    i.EXTI4_IRQHandler  exti.o
    0x08000874   0x000000a4   Code   RO          954    i.EXTI9_5_IRQHandler  exti.o
    0x08000918   0x0000000c   Code   RO         1557    i.EXTI_ClearITPendingBit  stm32f10x_exti.o
    0x08000924   0x00000028   Code   RO         1561    i.EXTI_GetITStatus  stm32f10x_exti.o
    0x0800094c   0x00000094   Code   RO         1562    i.EXTI_Init         stm32f10x_exti.o
    0x080009e0   0x0000000c   Code   RO         1622    i.FLASH_ClearFlag   stm32f10x_flash.o
    0x080009ec   0x0000004c   Code   RO         1627    i.FLASH_ErasePage   stm32f10x_flash.o
    0x08000a38   0x00000034   Code   RO         1628    i.FLASH_GetBank1Status  stm32f10x_flash.o
    0x08000a6c   0x00000014   Code   RO         1637    i.FLASH_Lock        stm32f10x_flash.o
    0x08000a80   0x00000040   Code   RO         1640    i.FLASH_ProgramHalfWord  stm32f10x_flash.o
    0x08000ac0   0x00000018   Code   RO         1645    i.FLASH_Unlock      stm32f10x_flash.o
    0x08000ad8   0x00000026   Code   RO         1649    i.FLASH_WaitForLastOperation  stm32f10x_flash.o
    0x08000afe   0x00000002   PAD
    0x08000b00   0x00000040   Code   RO         1811    i.GPIO_EXTILineConfig  stm32f10x_gpio.o
    0x08000b40   0x00000116   Code   RO         1814    i.GPIO_Init         stm32f10x_gpio.o
    0x08000c56   0x00000002   PAD
    0x08000c58   0x00000060   Code   RO         1030    i.GPIO_Init1        led.o
    0x08000cb8   0x00000090   Code   RO         1816    i.GPIO_PinRemapConfig  stm32f10x_gpio.o
    0x08000d48   0x00000012   Code   RO         1818    i.GPIO_ReadInputDataBit  stm32f10x_gpio.o
    0x08000d5a   0x00000004   Code   RO         1821    i.GPIO_ResetBits    stm32f10x_gpio.o
    0x08000d5e   0x00000004   Code   RO         1822    i.GPIO_SetBits      stm32f10x_gpio.o
    0x08000d62   0x00000002   PAD
    0x08000d64   0x00000054   Code   RO          920    i.Get_ADC_Value     adc.o
    0x08000db8   0x0000017c   Code   RO          620    i.Get_Temputure     capture.o
    0x08000f34   0x00000068   Code   RO         1135    i.HYM8563_Init      timeread.o
    0x08000f9c   0x00000114   Code   RO         1136    i.HYM8563_Read_time  timeread.o
    0x080010b0   0x0000002e   Code   RO         1137    i.HYM8563_Write_OneByte  timeread.o
    0x080010de   0x00000002   PAD
    0x080010e0   0x000000e0   Code   RO         1138    i.HYM8563_Write_time  timeread.o
    0x080011c0   0x00000004   Code   RO          525    i.HardFault_Handler  stm32f10x_it.o
    0x080011c4   0x0000001c   Code   RO         1139    i.Hextobcd          timeread.o
    0x080011e0   0x0000002c   Code   RO         1140    i.IIC_Ack           timeread.o
    0x0800120c   0x0000002c   Code   RO         1141    i.IIC_NAck          timeread.o
    0x08001238   0x0000004c   Code   RO         1142    i.IIC_Read_Byte     timeread.o
    0x08001284   0x0000005c   Code   RO         1143    i.IIC_Send_Byte     timeread.o
    0x080012e0   0x0000002c   Code   RO         1144    i.IIC_Start         timeread.o
    0x0800130c   0x0000002c   Code   RO         1145    i.IIC_Stop          timeread.o
    0x08001338   0x00000040   Code   RO         1146    i.IIC_Wait_Ack      timeread.o
    0x08001378   0x0000002c   Code   RO         1000    i.KEY_Init          key.o
    0x080013a4   0x000003bc   Code   RO         1031    i.LED_Disp          led.o
    0x08001760   0x00000004   Code   RO          526    i.MemManage_Handler  stm32f10x_it.o
    0x08001764   0x000000e0   Code   RO          955    i.My_EXTI_Init      exti.o
    0x08001844   0x00000002   Code   RO          527    i.NMI_Handler       stm32f10x_it.o
    0x08001846   0x00000002   PAD
    0x08001848   0x00000070   Code   RO         1274    i.NVIC_Init         misc.o
    0x080018b8   0x00000014   Code   RO         1275    i.NVIC_PriorityGroupConfig  misc.o
    0x080018cc   0x00000002   Code   RO          528    i.PendSV_Handler    stm32f10x_it.o
    0x080018ce   0x00000002   PAD
    0x080018d0   0x00000018   Code   RO         1934    i.RCC_ADCCLKConfig  stm32f10x_rcc.o
    0x080018e8   0x00000020   Code   RO         1935    i.RCC_AHBPeriphClockCmd  stm32f10x_rcc.o
    0x08001908   0x00000020   Code   RO         1936    i.RCC_APB1PeriphClockCmd  stm32f10x_rcc.o
    0x08001928   0x00000020   Code   RO         1938    i.RCC_APB2PeriphClockCmd  stm32f10x_rcc.o
    0x08001948   0x00000026   Code   RO          770    i.RCC_Configuration  systick.o
    0x0800196e   0x00000002   PAD
    0x08001970   0x000000d4   Code   RO         1946    i.RCC_GetClocksFreq  stm32f10x_rcc.o
    0x08001a44   0x0000001c   Code   RO          883    i.Read_Flash        stm32_flash.o
    0x08001a60   0x00000024   Code   RO         1147    i.SCL_DATA_OUT      timeread.o
    0x08001a84   0x00000024   Code   RO         1148    i.SCL_OUT           timeread.o
    0x08001aa8   0x00000018   Code   RO         1149    i.SDA_DATA_IN       timeread.o
    0x08001ac0   0x00000024   Code   RO         1150    i.SDA_DATA_OUT      timeread.o
    0x08001ae4   0x00000024   Code   RO         1151    i.SDA_IN            timeread.o
    0x08001b08   0x00000024   Code   RO         1152    i.SDA_OUT           timeread.o
    0x08001b2c   0x00000002   Code   RO          529    i.SVC_Handler       stm32f10x_it.o
    0x08001b2e   0x00000008   Code   RO         2905    i.SetSysClock       system_stm32f10x.o
    0x08001b36   0x00000002   PAD
    0x08001b38   0x000000e0   Code   RO         2906    i.SetSysClockTo72   system_stm32f10x.o
    0x08001c18   0x00000028   Code   RO         1278    i.SysTick_CLKSourceConfig  misc.o
    0x08001c40   0x00000002   Code   RO          530    i.SysTick_Handler   stm32f10x_it.o
    0x08001c42   0x00000002   PAD
    0x08001c44   0x0000003c   Code   RO          771    i.SysTick_Init      systick.o
    0x08001c80   0x00000060   Code   RO         2908    i.SystemInit        system_stm32f10x.o
    0x08001ce0   0x0000003c   Code   RO          772    i.Systerm_Config    systick.o
    0x08001d1c   0x00000148   Code   RO         1094    i.TIM4_IRQHandler   time.o
    0x08001e64   0x00000068   Code   RO         1095    i.TIM4_Init         time.o
    0x08001ecc   0x00000006   Code   RO         2157    i.TIM_ClearITPendingBit  stm32f10x_tim.o
    0x08001ed2   0x00000018   Code   RO         2162    i.TIM_Cmd           stm32f10x_tim.o
    0x08001eea   0x00000022   Code   RO         2183    i.TIM_GetITStatus   stm32f10x_tim.o
    0x08001f0c   0x00000012   Code   RO         2187    i.TIM_ITConfig      stm32f10x_tim.o
    0x08001f1e   0x00000002   PAD
    0x08001f20   0x000000a4   Code   RO         2233    i.TIM_TimeBaseInit  stm32f10x_tim.o
    0x08001fc4   0x00000218   Code   RO          830    i.USART1_IRQHandler  usart.o
    0x080021dc   0x000000b0   Code   RO          831    i.USART1_Init       usart.o
    0x0800228c   0x00000012   Code   RO         2706    i.USART_ClearFlag   stm32f10x_usart.o
    0x0800229e   0x0000001e   Code   RO         2707    i.USART_ClearITPendingBit  stm32f10x_usart.o
    0x080022bc   0x00000018   Code   RO         2710    i.USART_Cmd         stm32f10x_usart.o
    0x080022d4   0x0000001a   Code   RO         2713    i.USART_GetFlagStatus  stm32f10x_usart.o
    0x080022ee   0x00000054   Code   RO         2714    i.USART_GetITStatus  stm32f10x_usart.o
    0x08002342   0x0000004a   Code   RO         2716    i.USART_ITConfig    stm32f10x_usart.o
    0x0800238c   0x000000d8   Code   RO         2717    i.USART_Init        stm32f10x_usart.o
    0x08002464   0x0000000a   Code   RO         2724    i.USART_ReceiveData  stm32f10x_usart.o
    0x0800246e   0x00000004   Code   RO          531    i.UsageFault_Handler  stm32f10x_it.o
    0x08002472   0x00000002   PAD
    0x08002474   0x00000070   Code   RO          884    i.Write_Flash       stm32_flash.o
    0x080024e4   0x000000cc   Code   RO          652    i.checkWork         mode_relay.o
    0x080025b0   0x000002f8   Code   RO            4    i.check_button      main.o
    0x080028a8   0x0000004c   Code   RO          773    i.delay_ms          systick.o
    0x080028f4   0x0000004c   Code   RO          774    i.delay_us          systick.o
    0x08002940   0x0000005c   Code   RO         1033    i.display           led.o
    0x0800299c   0x00000044   Code   RO         1034    i.display2          led.o
    0x080029e0   0x00000058   Code   RO         1035    i.getLedPinValueStruct  led.o
    0x08002a38   0x00000040   Code   RO         1036    i.indate            led.o
    0x08002a78   0x000008c0   Code   RO            5    i.main              main.o
    0x08003338   0x0000002a   Code   RO          236    i.mode1Led          led_ctrl.o
    0x08003362   0x00000002   PAD
    0x08003364   0x00000030   Code   RO          653    i.mode1Relay        mode_relay.o
    0x08003394   0x000001a0   Code   RO          237    i.mode2Led          led_ctrl.o
    0x08003534   0x000000d8   Code   RO          654    i.mode2Relay        mode_relay.o
    0x0800360c   0x000001c8   Code   RO          238    i.mode3Led          led_ctrl.o
    0x080037d4   0x000001f0   Code   RO          655    i.mode3Relay        mode_relay.o
    0x080039c4   0x000001a4   Code   RO          239    i.mode4Led          led_ctrl.o
    0x08003b68   0x000000d8   Code   RO          656    i.mode4Relay        mode_relay.o
    0x08003c40   0x00000128   Code   RO            6    i.mode_exchange     main.o
    0x08003d68   0x000000b8   Code   RO          399    i.setSysTimeHour    set_param.o
    0x08003e20   0x00000084   Code   RO          240    i.setSysTimeHourLed  led_ctrl.o
    0x08003ea4   0x000000b8   Code   RO          400    i.setSysTimeMinute  set_param.o
    0x08003f5c   0x00000084   Code   RO          241    i.setSysTimeMinuteLed  led_ctrl.o
    0x08003fe0   0x0000008c   Code   RO          242    i.setTempretureLed  led_ctrl.o
    0x0800406c   0x00000022   Code   RO          401    i.setTime1CloseHour  set_param.o
    0x0800408e   0x00000002   PAD
    0x08004090   0x000000d0   Code   RO          243    i.setTime1CloseHourLed  led_ctrl.o
    0x08004160   0x00000022   Code   RO          403    i.setTime1OpenHour  set_param.o
    0x08004182   0x00000002   PAD
    0x08004184   0x000000d0   Code   RO          245    i.setTime1OpenHourLed  led_ctrl.o
    0x08004254   0x00000028   Code   RO          405    i.setTime1Tempreture  set_param.o
    0x0800427c   0x000000cc   Code   RO          247    i.setTime1TempretureLed  led_ctrl.o
    0x08004348   0x00000022   Code   RO          406    i.setTime2CloseHour  set_param.o
    0x0800436a   0x00000002   PAD
    0x0800436c   0x000000d0   Code   RO          248    i.setTime2CloseHourLed  led_ctrl.o
    0x0800443c   0x00000022   Code   RO          408    i.setTime2OpenHour  set_param.o
    0x0800445e   0x00000002   PAD
    0x08004460   0x000000d0   Code   RO          250    i.setTime2OpenHourLed  led_ctrl.o
    0x08004530   0x0000001c   Code   RO          410    i.setTime2Tempreture  set_param.o
    0x0800454c   0x000000cc   Code   RO          252    i.setTime2TempretureLed  led_ctrl.o
    0x08004618   0x00000022   Code   RO          411    i.setTime3CloseHour  set_param.o
    0x0800463a   0x00000002   PAD
    0x0800463c   0x000000d0   Code   RO          253    i.setTime3CloseHourLed  led_ctrl.o
    0x0800470c   0x00000022   Code   RO          413    i.setTime3OpenHour  set_param.o
    0x0800472e   0x00000002   PAD
    0x08004730   0x000000d0   Code   RO          255    i.setTime3OpenHourLed  led_ctrl.o
    0x08004800   0x0000001c   Code   RO          415    i.setTime3Tempreture  set_param.o
    0x0800481c   0x000000cc   Code   RO          257    i.setTime3TempretureLed  led_ctrl.o
    0x080048e8   0x0000008c   Code   RO          258    i.setWatt           led_ctrl.o
    0x08004974   0x00000038   Code   RO            7    i.system_init       main.o
    0x080049ac   0x00000062   Code   RO         3020    x$fpl$d2f           fz_ws.l(d2f.o)
    0x08004a0e   0x00000002   PAD
    0x08004a10   0x00000150   Code   RO         3022    x$fpl$dadd          fz_ws.l(daddsub_clz.o)
    0x08004b60   0x000002b0   Code   RO         3029    x$fpl$ddiv          fz_ws.l(ddiv.o)
    0x08004e10   0x00000026   Code   RO         3032    x$fpl$dfltu         fz_ws.l(dflt_clz.o)
    0x08004e36   0x00000002   PAD
    0x08004e38   0x00000154   Code   RO         3038    x$fpl$dmul          fz_ws.l(dmul.o)
    0x08004f8c   0x0000009c   Code   RO         3129    x$fpl$dnaninf       fz_ws.l(dnaninf.o)
    0x08005028   0x0000000c   Code   RO         3131    x$fpl$dretinf       fz_ws.l(dretinf.o)
    0x08005034   0x00000016   Code   RO         3023    x$fpl$drsb          fz_ws.l(daddsub_clz.o)
    0x0800504a   0x00000002   PAD
    0x0800504c   0x000001d4   Code   RO         3024    x$fpl$dsub          fz_ws.l(daddsub_clz.o)
    0x08005220   0x00000056   Code   RO         3040    x$fpl$f2d           fz_ws.l(f2d.o)
    0x08005276   0x00000018   Code   RO         3133    x$fpl$fcmpinf       fz_ws.l(fcmpi.o)
    0x0800528e   0x00000002   PAD
    0x08005290   0x00000068   Code   RO         3042    x$fpl$fleqf         fz_ws.l(fleqf.o)
    0x080052f8   0x0000008c   Code   RO         3135    x$fpl$fnaninf       fz_ws.l(fnaninf.o)
    0x08005384   0x0000000a   Code   RO         3137    x$fpl$fretinf       fz_ws.l(fretinf.o)
    0x0800538e   0x00000062   Code   RO         3044    x$fpl$frleqf        fz_ws.l(frleqf.o)
    0x080053f0   0x00000000   Code   RO         3139    x$fpl$usenofp       fz_ws.l(usenofp.o)
    0x080053f0   0x0000009b   Data   RO          710    .conststring        wifi.o
    0x0800548b   0x00000001   PAD
    0x0800548c   0x00000020   Data   RO         3261    Region$$Table       anon$$obj.o


    Execution Region RW_IRAM1 (Base: 0x20000000, Size: 0x00004a48, Max: 0x00005000, ABSOLUTE, COMPRESSED[0x0000019c])

    Base Addr    Size         Type   Attr      Idx    E Section Name        Object

    0x20000000   0x00000024   Data   RW           12    .data               main.o
    0x20000024   0x00000006   Data   RW          221    .data               global.o
    0x2000002a   0x00000002   Data   RW          259    .data               led_ctrl.o
    0x2000002c   0x000001a4   Data   RW          622    .data               capture.o
    0x200001d0   0x00000005   Data   RW          657    .data               mode_relay.o
    0x200001d5   0x00000003   PAD
    0x200001d8   0x00000023   Data   RW          711    .data               wifi.o
    0x200001fb   0x00000001   PAD
    0x200001fc   0x00000004   Data   RW          775    .data               systick.o
    0x20000200   0x00000012   Data   RW          833    .data               usart.o
    0x20000212   0x00000002   PAD
    0x20000214   0x00000008   Data   RW          956    .data               exti.o
    0x2000021c   0x00000002   Data   RW         1001    .data               key.o
    0x2000021e   0x0000000a   Data   RW         1097    .data               time.o
    0x20000228   0x00000035   Data   RW         1155    .data               timeread.o
    0x2000025d   0x00000014   Data   RW         1966    .data               stm32f10x_rcc.o
    0x20000271   0x00000003   PAD
    0x20000274   0x00000106   Zero   RW           11    .bss                main.o
    0x2000037a   0x00000006   PAD
    0x20000380   0x00000051   Zero   RW          220    .bss                global.o
    0x200003d1   0x00000001   PAD
    0x200003d2   0x0000003c   Zero   RW          621    .bss                capture.o
    0x2000040e   0x00000200   Zero   RW          832    .bss                usart.o
    0x2000060e   0x000000c8   Zero   RW         1096    .bss                time.o
    0x200006d6   0x00000010   Zero   RW         1154    .bss                timeread.o
    0x200006e6   0x00000002   PAD
    0x200006e8   0x00000060   Zero   RW         3143    .bss                c_w.l(libspace.o)
    0x20000748   0x00003f00   Zero   RW         2896    HEAP                startup_stm32f10x_md.o
    0x20004648   0x00000400   Zero   RW         2895    STACK               startup_stm32f10x_md.o


==============================================================================

Image component sizes


      Code (inc. data)   RO Data    RW Data    ZI Data      Debug   Object Name

       232         12          0          0          0       1292   adc.o
       380         52          0        420         60       1504   capture.o
       524         50          0          8          0       2980   exti.o
         0          0          0          6         81       3786   global.o
        44          6          0          2          0        804   key.o
      1364         56          0          0          0       3905   led.o
      3738        196          0          2          0      11837   led_ctrl.o
      3352        284          0         36        262     277974   main.o
       172         22          0          0          0       2317   misc.o
      1180         90          0          5          0       4194   mode_relay.o
       668         32          0          0          0      10174   set_param.o
        64         26        236          0      17152        860   startup_stm32f10x_md.o
       140          4          0          0          0       8223   stm32_flash.o
       394         10          0          0          0       8561   stm32f10x_adc.o
       200         18          0          0          0       2352   stm32f10x_exti.o
       286         36          0          0          0       4244   stm32f10x_flash.o
       512         10          0          0          0       5484   stm32f10x_gpio.o
        26          0          0          0          0     206006   stm32f10x_it.o
       332         44          0         20          0       5893   stm32f10x_rcc.o
       246         42          0          0          0       3902   stm32f10x_tim.o
       482          6          0          0          0       7268   stm32f10x_usart.o
       328         28          0          0          0       2141   system_stm32f10x.o
       310         22          0          4          0       2850   systick.o
       432         70          0         10        200       2290   time.o
      1290         80          0         53         16      11012   timeread.o
       712         50          0         18        512       2494   usart.o
         0          0        155         35          0        721   wifi.o

    ----------------------------------------------------------------------
     17448       1246        424        628      18292     595068   Object Totals
         0          0         32          0          0          0   (incl. Generated)
        40          0          1          9          9          0   (incl. Padding)

    ----------------------------------------------------------------------

      Code (inc. data)   RO Data    RW Data    ZI Data      Debug   Library Member Name

        90          0          0          0          0          0   __dczerorl2.o
         8          0          0          0          0         68   __main.o
         0          0          0          0          0          0   __rtentry.o
        12          0          0          0          0          0   __rtentry2.o
         6          0          0          0          0          0   __rtentry4.o
        52          8          0          0          0          0   __scatter.o
        28          0          0          0          0          0   __scatter_zi.o
        10          0          0          0          0         68   defsig_exit.o
        50          0          0          0          0         88   defsig_general.o
        80         58          0          0          0         76   defsig_rtmem_inner.o
        14          0          0          0          0         80   defsig_rtmem_outer.o
        12          0          0          0          0         72   exit.o
        94          0          0          0          0         80   h1_alloc.o
        52          0          0          0          0         68   h1_extend.o
        78          0          0          0          0         80   h1_free.o
        14          0          0          0          0         84   h1_init.o
         6          0          0          0          0        152   heapauxi.o
         4          0          0          0          0        136   hguard.o
         0          0          0          0          0          0   indicate_semi.o
       138          0          0          0          0        168   init_alloc.o
         2          0          0          0          0          0   libinit.o
        10          0          0          0          0          0   libinit2.o
         2          0          0          0          0          0   libshutdown.o
         2          0          0          0          0          0   libshutdown2.o
         8          4          0          0         96         68   libspace.o
         0          0          0          0          0          0   maybetermalloc1.o
         8          4          0          0          0         68   rt_heap_descriptor_intlibspace.o
       138          0          0          0          0         68   rt_memcpy_v6.o
       100          0          0          0          0         80   rt_memcpy_w.o
         2          0          0          0          0          0   rtexit.o
        10          0          0          0          0          0   rtexit2.o
        36          0          0          0          0         80   strstr.o
        12          4          0          0          0         68   sys_exit.o
        74          0          0          0          0         80   sys_stackheap_outer.o
        14          0          0          0          0         76   sys_wrch.o
         2          0          0          0          0         68   use_no_semi.o
        98          4          0          0          0         92   d2f.o
       826         16          0          0          0        348   daddsub_clz.o
       688        140          0          0          0        208   ddiv.o
        38          0          0          0          0         68   dflt_clz.o
       340         12          0          0          0        104   dmul.o
       156          4          0          0          0         92   dnaninf.o
        12          0          0          0          0         68   dretinf.o
        86          4          0          0          0         84   f2d.o
        24          0          0          0          0         68   fcmpi.o
       104          4          0          0          0         84   fleqf.o
       140          4          0          0          0         84   fnaninf.o
        10          0          0          0          0         68   fretinf.o
        98          0          0          0          0         68   frleqf.o
         0          0          0          0          0          0   usenofp.o

    ----------------------------------------------------------------------
      3804        266          0          0         96       3312   Library Totals
        16          0          0          0          0          0   (incl. Padding)

    ----------------------------------------------------------------------

      Code (inc. data)   RO Data    RW Data    ZI Data      Debug   Library Name

      1168         78          0          0         96       1876   c_w.l
      2620        188          0          0          0       1436   fz_ws.l

    ----------------------------------------------------------------------
      3804        266          0          0         96       3312   Library Totals

    ----------------------------------------------------------------------

==============================================================================


      Code (inc. data)   RO Data    RW Data    ZI Data      Debug   

     21252       1512        424        628      18388     589588   Grand Totals
     21252       1512        424        412      18388     589588   ELF Image Totals (compressed)
     21252       1512        424        412          0          0   ROM Totals

==============================================================================

    Total RO  Size (Code + RO Data)                21676 (  21.17kB)
    Total RW  Size (RW Data + ZI Data)             19016 (  18.57kB)
    Total ROM Size (Code + RO Data + RW Data)      22088 (  21.57kB)

==============================================================================

